{  !! WOCONSTANIC
  leaves = {
    integer = 7;
    negative = -8;
    creation = ⬤;
    namedˍcreation = 'True;
    empty = {};
    constants = {a = 1; b = 2}
  };
  names = {plain = 1; myˍvar = 2; λ = 3; characterized = a'b'{v = 1}; 'k = 1};
  operatorsˍwritten = {  !! WOCONSTANIC
    sum = 7;
    unresolved = missingˍleft + missingˍright;  !! WOCONSTANIC
    divideˍbyˍzero = 1 / 0;  !! NK: DIV-BY-ZERO: division by zero
    nested = 7;
    unary = -8;
    comparison =$ {1; 2; 'True}
  };
  searchesˍwritten = {  !! WOCONSTANIC
    base = {a = 1; b = 5};
    hit = 1;
    regexˍhit = 1;
    anchoredˍmiss = base?missing;  !! NK: anchored search found no match
    unanchoredˍmiss = missing;  !! ECONSTANIC
    valueˍhit = 5;
    valueˍmiss = base?=8  !! NK: anchored search found no match
  };
  indexesˍwritten = {base = {a = 1; b = 2}; indexed =^ base; fromˍpostfix =$ base; fromˍattached =$ base};
  sfˍsff = {  !! WOCONSTANIC
    x = 1;
    sf = <x>;
    sff = <<x>>;  !! WOCONSTANIC
    operatorˍinterior = <<x + missing>>;  !! WOCONSTANIC
    nested = <<x + <<missing>>>>  !! WOCONSTANIC
  };
  substitution = {  !! WOCONSTANIC
    x = 1;
    sf = <x>;
    sff = <<x>>;  !! WOCONSTANIC
    x = 10;
    1;
    10
  };
  concatenation = {  !! WOCONSTANIC
    merged = {a = 1; b = 2; c = 3};
    f = 3;
    a = 2;
    nestedˍbrane = {  !! WOCONSTANIC
      f1 = 3;
      f2 = 2;
      f3 = notˍfound  !! ECONSTANIC
    };
    empty = {}
  };
  nk = {  !! NK: DIV-BY-ZERO: division by zero
    divide = 1 / 0;  !! NK: DIV-BY-ZERO: division by zero
    b = {a = 1};
    miss = b?nonexistent;  !! NK: anchored search found no match
    noˍno = ???;  !! NK: ??? literal
    notˍaˍbrane =$ 4  !! NK: 4 is not a brane
  };
  econstanic = {  !! WOCONSTANIC
    unfound = nowhere  !! ECONSTANIC
  };
  woconstanic = {  !! WOCONSTANIC
    sum = nowhere + absent  !! WOCONSTANIC
  };
  noˍstateˍtokens = {  !! WOCONSTANIC
    unfound = nowhere  !! ECONSTANIC
  };
  comments = {  !! WOCONSTANIC
    first = nowhere;  !! ECONSTANIC
    second = absent;  !! ECONSTANIC
    trailing = 1 / 0  !! NK: DIV-BY-ZERO: division by zero
  };
  width = {
    anˍunsplittableˍidentifierˍthatˍisˍdeliberatelyˍlongerˍthanˍtheˍnormalˍbudgetˍabcdefghijklmnopqrstuvwxyz = 1;
    alpha = 2;
    beta = 3;
    gamma = 4
  }
}
