---
source: foolish-ubca/src/ubca_snapshot_tester.rs
assertion_line: 34
---
INPUT:
```foolish
{x = ???; y = 42;}
```
[0] RESULT:
```hfssnap
{NK
  x=??? (??? literal);
  y=42
}
```
COMMENTS:
```markdown
alarm_unknown_literal_no_alarm
generated: 2026-07-02T02:21:22.819219228Z
```
SIGNATURES:
Public key: eb9604b1e50d6df60ea71cded2d51b4031b14e9d8911866fcfff4afb00075e65
Foolish signature: TWxC8DG6Gx0eWT7Z4KWilMIPpk4Hgumb6WHxv7AHeYQjVH0fUgbNfqIxn8pe3QWO8RYncpFzNkiB4KoX8WCiDw==
HFS signature: dHkORXNxEjtCj+y0Syd3bfEDSgFrvoPK1vk/8Rd0jSmOSC9tMQ+Vgkgpi9y7KsA4nK6ulYPphMcs2YbrYzNFBg==
Comments signature: ss8irwbQaa6ebUtKS4Trf9a1C426ary/7orqPJp5qmnHEmXTE79C0+rnC2RMjqlFCWq8iTiMdFnpWzjor9qbCw==
