---
source: foolish-ubca/src/ubca_snapshot_tester.rs
assertion_line: 34
---
INPUT:
```foolish
{my_var = 10; another_var = 20; result = my_var + another_var;}
```
[0] RESULT:
```hfssnap
{
  myˍvar=10;
  anotherˍvar=20;
  result=30
}
```
COMMENTS:
```markdown
brane_with_operations_and_underscores
generated: 2026-07-12T05:12:56.928275675Z
```
SIGNATURES:
Public key: eb9604b1e50d6df60ea71cded2d51b4031b14e9d8911866fcfff4afb00075e65
Foolish signature: fhBQ9453mnpCayIlujkHmdI7OIoMkwWG6aYM8JDeU6m9+RfvrOgLJXQNOHyXNq2A/VJmBg3KWRSoXt3kQ0YMCg==
HFS signature: KQmp5gwIWdRy47UOJtst14SiOsT2BM6ULeBmNH+I5ld6UkN12H5VIQYTUXTL1i3ivOqY2j1iBddevhWnwtEUAQ==
Comments signature: /iImpn3fr5sTxH92RFUF8Ljqa2bgPyHwud4qysiCJDQoABVatyD+J6cpb47SE3AblTzbZHHMGvaRP5TD7ElQDA==
