---
source: foolish-ubca/src/ubca_snapshot_tester.rs
assertion_line: 34
---
INPUT:
```foolish
{x=10; y=20; z=30; sum = x + y + z; avg = sum / 3;}
```
[0] RESULT:
```hfssnap
{
  x=10;
  y=20;
  z=30;
  sum=60;
  avg=20
}
```
COMMENTS:
```markdown
complex_brane_with_operations_and_search
generated: 2026-07-02T02:21:24.187222848Z
```
SIGNATURES:
Public key: eb9604b1e50d6df60ea71cded2d51b4031b14e9d8911866fcfff4afb00075e65
Foolish signature: +5A9oxWK2OYZOhPSwBUxPFosskAtZiDB3JGLk7GMRdni1vAWyJ9oKzUGwjKjPpem1+IS9BFYR5kwJqzcN1GrCA==
HFS signature: VpD34vfKfNonLmXLsBIhjTKqUiIJ1dSfJxdnNvcCjh9X3LjB5VU97OhePK6CkpXfzjDL3Fhnf/tRAIC0SRJyBg==
Comments signature: N6De6pwerTCv7Lrs8KmMP8k4r1QhXeRaFAfW/VTBISXzeXPa/ydnlYLgqWaaKXQ3El4dz7gLj8WXc6txj51RDA==
