---
source: foolish-ubca/src/ubca_snapshot_tester.rs
assertion_line: 34
---
INPUT:
```foolish
{a=1, b=2; inner = {c = <<a+b>>; c}; inner;}
```
[0] RESULT:
```hfssnap
{WOCONSTANIC
  a=1;
  b=2;
  inner={WOCONSTANIC
      c=<<WOCONSTANIC
          Op+(?(pattern='^a$', UNANCHORED, ECONSTANIC), ?(pattern='^b$', UNANCHORED, ECONSTANIC), WOCONSTANIC)
      >>;
      3
  };
  {
    c=3;
    3
  }
}
```
COMMENTS:
```markdown
complex_sff_in_nested_brane
generated: 2026-07-02T02:21:25.217829196Z
```
SIGNATURES:
Public key: eb9604b1e50d6df60ea71cded2d51b4031b14e9d8911866fcfff4afb00075e65
Foolish signature: VuizlApXjDI7q40WB2eo9PN8xYKXPIQhth7PZhyXqvETWS1hVO0agpqBkULW8WY7FzH0/okQJP5I7+4413FlCg==
HFS signature: EaZMpvxte/uZXYa9vgGwIKCMqSECqnZZp+wjL7D6XyXxcAEwIDQgD0DjbCgqXQbNjmlHc2IN88X16kKciqNTAg==
Comments signature: A9Lzg/JtoN0xAWU19wldKGyhqBnXkNklnI41GqXK91uKeJntILWecmrTnmK72Bj1N6a6Wq6ZkPUXo/YUHv6SDg==
