---
source: foolish-ubca/src/ubca_snapshot_tester.rs
assertion_line: 34
---
INPUT:
```foolish
{c = {a=1, b=2, c=3}{e=4, f=5, g=6};}
```
[0] RESULT:
```hfssnap
{
  c={
      a=1;
      b=2;
      c=3;
      e=4;
      f=5;
      g=6
  }
}
```
COMMENTS:
```markdown
concatenation_inline_branes
generated: 2026-07-11T21:10:27.901159438Z
```
SIGNATURES:
Public key: eb9604b1e50d6df60ea71cded2d51b4031b14e9d8911866fcfff4afb00075e65
Foolish signature: 5MPq/r8vt/Ij/SyExz26xWP+eMR42ajqMqydWcXWOPzSs6jz1QxeADVncMqJ4OHbqk+zLRtf0b1cByhonjktAg==
HFS signature: voAbKTt9Fqd/jww5PjWwr1e1NxO48JdIqgJ6MaR/HJXN3MrxlCrDOf5sPvyZvtWkoTJRAsn5N5Z+AG+q57BpBw==
Comments signature: ChytGTJ6kX3KIkUBgXwHw7waXRLyFSv9kKc4BQHymIrHQCcgtiSBUrUMRqHJF8ny0NN2+NCsYTb/aKJ/27uCAg==
