---
source: foolish-ubca/src/ubca_snapshot_tester.rs
assertion_line: 34
---
INPUT:
```foolish
{b1={a=1, b=2, c=3}; b2={e=4, f=5, g=6}; c = b1 b2;}
```
[0] RESULT:
```hfssnap
{
  b1={
      a=1;
      b=2;
      c=3
  };
  b2={
      e=4;
      f=5;
      g=6
  };
  c={
      a=1;
      b=2;
      c=3;
      e=4;
      f=5;
      g=6
  }
}
```
COMMENTS:
```markdown
concatenation_references
generated: 2026-07-02T02:21:26.164893584Z
```
SIGNATURES:
Public key: eb9604b1e50d6df60ea71cded2d51b4031b14e9d8911866fcfff4afb00075e65
Foolish signature: +3nQItlbFWscU3ZY2dAYOnLKZHev9MvYRb2LdQp+ohZ2+DZ+DjBPdNHtW2gVtcrpLOWBNLoWv6gU/jiWiNqYAA==
HFS signature: 2WtfO9l+dkQSbhRNMFO9JmmgHvUIOGmbuuBfXo1w8mfWvv9KxK3TzAjUqE/752FUMkMT8ew+b9mblKqxs721Cg==
Comments signature: 6v8/Bt7a6WkJLixq+US6VnAeT8V1ytGr6dnXRPVg4yzc9q9ALuinjgb6d3su84uI7RtELjV1ffyhY4GPtNZdBQ==
