---
source: foolish-ubca/src/ubca_snapshot_tester.rs
assertion_line: 34
---
INPUT:
```foolish
{
	p = 100;
	shadow = 111;
	orig = {shadow=1, keep=shadow, late=zz};
	cb = {shadow=2, zz=9} orig {from_join=shadow, from_parent=p} <{prepared=shadow, prepared_p=p}>

   extended = <{grab_p = p, grab_shadow=shadow}>  {x=cb.shadow} {y=<grab_shadow>} {z=<<grab_shadow>>} <{grab_p_ao = p+1, grab_shadow_ao=shadow+1}> {g1=grab_p_ao, g2=<grab_p_ao>, g3=<<grab_p_ao>>}
}
```
[0] RESULT:
```hfssnap
{WOCONSTANIC
  p=100;
  shadow=111;
  orig={WOCONSTANIC
      shadow=1;
      keep=1;
      late=?(pattern='^zz$', UNANCHORED, ECONSTANIC)
  };
  cb={
      shadow=2;
      zz=9;
      shadow=1;
      keep=1;
      late=9;
      fromˍjoin=1;
      fromˍparent=100;
      prepared=111;
      preparedˍp=100
  };
  extended={
      grabˍp=100;
      grabˍshadow=111;
      x=1;
      y=?(result=111, pattern='^shadow$', UNANCHORED);
      z=?(result=111, pattern='^shadow$', UNANCHORED);
      grabˍpˍao=101;
      grabˍshadowˍao=112;
      g1=101;
      g2=101;
      g3=101
  }
}
```
COMMENTS:
```markdown
concat_brane_nested_shadowed_resolution
generated: 2026-07-11T00:58:15.865294032Z
```
SIGNATURES:
Public key: eb9604b1e50d6df60ea71cded2d51b4031b14e9d8911866fcfff4afb00075e65
Foolish signature: RdAHu7rrDp3570KK4gd/oSytN0aEdRiJrClXi8VD1uaE0rRdoGVqiB00QGgSzdm6u1tKGbd01n+9XBO8vl3wAA==
HFS signature: 9hVfI3ekyS5YTW3cfGm98csgoCGjDtVoDmdPy4CJKwNEZ/Wo2mERTWQSvb3SjAdIUBDSYvpxkAQRcX/FthMNBQ==
Comments signature: cVDLkpb8ZUluc/wsRaZEmlV9NaOLV/qaS3/iif6rkKfE9FVIab/Hrfr9nIC7USDRY3Kys7FDy9i39SVLonIiBg==
