---
source: foolish-ubca/src/ubca_snapshot_tester.rs
assertion_line: 34
---
INPUT:
```foolish
{
	flat = {a=1} {b=2} {c=3} {d=4} {e=5};
	deep = { {f=6} {g=7} } { {h=8} { {i=9} {j=10} } } {k=11}
   front = {x=1,y=2} flat;
   back = flat {x=-1,y=-2};
   back = front {middle=0} back
   search=back.x;
   bk_search=back~x;
   fail_search=back?nada;
}
```
[0] RESULT:
```hfssnap
{NK
  flat={
      a=1;
      b=2;
      c=3;
      d=4;
      e=5
  };
  deep={
      {
        f=6;
        g=7
      };
      {
        h=8;
        {
          i=9;
          j=10
        }
      };
      k=11
  };
  front={
      x=1;
      y=2;
      a=1;
      b=2;
      c=3;
      d=4;
      e=5
  };
  back={
      a=1;
      b=2;
      c=3;
      d=4;
      e=5;
      x=-1;
      y=-2
  };
  back={
      x=1;
      y=2;
      a=1;
      b=2;
      c=3;
      d=4;
      e=5;
      middle=0;
      a=1;
      b=2;
      c=3;
      d=4;
      e=5;
      x=-1;
      y=-2
  };
  search=-1;
  bkˍsearch=1;
  failˍsearch=?(pattern='nada', ANCHORED, NK)
}
```
COMMENTS:
```markdown
concat_brane_foolish_concatenations
generated: 2026-07-07T20:25:45.285080401Z
```
SIGNATURES:
Public key: dc5f586cda43023e707697692c78032300a24b1b813cbf1ccb770080d1a7b683
Foolish signature: qJlQw/XzZa8EM3h/2aAkuCMbF1qpIWiIr4j2fOCrTDXk9Tn+dFOoATDY8qP33UrUFIXzaPQdnf439GuClm19Cg==
HFS signature: c5z3FkwJypE8qv8u0TcGbMlOM4JH5++U37F08xIAPyw6GqxAY7Oy+lzj/MNtV/w02NhFegQd0Mm+/u/AwjE8DA==
Comments signature: ClRSfnzmt7gzTMGAB0++q8+b7xBHSwlabEgTD5rBvEwT+QEzw4fia2tG1wfg3ojCkpNc6TYIuB8bFojIX3PXBg==
