---
source: foolish-ubca/src/ubca_snapshot_tester.rs
assertion_line: 34
---
INPUT:
```foolish
{
  a=1;
  b=2;
  c=3;
  x=-10;
  y=-20;
  z=-30;

  f1 = {
     b = <<x+y>> + <<a>> + <b + c>;
     a = <x+y> + a + b;
  }

  f2 = {
     b= <<x+z>> + <a + <<b>> + <c> >;
  }

  f3 = {
     c= <a + <<b + <x + y + z> >> + <c> >;
  }

  o = f1 <f2> <<f3>>;

  oo = o$;
}
```
[0] RESULT:
```hfssnap
{WOCONSTANIC
  a=1;
  b=2;
  c=3;
  x=-10;
  y=-20;
  z=-30;
  f1={WOCONSTANIC
      b=Op+(
          Op+(
            <<WOCONSTANIC
              Op+(?(pattern='^x$', UNANCHORED, ECONSTANIC), ?(pattern='^y$', UNANCHORED, ECONSTANIC), WOCONSTANIC)
            >>,
            <<WOCONSTANIC
              ?(pattern='^a$', UNANCHORED)
            >>,
            WOCONSTANIC
          ),
          5,
          WOCONSTANIC
      );
      a=-53
  };
  f2={WOCONSTANIC
      b=Op+(
          <<WOCONSTANIC
            Op+(?(pattern='^x$', UNANCHORED, ECONSTANIC), ?(pattern='^z$', UNANCHORED, ECONSTANIC), WOCONSTANIC)
          >>,
          <WOCONSTANIC
            Op+(
              Op+(
                ?(result=1, pattern='^a$', UNANCHORED),
                <<WOCONSTANIC
                  ?(pattern='^b$', UNANCHORED)
                >>,
                WOCONSTANIC
              ),
              ?(result=3, pattern='^c$', UNANCHORED),
              WOCONSTANIC
            )
          >,
          WOCONSTANIC
      )
  };
  f3={WOCONSTANIC
      c=<WOCONSTANIC
          Op+(
            Op+(
              ?(result=1, pattern='^a$', UNANCHORED),
              <<WOCONSTANIC
                Op+(
                  ?(pattern='^b$', UNANCHORED, ECONSTANIC),
                  <WOCONSTANIC
                    Op+(
                      Op+(?(pattern='^x$', UNANCHORED, ECONSTANIC), ?(pattern='^y$', UNANCHORED, ECONSTANIC), WOCONSTANIC),
                      ?(pattern='^z$', UNANCHORED, ECONSTANIC),
                      WOCONSTANIC
                    )
                  >,
                  WOCONSTANIC
                )
              >>,
              WOCONSTANIC
            ),
            ?(result=3, pattern='^c$', UNANCHORED),
            WOCONSTANIC
          )
      >
  };
  o={}; !!(@agetns, that's still not hte right answer brane is toos hort)
  oo=-54
}
```
COMMENTS:
```markdown
concat_sf_f_more
generated: 2026-07-11T22:07:35.342632148Z
```
SIGNATURES:
Public key: eb9604b1e50d6df60ea71cded2d51b4031b14e9d8911866fcfff4afb00075e65
Foolish signature: V3Vm6Zg0EgiU+vzNM2mVAVChaH751VnATKW95QMdLmQ6oUw1s/R8QZpPJlAPrYSNYhQFy8m5RqC8BHLz/DBBDw==
HFS signature: CImV+IFKtixeuvjUPKMqTo8ke7gs1DLud5tCVSIy6kN6QXpI4T1e7RIHMSKs/OL1sqWGUYcgBUSEIa6ZvMZYCw==
Comments signature: Bx5l1Cshnj9+zpv83bEB+GYZ/a9bS02kbMzEFkJ4qvCaW0BWQDQpH1ePC1+X20c2lJg5qJrwHB3fetPcx9JMCg==
