---
source: foolish-ubca/src/ubca_snapshot_tester.rs
assertion_line: 34
---
INPUT:
```foolish
{a = {x=ref}; b = {y=2}; c = a b;}
```
[0] RESULT:
```hfssnap
{WOCONSTANIC
  a={WOCONSTANIC
      x=?(pattern='^ref$', UNANCHORED, ECONSTANIC)
  };
  b={
      y=2
  };
  c={WOCONSTANIC
      x=?(pattern='^ref$', UNANCHORED, ECONSTANIC);
      y=2
  }
}
```
COMMENTS:
```markdown
concatenation_with_unresolved_search
generated: 2026-07-02T02:21:26.655496207Z
```
SIGNATURES:
Public key: eb9604b1e50d6df60ea71cded2d51b4031b14e9d8911866fcfff4afb00075e65
Foolish signature: ZGDJZ8vDbRnpJ5aoTBB6OrwINtBivRJQWMHe+D4wgahPL5/G8/OKn+dtB9vke2HVa4zJQ5JSB8Os9YdvXmMXCQ==
HFS signature: LjZ3mSQSJuXrFjJo/vVr+udJHcmar+01qXO/bdzvljJ37vYDhT3dXkMVKakYf1hMqvnHhnOvxohZFNkJhgnVBw==
Comments signature: 5Nxegjls1BB9l813igV6S4vYRMuJqmKsgkAq52ZdMSYx51G9wIEQ2m0yCl6FzpKiloxErJQehfp4dKAspxX1CQ==
