---
source: foolish-ubca/src/ubca_snapshot_tester.rs
assertion_line: 34
---
INPUT:
```foolish
{a = {x=1}; b = {y=2}; c = a b;}
```
[0] RESULT:
```hfssnap
{
  a={
      x=1
  };
  b={
      y=2
  };
  c={
      x=1;
      y=2
  }
}
```
COMMENTS:
```markdown
concatenation_with_single_element
generated: 2026-07-11T21:10:28.173585187Z
```
SIGNATURES:
Public key: eb9604b1e50d6df60ea71cded2d51b4031b14e9d8911866fcfff4afb00075e65
Foolish signature: tps4iz5NKwo8a0Kw7FSD1dCywwTeAcIVJhCw+zOm/UYZW8SpNYBX/bZuf1zzJw3vDlefyLvBDNBe+wgz4HXGDg==
HFS signature: r9Q2EZ5eI2fBdCHvH8CeEKbeohVQzKhbLKQltdIr3uKoc34rX0GhphKnAhduIMyvgFoQNAchLozgK88qw6CrDA==
Comments signature: Imk5dJQIrdORu3U/vxdDN+ZuiRSs1SABRZYfzvSFyVOt1275qCiwCEVzy0OwZzk/8XIvlnYWiF+ih2lE2seuBw==
