---
source: foolish-ubca/src/ubca_snapshot_tester.rs
assertion_line: 34
---
INPUT:
```foolish
{
	b1 = {a=1, b=2};
	named_lit = b1 {c = a + b};
	lit_lit   = {x=1, y=2} {z = x + y};
	with_empty = {} {p=1} {};
	twice = b1 b1;
	twice_twice = twice twice;
   mixed_resolve = {source = b1} {
     field1=source.a,
     field2=source.b,
     field3=huh,
     field4=named_lit.e;
     field4=with_empty.p;
   }
}
```
[0] RESULT:
```hfssnap
{WOCONSTANIC
  b1={
      a=1;
      b=2
  };
  namedˍlit={
      a=1;
      b=2;
      c=3
  };
  litˍlit={
      x=1;
      y=2;
      z=3
  };
  withˍempty={
      p=1
  };
  twice={
      a=1;
      b=2;
      a=1;
      b=2
  };
  twiceˍtwice={
      a=1;
      b=2;
      a=1;
      b=2;
      a=1;
      b=2;
      a=1;
      b=2
  };
  mixedˍresolve={WOCONSTANIC
      source={
          a=1;
          b=2
      };
      field1=1;
      field2=2;
      field3=?(pattern='^huh$', UNANCHORED, ECONSTANIC);
      field4=?(pattern='^e$', ANCHORED, NK);
      field4=1
  }
}
```
COMMENTS:
```markdown
concat_brane_test_basic
generated: 2026-07-11T22:07:35.236976087Z
```
SIGNATURES:
Public key: eb9604b1e50d6df60ea71cded2d51b4031b14e9d8911866fcfff4afb00075e65
Foolish signature: z8RBZoFNcCqhv1jb36OsZfJ4svPPhgG0HC7AgeFgBQbSvDUGLiio4F/LHhQpLvYZUis6UlChuLX/fMF5+UXeAw==
HFS signature: Z3CeTTSJT2I3J3OVB7wSQvjLkVrAle4uKQaE17VXrNR0d74PofBZ5F0+3ynjFPVX3Se6Xgq+zls3bDaQ/26eBA==
Comments signature: ie11/85v4nZb6jp79VkhTw+EFc9v+S2JfYlC4KKWThLdJWXjdFX3rb/LkLCH+szqnuE0Kft5uNaJHQ3vdhdRCA==
