---
source: foolish-ubca/src/ubca_snapshot_tester.rs
assertion_line: 34
---
INPUT:
```foolish
{
	recipe = {
		steps = {
			prep_var = 7;
			step_1 = 40;
			bake = 9;
		};
	};
	stage = recipe.steps~step_1;
	self = recipe.steps~step_1&#0;
	after = recipe.steps~step_1&#1;
	oob = recipe.steps~step_1&#5;
}
```
[0] RESULT:
```hfssnap
{NK
  recipe={
      steps={
          prepˍvar=7;
          stepˍ1=40;
          bake=9
      }
  };
  stage=40;
  self=40;
  after=9;
  oob=#(offset=5, ANCHORED, NK)
}
```
COMMENTS:
```markdown
contexted_index
generated: 2026-07-12T05:13:00.297939379Z
```
SIGNATURES:
Public key: eb9604b1e50d6df60ea71cded2d51b4031b14e9d8911866fcfff4afb00075e65
Foolish signature: hqyMu5ZV37jHEtP8cbZALYq1bgDPu9uKojgfLVUIlcl5I/egFvfwba0MLPOupX+Py6wi3VDdd9jSutDGQSTVBQ==
HFS signature: 0Z9OE51pdV+59Bq0tG7F8ivHi7X1zwEqAOzWbnl5KixUQDb/5AdGdAtVCuz3dF61n0poOZV1sFFonuemsSQeCw==
Comments signature: 6Yvi6vDkQrf92gRrPsvoTlKQ0Ls5tfy8fzwb4gxQb64E9ZXGWJxkSs4zcrSHq23rVRsiiRFf4n9qsJjXYWDgBg==
