---
source: foolish-ubca/src/ubca_snapshot_tester.rs
assertion_line: 34
---
INPUT:
```foolish
{brane = {1; 2; 3}; val = brane^; last = brane$;}
```
[0] RESULT:
```hfssnap
{
  brane={
      1;
      2;
      3
  };
  val=1;
  last=3
}
```
COMMENTS:
```markdown
head_tail_on_named_brane
generated: 2026-07-02T02:21:28.320579305Z
```
SIGNATURES:
Public key: eb9604b1e50d6df60ea71cded2d51b4031b14e9d8911866fcfff4afb00075e65
Foolish signature: OuxUYK9howDR4q28rMd+wzfnH5o79r45NTl9+6dU0+Qe1IHqALbSBy5eR0bsNG9MD03vZDRwYUwaeP/rofITDg==
HFS signature: qg7JVmmzKTbdW/J8fTiFvYuXuRdKAI1eWD050db+uRb8DteeeUJcU8ffvIB+U8s0qxwxVDwvyR3qyyTwuhs6Bg==
Comments signature: TOVAxthuuH1ONZKetBq24WI2wjFzrrIfaX5LYbunbmWybVwCzK8OWnGhUyOGuIV93V+h1Y/c2rKcqFV1oqTsCQ==
