---
source: foolish-ubca/src/ubca_snapshot_tester.rs
assertion_line: 34
---
INPUT:
```foolish
{a = {1; 2; 3}; b = {x = {10; 20; 30}}; c = {d = {e = {42}}};}
```
[0] RESULT:
```hfssnap
{
  a={
      1;
      2;
      3
  };
  b={
      x={
          10;
          20;
          30
      }
  };
  c={
      d={
          e={
              42
          }
      }
  }
}
```
COMMENTS:
```markdown
hs_brane_indentation
generated: 2026-07-02T02:21:28.726378169Z
```
SIGNATURES:
Public key: eb9604b1e50d6df60ea71cded2d51b4031b14e9d8911866fcfff4afb00075e65
Foolish signature: fjJOtgw/LBKyOXgTHKG/5nEnIp7SU5+TXhJ7fxchgcgTcsDVcDqbpFt1n0hVHfD41+wr0SiHGSCIsugwL+saBg==
HFS signature: B7GI7oGSznLHRcTevbZdf+47XUlk8D1gPGcKscYDfUFznTFNSdTB0gaL9yIxxKxxKCySJdh7eSX0JzdxRoCYDQ==
Comments signature: Ar2mMjpiHrdNKYAcYsRYIB+aKn5u1LYEdRSVhJse+ETFwSr5RXkPzWpWkzFC3FIdVPWnVflaFiiIhWCdV0r5Dg==
