---
source: foolish-ubca/src/ubca_snapshot_tester.rs
assertion_line: 34
---
INPUT:
```foolish
{
  f1 = { f1 }
  stuck = f1;
}
```
[0] RESULT:
```hfssnap
{NK(ITERATION-EXCEEDED, Iteration exceeded 9999)
  f1={WOCONSTANIC
      ?(pattern='^f1$', UNANCHORED, ECONSTANIC)
  };
  stuck=?(pattern='^f1$', UNANCHORED, BRANING)
}
```
COMMENTS:
```markdown
infinite_loop
generated: 2026-07-06T17:03:51.096253405Z
```
SIGNATURES:
Public key: eb9604b1e50d6df60ea71cded2d51b4031b14e9d8911866fcfff4afb00075e65
Foolish signature: 4HiCD/00Uaa9+CvoVKI2/++TxZlNkRPrtzpaFDzH0GdH7LaZ7yf5Ar8EO8WGtvhtycqtzaPsOcLsZEZ0Thg3CQ==
HFS signature: Om9wmf1Qv7JhIsh9xsMlCOygTx1sGIhbN2ycxxhH1hG7PVWEitzr4I4xy6yrSbu5PVvvskDC4Okh2o6Z8Ud4Dg==
Comments signature: wMyJjA5PFMln1DR3cCsiu9f6by3sWIroiL2r/CQIha0X1+pvPGJhgBcaeyw93/Y/v9eBQ0X4HBtYhgvvTlQfCw==
