---
source: foolish-ubca/src/ubca_snapshot_tester.rs
assertion_line: 34
---
INPUT:
```foolish
{x = 10; myname'{val = x};}
```
[0] RESULT:
```hfssnap
{
  x=10;
  myname'{
    val=10
  }
}
```
COMMENTS:
```markdown
named_brane_basic
generated: 2026-07-02T02:21:30.246551423Z
```
SIGNATURES:
Public key: eb9604b1e50d6df60ea71cded2d51b4031b14e9d8911866fcfff4afb00075e65
Foolish signature: kX2bnr6zsnITqQZRLfVuqZxtAHmNf/bISN26TqGsdGWoLyBBwhhTlEdyH29WUgLoSJTkF0To+Mj91GjLsLwBAA==
HFS signature: 41s2NQFJPJf+UJPJdFsqc1PuAQkUMwu2GztOR2hBU6XIFcc3+UCqheFUASqmVNm5xzZqYDGOJdvU0GsT/rVMBQ==
Comments signature: +ZfCasMmelQXZzqihXx7gx+HAuDtVMRCsQGEA54LP3VPl271Yvd4ooX3DF5zYseogsjU5UDLXZWx6GA+UqnKCw==
