---
source: foolish-ubca/src/ubca_snapshot_tester.rs
assertion_line: 34
---
INPUT:
```foolish
{5; {10; 15}; 20;}
```
[0] RESULT:
```hfssnap
{
  5;
  {
    10;
    15
  };
  20
}
```
COMMENTS:
```markdown
nested_branes
generated: 2026-07-02T02:21:30.854178224Z
```
SIGNATURES:
Public key: eb9604b1e50d6df60ea71cded2d51b4031b14e9d8911866fcfff4afb00075e65
Foolish signature: 82WsnTyB5zAZvDTSgx2eanop18K++KArOQAAn3VP7JrWlCj8X9Fk3FlDx4yYsjA/uAlafjUPleyx+Nao62qtAA==
HFS signature: wndm0/Fh6iwNtPxZu1VgubCfeunE9cPYVstMGAkhYdbPe+1Iv6rF+PjpitQuSIG4laABXK0M9G0ZhFVyc2NHBA==
Comments signature: lpfPTNPM8tsTyNnYnRnfGVbCxkQBWjqilFMLndfdlHgnwlzC37zm6+7EOgCFjhZYi3O6ZqeQXDthbBq4GmqkBw==
