---
source: foolish-ubca/src/ubca_snapshot_tester.rs
assertion_line: 34
---
INPUT:
```foolish
{2 + 3; {4 * 5; {6 - 1}; 7 + 8}; 9 / 3;}
```
[0] RESULT:
```hfssnap
{
  5;
  {
    20;
    {
      5
    };
    15
  };
  3
}
```
COMMENTS:
```markdown
nested_branes_with_arithmetic
generated: 2026-07-02T02:21:30.951579582Z
```
SIGNATURES:
Public key: eb9604b1e50d6df60ea71cded2d51b4031b14e9d8911866fcfff4afb00075e65
Foolish signature: riA+xQwOIE0OihA0XOMUljRbJJIH9IOd7Yhn6zI44oLtVXNSin0hYucDuhw0C6ZIX+ln0g420wytIkeLWkeeBg==
HFS signature: FWJAC+R5jd7drNr1WgN9y2RG1WBz9I7LBy17a8ttXfxEy1s0UlO3AxL3cPZmVO4AA11Z4faNolO/hbdleeD7Bw==
Comments signature: xM40XdXudVEEfAbG0L1xzzn0og03UxCOTmUsD2W7MKbrxcQOagEajy7/oGTlJg7FzRwfOP/U+OUIHktSbnW5DA==
