---
source: foolish-ubca/src/ubca_snapshot_tester.rs
assertion_line: 34
---
INPUT:
```foolish
{b = {a1 = 1; a2 = 2; a3 = 3}; r = b?a.*;}
```
[0] RESULT:
```hfssnap
{
  b={
      a1=1;
      a2=2;
      a3=3
  };
  r=3
}
```
COMMENTS:
```markdown
search_with_multiple_matches
generated: 2026-07-02T02:21:33.771558068Z
```
SIGNATURES:
Public key: eb9604b1e50d6df60ea71cded2d51b4031b14e9d8911866fcfff4afb00075e65
Foolish signature: ad2bndgbExiKZIQC4xtMMan1gBVU+Wqaq3b8r1tKgcMXFcdw06lmP6Bmalvem1YK2F8+SlZRH1bgjemxEjJpAg==
HFS signature: 7luRGDlH4Gnf0wfEuco5+IDMA+AfyQXermwbm0HoH9cA6RW9qBOuIu1rVxi6oWfUIWmFnlw4SSZMr3T9KpmDDA==
Comments signature: oeZBojpMU3sZOLAwls3YCT1rGDOI92m8/dVDhVtr/2YnRTbeqUMtIa4F1gHkfO0HrQycjWrvNpMm489aGzaYCw==
