---
source: foolish-ubca/src/ubca_snapshot_tester.rs
assertion_line: 34
---
INPUT:
```foolish
{a = 1; b = 2; inner = {x = #-1}; c = #-1;}
```
[0] RESULT:
```hfssnap
{NK
  a=1;
  b=2;
  inner={NK
      x=#(offset=-1, UNANCHORED, NK)
  };
  c={NK
      x=#(offset=-1, UNANCHORED, NK)
  }
}
```
COMMENTS:
```markdown
seek_across_nested_brane_boundary
generated: 2026-07-02T02:21:33.878546543Z
```
SIGNATURES:
Public key: eb9604b1e50d6df60ea71cded2d51b4031b14e9d8911866fcfff4afb00075e65
Foolish signature: EpOfTvwQB+yI1afTBgb/MSsm3rGtO29TPp0+nA4twYHCCKG+3Pqo0+AvKY53CCiX6It//BbUN2d0qHwklB+3Bg==
HFS signature: qUX/JUvteWzD3fAYqZ9A0IfZB2BnxBgMdjIT1slWTvoUv6xNxs0eh0cqUubbJ2jCMliafj68MOd1GvzNIU9WAw==
Comments signature: oWFY2R+Jg0yhBYDuM1+7xieRAAqsBTk/sixjWnpfRrlrUx8/Dz1SdKkrFZjt/yWFoRgGJUF9VDPPKuz2rLImBA==
