---
source: foolish-ubca/src/ubca_snapshot_tester.rs
assertion_line: 34
---
INPUT:
```foolish
{a=1,b=2; c=<<a+<<b>>>>; c; c;}
```
[0] RESULT:
```hfssnap
{WOCONSTANIC
  a=1;
  b=2;
  c=<<WOCONSTANIC
      Op+(
        ?(pattern='^a$', UNANCHORED, ECONSTANIC),
        <<WOCONSTANIC
          ?(pattern='^b$', UNANCHORED)
        >>,
        WOCONSTANIC
      )
  >>;
  3;
  3
}
```
COMMENTS:
```markdown
sff_nested
generated: 2026-07-12T05:13:09.090275753Z
```
SIGNATURES:
Public key: eb9604b1e50d6df60ea71cded2d51b4031b14e9d8911866fcfff4afb00075e65
Foolish signature: Y6Z2MpkKisEYguRMh6Y5timXHntVEjCkP8iWkhfwYGLT//OoE2ir0rzZ1LL+AVro4xHZYaEwaute2NuWuWPxCw==
HFS signature: C5S1TYWvu0Bcg8n0+RVjDEGuu6Uj8lN5HR2vyKW42Z/ErAWUU3C6TwDUaSizW0vJM1seItW9lxciSLPx/WHKCw==
Comments signature: n2SVCU++3z0rhRKWaMliLRhQuhPPaSBFjREgKLi5kYxiP3XsVbhL4QYCul7Kwp54N1MDvCnXbNF2J8HWD41JAA==
