---
source: foolish-ubca/src/ubca_snapshot_tester.rs
assertion_line: 34
---
INPUT:
```foolish
{15 / 3;}
```
[0] RESULT:
```hfssnap
{
  5
}
```
COMMENTS:
```markdown
simple_division
generated: 2026-07-02T02:21:35.846841089Z
```
SIGNATURES:
Public key: eb9604b1e50d6df60ea71cded2d51b4031b14e9d8911866fcfff4afb00075e65
Foolish signature: dUprLauozIeCc2bN3qoChtsrt4uK3z6f1Q0FputH9AhersfTE3vkNDLJf/a9KLjLZmHfPmrOvF+RA1ebfpjLDQ==
HFS signature: VKj8bQL7tJt0krNozScPZ0Lau7LfSuRlwQkyZtSgEAYytcar3CQxsBO4UGF3TOCtVUD0ci8NLAzBi7uigyUODQ==
Comments signature: IF2t0iMe+yWIqNilmgnconGXD/lxfp/hTVPuDuu213AXcEZzTvwoV3riwv2UclVvOAHm12iryhreVMEYoqNlCw==
