---
source: foolish-ubca/src/ubca_snapshot_tester.rs
assertion_line: 34
---
INPUT:
```foolish
{
	a = {
		inner = {x = 1;};
		n = 5;
	};
	bad = a~={q = 1;};
	ok = a~=5;
}
```
[0] RESULT:
```hfssnap
{NK
  a={
      inner={
          x=1
      };
      n=5
  };
  bad=?(pattern='', ANCHORED, NK);
  ok=5
}
```
COMMENTS:
```markdown
value_search_pattern_error
generated: 2026-07-06T18:56:36.488673350Z
```
SIGNATURES:
Public key: eb9604b1e50d6df60ea71cded2d51b4031b14e9d8911866fcfff4afb00075e65
Foolish signature: O311xTMEWvc9TvEgSgdlBoDv0ODx7fAQDownCOAyO74aozCQvPVBzjwsEl8n9aW5XWt4wqeBqhwbZRUUCb8AAA==
HFS signature: bHfqCr6/UGBa5Oeve85VYR0eeOJdwKfd68vb4F8vQkjY0zYf2sYm9gnKg/QR0HyBrcK8e0SvuUKNorRD0FnsBg==
Comments signature: rVFB56jNmq2L9XhHiLMp3DW7r2fcQCPl45QDgrWvN94Y0nolRvS0azv/InvklMumf46ofzV6jwEEVE86s2+9Aw==
