---
source: foolish-ubca/src/ubca_snapshot_tester.rs
assertion_line: 34
---
INPUT:
```foolish
{
	pi = 3;
	e2 = 2;
	found = ?=3;
	nope = ?=9;
	named = ?e.*=2;
}
```
[0] RESULT:
```hfssnap
{WOCONSTANIC
  pi=3;
  e2=2;
  found=3;
  nope=?(pattern='', UNANCHORED, ECONSTANIC);
  named=2
}
```
COMMENTS:
```markdown
value_search_unanchored
generated: 2026-07-06T18:56:36.531133714Z
```
SIGNATURES:
Public key: eb9604b1e50d6df60ea71cded2d51b4031b14e9d8911866fcfff4afb00075e65
Foolish signature: nKbVpzIUwuMRdMqnhokorAUEZ4lPpJ0jicwipJQkrvcxLrnC47i/Y54XhGf9ilqUFP+N44NjnbcF4mVtwfETDA==
HFS signature: Ub33PfjJqEprzdz+rxAE0zDA/kT8L0VTmyd89LTflrLi3yofDd+miks0b25nJejE81l5hYV6tXu7lI7jNr86DQ==
Comments signature: lLx5iJjZZXDjuvjunc4hsu6zLKUCXYJi6NQT7aVtSfglb5J7gWXTKNZBBT2qBqUbHbcqt3AWMn5TevaqaRcuDA==
