---
source: foolish-ubca/src/ubca_snapshot_tester.rs
assertion_line: 34
---
INPUT:
```foolish
{
	a = {
		id = 4;
		size = 10;
		depth = 10;
	};
	fwd = a~=10;
	bwd = a?=10;
}
```
[0] RESULT:
```hfssnap
{
  a={
      id=4;
      size=10;
      depth=10
  };
  fwd=10;
  bwd=10
}
```
COMMENTS:
```markdown
value_search_forward_and_backward
generated: 2026-07-06T17:03:54.100323262Z
```
SIGNATURES:
Public key: eb9604b1e50d6df60ea71cded2d51b4031b14e9d8911866fcfff4afb00075e65
Foolish signature: F0uBYaI0CaNJStbrahyo7CsAi+ZujsX/UrjkenvAT2zgxakYEDH2fcMfWtdodsG0bX7nD6zt3prGjq2FI8elBw==
HFS signature: MsYHB6d/j29tu6/g35kZQjwjwLPaFcZDttRChJocC+IdxT95UkFT1M+mAxSPwl8NfJKe07EG4KN9tXfH5gZsBw==
Comments signature: suBB5qpc5e5R1d/lhRDEC86c/Oa5EvJ6m15UPJAB9GLQr4Kz37+vJdWs+ISDcINUK7xB5jDgMhm3g+/QZu6LDQ==
