---
source: foolish-ubca/src/ubca_snapshot_tester.rs
assertion_line: 34
---
INPUT:
```foolish
{
	a = {
		tmp_a = 4;
		size = 10;
		tmp_b = 7;
	};
	four  = a~tmp_.*=4;
	seven = a?tmp_.*=7;
	none  = a~tmp_.*=10;
}
```
[0] RESULT:
```hfssnap
{NK
  a={
      tmpˍa=4;
      size=10;
      tmpˍb=7
  };
  four=4;
  seven=7;
  none=?(pattern='tmpˍ.*', ANCHORED, NK)
}
```
COMMENTS:
```markdown
value_search_name_and_value
generated: 2026-07-06T17:03:54.135628420Z
```
SIGNATURES:
Public key: eb9604b1e50d6df60ea71cded2d51b4031b14e9d8911866fcfff4afb00075e65
Foolish signature: rSOe5PqOYgQyIYktDgENlqo9y8R350D5XWMqK7JrV5LHMuZpImM7pw5mOtYVTTqLOZyrfK1FW3oyQ7OFSYW6BA==
HFS signature: 4nQb+eXbiyDyVHh05G7+1/hfRMkTKGeSg90m1MCjNQY8IJVXuyYrRd3HHG8Dqmy3XStR4BXk4WVWo07YQogfBA==
Comments signature: qKsgLLskUbCPmU7h9QV7iY1tgIqPKdtZw9M9FJkkMMg1BDN4QH3rM0HCzIM+hIBPQTfgHKuhcTyWEdaWdmQ+DQ==
