{b1 = Brane [EMBRYONIC]
  a = 
  Int(1) [INDEPENDENT]
  b = 
  Int(2) [INDEPENDENT]
  c = 
  Int(3) [INDEPENDENT]; b2 = Brane [EMBRYONIC]
  e = 
  Int(4) [INDEPENDENT]
  f = 
  Int(5) [INDEPENDENT]
  g = 
  Int(6) [INDEPENDENT]; c = Concatenation(elements=2) [EMBRYONIC]
  Search(pattern='^b1$', dir=BACKWARD, FREE) [EMBRYONIC]
  Search(pattern='^b2$', dir=BACKWARD, FREE) [EMBRYONIC];}
