---
source: foolish-core/src/lib.rs
---
SIG: dc5f586cda43023e707697692c78032300a24b1b813cbf1ccb770080d1a7b683 9+hN9xh2AnvpsWWuGKsfidEhKUxSf4S277v595KftDtGXxhmA+l67pau06eTwSEhoUa+db/KrL8m5f7YXhr0CA==
INPUT: {
[0] RESULT:
Brane [NK]
  l1 = 
  Brane [NK]
    l2 = 
    Brane [NK]
      l3 = 
      Brane [NK]
        bad = 
        ??? (division by zero) [NK]
        good = 
        Int(42) [INDEPENDENT]
