---
source: foolish-core/src/ubc_snapshot_tester.rs
---
SIG: dc5f586cda43023e707697692c78032300a24b1b813cbf1ccb770080d1a7b683 kBaaMzbnr4qDtWJNdcICY6jK5Ykr2LoUMV2dcZKcsk5rCWB5pYd+j4zzXUYfpPvvzmjGwRirqIcXmCMQCYBuBg==
INPUT:
```foolish
{good = 42; bad = 1 / 0; also_good = 10 + 20;}
```
[0] RESULT:
Brane [NK]
  good = 
  Int(42) [INDEPENDENT]
  bad = 
  ??? (division by zero) [NK]
  alsoˍgood = 
  Int(30) [CONSTANT]
