---
source: foolish-core/src/ubc_snapshot_tester.rs
---
INPUT:
```foolish
{a = 1 / 0; b = 2 / 0; c = 3 / 0;}
```
[0] RESULT:
```hfssnap
Brane [NK]{
    a = ??? (division by zero, [NK]);
    b = ??? (division by zero, [NK]);
    c = ??? (division by zero, [NK])
}
```
COMMENTS:
```markdown
alarm_multiple_divisions_by_zero
```
SIGNATURES:
Public key: dc5f586cda43023e707697692c78032300a24b1b813cbf1ccb770080d1a7b683
Foolish signature: J6vDnAXsJg+GZvTRthFUnRw+A4dE5yKGm5C0E70ARHJzKvpxFAlNpaFk+XVPX94IwwVB2O9qchh5bMQohmFbAw==
HFS signature: swz2mr8Wjb1W+uXv7L44nGmGhU17FkCA3j1pbVJZCA4J04BIkaJM7jGyXS1R6tr/BlMeC2OMeMV2acnKzDVYDA==
Comments signature: kS7dqCmM8CVkIC7FVF3nw6Xb20zEgyxnMrTsWVJIMqoeFBfjLpnqiTKXhvEFW5w9ykyOBuv//mRTYrelsCtqDQ==
