---
source: foolish-core/src/ubc_snapshot_tester.rs
---
INPUT:
```foolish
{a = 10 / 2; b = 10 / 0; c = 20 / 4;}
```
[0] RESULT:
```hssnap
Brane [NK]{
  a = 
  Int(5)
  b = 
  ??? (division by zero, [NK])
  c = 
  Int(5)
}
```
COMMENTS:
```markdown
alarm_division_by_zero_in_brane
```
SIGNATURES:
Public key: dc5f586cda43023e707697692c78032300a24b1b813cbf1ccb770080d1a7b683
Foolish signature: R5NlChpi9B03XMNXz5w8KRK+Sd2plSW6cxbcAimBapvhbQ80i2CDfkavPhCpAMdIMWlRdbvEmEYXMv2d78/2Aw==
HS signature: pP1PRhOqGV3e6I4E5//hJdhNHRIInMJjX/TW4jtcBZblIbqr/bntJDg1MhH0Mc4aXhAPWSajzxjHK7tgZviMBw==
Comments signature: gbKOzSJzsMhu/6sk+e3JHrFcznXzlyIaAsb3vqK3CtYp8nE1Bf7DjchQHa7nsKSGvzlUw8G0fHKv3TJU+y23DQ==
