---
source: foolish-core/src/lib.rs
---
SIG: dc5f586cda43023e707697692c78032300a24b1b813cbf1ccb770080d1a7b683 R5NlChpi9B03XMNXz5w8KRK+Sd2plSW6cxbcAimBapvhbQ80i2CDfkavPhCpAMdIMWlRdbvEmEYXMv2d78/2Aw==
INPUT: {a = 10 / 2; b = 10 / 0; c = 20 / 4;}
[0] RESULT:
Brane [NK]
  a = 
  Int(5) [CONSTANT]
  b = 
  ??? (division by zero) [NK]
  c = 
  Int(5) [CONSTANT]
