---
source: foolish-core/src/ubc_snapshot_tester.rs
---
INPUT:
```foolish
{x = ???; y = 42;}
```
[0] RESULT:
```hfssnap
Brane [NK]{
    x = ??? (??? literal, [NK]);
    y = 42
}
```
COMMENTS:
```markdown
alarm_unknown_literal_no_alarm
```
SIGNATURES:
Public key: dc5f586cda43023e707697692c78032300a24b1b813cbf1ccb770080d1a7b683
Foolish signature: 6zk70qVxfd8FcX1zclhQ0Wd7dQbtCArSO63cu1AjnWk+ps00vt6z3P/tZA7SlAOn8jtsAI6m99n+OrpsWlQQAw==
HFS signature: olALqvcJqpqwzKfju43SoWmIYvyuUDItSuqlVSK2RYhZIs7dFZhZ5yS+amhapSSoV4jGi0Qt0tNSK9bZYjQ/BQ==
Comments signature: X8IMHuPlAYakj2xWw80lS2zY858u5idWyYC3/INmaSDa5WFegKwopwS9dHWpJ2BY2QAnbS+TYM33iG4fAzaADA==
