---
source: foolish-core/src/ubc_snapshot_tester.rs
---
INPUT:
```foolish
{x = ???; y = 42;}
```
[0] RESULT:
```hssnap
Brane [NK]{
  x = 
  ??? (??? literal, [NK])
  y = 
  Int(42)
}
```
COMMENTS:
```markdown
alarm_unknown_literal_no_alarm
```
SIGNATURES:
Public key: dc5f586cda43023e707697692c78032300a24b1b813cbf1ccb770080d1a7b683
Foolish signature: 6zk70qVxfd8FcX1zclhQ0Wd7dQbtCArSO63cu1AjnWk+ps00vt6z3P/tZA7SlAOn8jtsAI6m99n+OrpsWlQQAw==
HS signature: tzLNwfHoDEfR74t0p9Zldvg9OmV8eh2sW6kQ8ofN0XlR2C9I0CK04x1ZkpLT++maxUEIuCae4P3fzn+zatm8Bw==
Comments signature: QzMp/Kw4b+55wBTk5gu7V4J/+2YfMsX4k4OtBwmdVfd8K0S6LGsBMJRt2afGXTOoPIMmDF+lGkh0t45s/Ke8Dw==
