---
source: foolish-core/src/ubc_snapshot_tester.rs
---
INPUT:
```foolish
{good = 42; bad = 1 / 0; also_good = 10 + 20;}
```
[0] RESULT:
```hfssnap
Brane [NK]{
    good = 42;
    bad = ??? (division by zero, [NK]);
    alsoˍgood = 30
}
```
COMMENTS:
```markdown
alarm_mixed_alarms_and_normals
```
SIGNATURES:
Public key: dc5f586cda43023e707697692c78032300a24b1b813cbf1ccb770080d1a7b683
Foolish signature: kBaaMzbnr4qDtWJNdcICY6jK5Ykr2LoUMV2dcZKcsk5rCWB5pYd+j4zzXUYfpPvvzmjGwRirqIcXmCMQCYBuBg==
HFS signature: ZBkEYFav79sTtCUuQri7/di+IS557HJusGjLmsRp1N7MTyloTGY2XmHpZulbhnRaXxRtJDj+GqxlPJ18hAmvDQ==
Comments signature: 4TiNkI64ICtu2cx/tLzv+uLky0jTjxGDtR0JgiM5nUdebjPuLpkvj6ja3A3FGTIPsQUi0QLbmqft8Han39cCBQ==
