---
source: foolish-core/src/lib.rs
---
INPUT: {l1 = {l2 = {l3 = {bad = 1 / 0; good = 42};};};}
[0] PARSED:
Brane [EMBRYONIC]
  l1 = 
  Brane [EMBRYONIC]
    l2 = 
    Brane [EMBRYONIC]
      l3 = 
      Brane [EMBRYONIC]
        bad = 
        Operator(/) [EMBRYONIC]
          Int(1) [INDEPENDENT]
          Int(0) [INDEPENDENT]
        good = 
        Int(42) [INDEPENDENT]
RESULT:
Brane [NK]
  l1 = 
  Brane [NK]
    l2 = 
    Brane [NK]
      l3 = 
      Brane [NK]
        bad = 
        ??? (division by zero) [NK]
        good = 
        Int(42) [INDEPENDENT]
