---
source: foolish-core/src/ubc_snapshot_tester.rs
---
INPUT:
```foolish
{b = {10; 20; 30}; first = b#0; second = b#1; third = b#2; oob = b#3;}
```
[0] RESULT:
```hfssnap
Brane [NK]{
    b = Brane{
        10;
        20;
        30
    };
    first = 10;
    second = 20;
    third = 30;
    oob = Index(offset=3, ANCHORED, [NK])
}
```
COMMENTS:
```markdown
anchored_seek_positive_boundary
```
SIGNATURES:
Public key: dc5f586cda43023e707697692c78032300a24b1b813cbf1ccb770080d1a7b683
Foolish signature: dEw6jU81DB4pwBon+7AZB/PO00sJWMdOR2hMGqx44OBELsrv08/am2JlvRklSe3BN6YwhSx3MaUKT0MbbwOiCA==
HFS signature: y1OajgxEJwNLiJmwVx/PgewCvT/xM2ziqEgLSRGmVNM0LNWlNVvAcrIS6ztH+CSvtJq9WFrBh11f7uwSd9V1Aw==
Comments signature: ofaVlc5Ns9WzwR6JjVfMl11c+opFQY5SY0y3TSKmho9ffoiTlhi/sICkgeKn3zDaHqhjSw8gvKlN/Lq+JSihAQ==
