---
source: foolish-core/src/lib.rs
---
SIG: dc5f586cda43023e707697692c78032300a24b1b813cbf1ccb770080d1a7b683 dEw6jU81DB4pwBon+7AZB/PO00sJWMdOR2hMGqx44OBELsrv08/am2JlvRklSe3BN6YwhSx3MaUKT0MbbwOiCA==
INPUT: {b = {10; 20; 30}; first = b#0; second = b#1; third = b#2; oob = b#3;}
[0] RESULT:
Brane [NK]
  b = 
  Brane [CONSTANT]
    Int(10) [INDEPENDENT]
    Int(20) [INDEPENDENT]
    Int(30) [INDEPENDENT]
  first = 
  Int(10) [INDEPENDENT]
  second = 
  Int(20) [INDEPENDENT]
  third = 
  Int(30) [INDEPENDENT]
  oob = 
  Index(offset=3, ANCHORED) [NK]
