---
source: foolish-core/src/ubc_snapshot_tester.rs
---
INPUT:
```foolish
{b = {x = 100; y = 200}; notFound = b?γ;}
```
[0] RESULT:
```hssnap
Brane [NK]{
  b = 
  Brane{
    x = 
    Int(100)
    y = 
    Int(200)
  }
  notFound = 
  Search(pattern='γ', dir=BACKWARD, ANCHORED, [NK])
}
```
COMMENTS:
```markdown
anchored_search_fails_on_constant
```
SIGNATURES:
Public key: dc5f586cda43023e707697692c78032300a24b1b813cbf1ccb770080d1a7b683
Foolish signature: smAiTsm5+PIvpJ5BUHb2KPcH/vV4OigR8DsqQqQu5ankfsvdaVsO6TlKgPUA+6D9ASbJ0ZfZULIy1gTmv6F1DQ==
HS signature: cVCZ+sub8bEyFuAurNcUT4YmDANZDGfLd0FUJKkYv0gtNj7WKrecPza/z5HHlOOQPhmuRmkJaF5+qbe8k3JGDw==
Comments signature: vSc9Nq+frPZA9Eon66g0MpoF64G/BDmXoDzDY/Jwk1Thwh+nRALXBmJ+ZXmSutRa0X1L1brM6JWO4aRNXJ0wBA==
