---
source: foolish-core/src/ubc_snapshot_tester.rs
---
INPUT:
```foolish
{a={1,2,3}; a#1; a#-1;}
```
[0] RESULT:
```hssnap
Brane{
  a = 
  Brane{
    Int(1)
    Int(2)
    Int(3)
  }
  Int(2)
  Int(3)
}
```
COMMENTS:
```markdown
anchored_seek_positive_negative
```
SIGNATURES:
Public key: dc5f586cda43023e707697692c78032300a24b1b813cbf1ccb770080d1a7b683
Foolish signature: BKWu/+nqbIOBuwM+3c1LykkZos0sjI0tNOXKBnetgwOiqEAp50mz8FDztfNVy37v3uU6mgOmEfP2GNtPXKS6AA==
HS signature: W2T71p2wgytr+1c6fTZdIpK0XYIJx/CMjUN3agdzNh5nxHo2QsyKWAwC+60qPWQdx4gGpsqPCdAjgkpTmxnpAg==
Comments signature: Hz1HiwACaHsWXt2ZjE66Y+HONGHWk9j7rW2SKeoL6q46pSjQZIvLxz01EIF4q1f5k8KBSIFs/8KLPtMJJIC0DA==
