---
source: foolish-core/src/ubc_snapshot_tester.rs
---
INPUT:
```foolish
{emptyBrane = {}; chained = emptyBrane^;}
```
[0] RESULT:
```hssnap
Brane [NK]{
  emptyBrane = 
  Brane{
  }
  chained = 
  HeadTail(HEAD, ANCHORED, [NK])
}
```
COMMENTS:
```markdown
anchored_search_on_constanic
```
SIGNATURES:
Public key: dc5f586cda43023e707697692c78032300a24b1b813cbf1ccb770080d1a7b683
Foolish signature: oB/r33QRdUQFLBKbVSYWEI6VnaBBz7sVV6q5wjQOzqn1ouLQ6wc7+rEwPF47u2C08Nk3Rrw7xaUn52YmW2bYDQ==
HS signature: ESz4zWaCPGq0MfOSOw7H/YZPkov8YStsdhYF4tnnXMjHldrr7DlMmRXjMdiGBW93ntzTFWU+M9ZJDKLtMPrPDQ==
Comments signature: Pv3pq540fi8j5zAcPc4aw6tbQwjyONahN441S0d83qCsu8GYGRUuUyB0XJ0f3z92SMQUoyIn1XPSvAhbezt3DQ==
