---
source: foolish-core/src/ubc_snapshot_tester.rs
assertion_line: 52
---
INPUT:
```foolish
{not_found = b?γ; also_not_found=b.z^; still_not_found=b.z$; yet_not_found=b.w}
```
[0] RESULT:
```hssnap
Brane [NK]{
    notˍfound = Search(pattern='γ', dir=BACKWARD, ANCHORED, [NK]);
    alsoˍnotˍfound = HeadTail(HEAD, ANCHORED, [NK]);
    stillˍnotˍfound = HeadTail(TAIL, ANCHORED, [NK]);
    yetˍnotˍfound = Search(pattern='^w$', dir=BACKWARD, ANCHORED, [NK])
}
```
COMMENTS:
```markdown
anchored_search_constanic_on_constanic
```
SIGNATURES:
Public key: dc5f586cda43023e707697692c78032300a24b1b813cbf1ccb770080d1a7b683
Foolish signature: XTAr5ideD86r5kv4V9SzeSVR97v87JZYx5sSYp8JK145ujBFD/S/GHvKltmklZWRNPGgjIYJ44uFdT3qREcxCQ==
HS signature: EAxI9kbqzBGsSPoEhLMSME9kBVuT5PKuCFy33ouOk8eV4b4BTBPthWGu4psj3qFIWem8PfRi2oThE0Wo/DAqBA==
Comments signature: k7CpzQ1wssw7esP7Ch+ORDxSnaW20XvmYTyjWumIAyLXf3sXxD+4S1hozj6DBDwKMFg50N93l5P7pT1sRIuwCA==
