---
source: foolish-core/src/ubc_snapshot_tester.rs
---
INPUT:
```foolish
{a={1,2,3}; a#1; a#-1;}
```
[0] RESULT:
```hfssnap
Brane{
    a = Brane{
        1;
        2;
        3
    };
    2;
    3
}
```
COMMENTS:
```markdown
anchored_seek_positive_negative
```
SIGNATURES:
Public key: dc5f586cda43023e707697692c78032300a24b1b813cbf1ccb770080d1a7b683
Foolish signature: BKWu/+nqbIOBuwM+3c1LykkZos0sjI0tNOXKBnetgwOiqEAp50mz8FDztfNVy37v3uU6mgOmEfP2GNtPXKS6AA==
HFS signature: fedYUsYjpEplWgTZbsqnBFutSwx4vXT+RGsdkI0fNWtm69QXAJf+6nW+KXqdpXOQhpE1FjkLSTnY9+7pS1OfBw==
Comments signature: zVQ5AslryJOTycI3D0iJrLJAr2gxNTzQENOODOxAZQ4Q5ZpoA5znDS8ZRTBwkofg9tF4w0n1mQQ82FvOJv59CQ==
