---
source: foolish-core/src/ubc_snapshot_tester.rs
---
SIG: dc5f586cda43023e707697692c78032300a24b1b813cbf1ccb770080d1a7b683 oB/r33QRdUQFLBKbVSYWEI6VnaBBz7sVV6q5wjQOzqn1ouLQ6wc7+rEwPF47u2C08Nk3Rrw7xaUn52YmW2bYDQ==
INPUT:
```foolish
{emptyBrane = {}; chained = emptyBrane^;}
```
[0] RESULT:
Brane [NK]
  emptyBrane = 
  Brane [CONSTANT]
  chained = 
  HeadTail(HEAD, ANCHORED) [NK]
