---
source: foolish-core/src/ubc_snapshot_tester.rs
---
INPUT:
```foolish
{b = {42}; h = b^; t = b$;}
```
[0] RESULT:
```hssnap
Brane{
  b = 
  Brane{
    Int(42)
  }
  h = 
  Int(42)
  t = 
  Int(42)
}
```
COMMENTS:
```markdown
brane_with_single_value_head_tail
```
SIGNATURES:
Public key: dc5f586cda43023e707697692c78032300a24b1b813cbf1ccb770080d1a7b683
Foolish signature: Tq1w19+A470fPIptb2wFZnTxYSpskC6MdJ7ASRFV9QUfO5wS0xySTGF67G1N0cabm0/WjR0iUvteZl9gXvolBg==
HS signature: bFOqOnh+TnAui3LNE12JfbXZTu1eQPh+Wx7HnIJOJyrxf3e0jBTd3CM0xJIzvdDwbKr56uLqgDFuByGH+PYVBg==
Comments signature: uBdm1ByxUhRe+lVFrMWSmoKkfPIzFZ73dUdR8isRBjxhb3gGDpFXkxHosdVf1/4zCgS4gzUBSQ1GEFFDVvD3DA==
