---
source: foolish-core/src/ubc_snapshot_tester.rs
---
SIG: dc5f586cda43023e707697692c78032300a24b1b813cbf1ccb770080d1a7b683 YL60MVPYRdNx2UuAR4BhiYrezotRIEzx0SZmsdhFsp8e5vISvZ55YHcEdhuEOgFMIqpxGK/Mrm1cFuCpi6RAAQ==
INPUT:
```foolish
{my_var = 10; another_var = 20; result = my_var + another_var;}
```
[0] RESULT:
Brane [CONSTANT]
  myˍvar = 
  Int(10) [INDEPENDENT]
  anotherˍvar = 
  Int(20) [INDEPENDENT]
  result = 
  Int(30) [CONSTANT]
