---
source: foolish-core/src/ubc_snapshot_tester.rs
---
INPUT:
```foolish
{bad = undeclared; y = bad; z = y;}
```
[0] RESULT:
```hfssnap
Brane [WOCONSTANIC]{
    bad = Search(pattern='^undeclared$', dir=BACKWARD, UNANCHORED, [ECONSTANIC]);
    y = Search(pattern='^bad$', dir=BACKWARD, UNANCHORED, [WOCONSTANIC])
      Search(pattern='^undeclared$', dir=BACKWARD, UNANCHORED, [ECONSTANIC]);
    z = Search(pattern='^y$', dir=BACKWARD, UNANCHORED, [WOCONSTANIC])
      Search(pattern='^undeclared$', dir=BACKWARD, UNANCHORED, [ECONSTANIC])
}
```
COMMENTS:
```markdown
chained_undeclared
```
SIGNATURES:
Public key: dc5f586cda43023e707697692c78032300a24b1b813cbf1ccb770080d1a7b683
Foolish signature: eB8BINHym3bU4SkJcN6e2J7Nyt8aIXqpM17n8dWWv10YjHURVEWNewoNwCdC9djfutCCillXxps0lBuGqyWABw==
HFS signature: fvGK/ri+ayk9TPju1WiEv6JuQL/1ZHQYhJ7zlcmL/oKF5uXKsNp+KvO2M0UkLFMaJiX49U7Z9h7qTDj019mXBQ==
Comments signature: VIQdLSBcVyfz+urgCKsE8zQdMGq2AnQUD8cshTPZO/XjQP4CI6W5RDkEoMFFfCNFzc8KtOqzVgvIOoVbsxIJAg==
