---
source: foolish-core/src/ubc_snapshot_tester.rs
---
SIG: dc5f586cda43023e707697692c78032300a24b1b813cbf1ccb770080d1a7b683 eB8BINHym3bU4SkJcN6e2J7Nyt8aIXqpM17n8dWWv10YjHURVEWNewoNwCdC9djfutCCillXxps0lBuGqyWABw==
INPUT:
```foolish
{bad = undeclared; y = bad; z = y;}
```
[0] RESULT:
Brane [WOCONSTANIC]
  bad = 
  Search(pattern='^undeclared$', dir=BACKWARD, FREE) [ECONSTANIC]
  y = 
  Search(pattern='^bad$', dir=BACKWARD, FREE) [WOCONSTANIC]
    Search(pattern='^undeclared$', dir=BACKWARD, FREE) [ECONSTANIC]
  z = 
  Search(pattern='^y$', dir=BACKWARD, FREE) [WOCONSTANIC]
    Search(pattern='^undeclared$', dir=BACKWARD, FREE) [ECONSTANIC]
