---
source: foolish-core/src/ubc_snapshot_tester.rs
---
SIG: dc5f586cda43023e707697692c78032300a24b1b813cbf1ccb770080d1a7b683 kiNVOLwv/jrjOVkHoD+trP+GtqjZ0F5/+ipES3CpFENY3I+4p/cigoi+MXbywS0r6UAGfx3/iyYgSStikNBwCg==
INPUT:
```foolish
{a = -(-5); b = -(-(-3));}
```
[0] RESULT:
Brane [CONSTANT]
  a = 
  Int(5) [CONSTANT]
  b = 
  Int(-3) [CONSTANT]
