---
source: foolish-core/src/ubc_snapshot_tester.rs
---
SIG: dc5f586cda43023e707697692c78032300a24b1b813cbf1ccb770080d1a7b683 dct7S1xt4BQlrVSe20zSejRWopMd5WAIV2n3zrW7K1tYqgXNp3fSPSQKHKK5cqT+oEDbEo1Ytg5ww9j+8ME3Aw==
INPUT:
```foolish
{nested = {inner = {val = x}}; x = 42;}
```
[0] RESULT:
Brane [CONSTANT]
  nested = 
  Brane [CONSTANT]
    inner = 
    Brane [CONSTANT]
      val = 
      Int(42) [INDEPENDENT]
  x = 
  Int(42) [INDEPENDENT]
