---
source: foolish-core/src/ubc_snapshot_tester.rs
---
INPUT:
```foolish
{a=10, b=20, c=30, result=#-1 + #-2, result2=#-1 * #-2, result3=#-1 - #-2;}
```
[0] RESULT:
```hssnap
Brane [NK]{
  a = 
  Int(10)
  b = 
  Int(20)
  c = 
  Int(30)
  result = 
  Int(50)
  result2 = 
  Operator(*, [NK])
    ??? (constanic_clone called on NYE FIR, [NK])
    Int(30)
  result3 = 
  Operator(-, [NK])
    ??? (constanic_clone called on NYE FIR, [NK])
    ??? (constanic_clone called on NYE FIR, [NK])
}
```
COMMENTS:
```markdown
complex_unanchored_seeks_with_operations
```
SIGNATURES:
Public key: dc5f586cda43023e707697692c78032300a24b1b813cbf1ccb770080d1a7b683
Foolish signature: M/yC8Ry9PdL1vl1T64COjmRKRiQiZKNUZ7UMAvW5Fy8SvMWDMzhwNCdj0Q62bord7I5ft8E7lK0CQANONGtHAQ==
HS signature: V/wdAti85WzjtLMl9FlaxBTNBP+zKSQWHWqce+cX+v6Jau6YPI5KXEl6bGjybnK19BYUcxsguw37qHiMzVsFAQ==
Comments signature: sq7QE/fhaLu2iezWZCbedkvvBMQ62RP9QKRLK9qa3MNEmHYXXKf+d406ZHrAeRYy2EyNc2Qg/AM9lm6VwfhdDg==
