---
source: foolish-core/src/ubc_snapshot_tester.rs
---
INPUT:
```foolish
{add = 1 + 2; sub = 10 - 3; mul = 4 * 5; div = 20 / 4; neg = -7;}
```
[0] RESULT:
```hssnap
Brane{
  add = 
  Int(3)
  sub = 
  Int(7)
  mul = 
  Int(20)
  div = 
  Int(5)
  neg = 
  Int(-7)
}
```
COMMENTS:
```markdown
complex_brane_with_all_operator_types
```
SIGNATURES:
Public key: dc5f586cda43023e707697692c78032300a24b1b813cbf1ccb770080d1a7b683
Foolish signature: hqeO50VGIdDIO3wZcz25VVeUZef54veeVOxlx1MmVZKB8DMszHYbRyT7n7qP+IAEflplyRVzpHwt+i//yxwYDw==
HS signature: 3geG01XRJ10eha+LoB/KNfQ0klSKOl+6AHBZZbS8nNkuR3GNAuKyp2psuBNyV9trpQ2MPZtZQqFmYVHQ41qOBA==
Comments signature: YaOsWcozuCTwpaeYIpJv73KnP9hINgUG9TJ+WbfVkoN+grWwBOD9Hdz3FKBWYUyqpyns7OPZGRWiwpzdLxHQCA==
