---
source: foolish-core/src/ubc_snapshot_tester.rs
---
INPUT:
```foolish
{a = 10; b = 20; outer = {c = 30; ac = a + c; inner = {a = 40; abc = a + b + c}; ab = a + b};}
```
[0] RESULT:
```hssnap
Brane{
  a = 
  Int(10)
  b = 
  Int(20)
  outer = 
  Brane{
    c = 
    Int(30)
    ac = 
    Int(40)
    inner = 
    Brane{
      a = 
      Int(40)
      abc = 
      Int(90)
    }
    ab = 
    Int(30)
  }
}
```
COMMENTS:
```markdown
complex_nested_scope
```
SIGNATURES:
Public key: dc5f586cda43023e707697692c78032300a24b1b813cbf1ccb770080d1a7b683
Foolish signature: lATSCngkRPllgcpySFfij40IPvVOdXraCOLxdoTraAIlOXvsQXwD75sktfcSMNYGZLCpgFdy1utwkByduMRmCw==
HS signature: hVx2mAUWOc9EDLgussHk1r8CAkCkpBrHcrD+JOvCX/Io9bYni6m2bwCBmsiCuB5IIxcawx/OsFZ1J8zNzZUEDQ==
Comments signature: c0klRXWgIqqW7ajd+iE6BSx8UKN4uMExj/6FSbC8sM3yLN9mXY9jvm/bBR+zwmt79PH7YOHk2HSBdA4VPCPSCg==
