---
source: foolish-core/src/ubc_snapshot_tester.rs
---
INPUT:
```foolish
{target = {a=1; c=2; c={a=1, b=2, c=3}}; b1 = {x=10}; result = b1 target.c;}
```
[0] RESULT:
```hssnap
Brane{
    target = Brane{
        a = 1;
        c = 2;
        c = Brane{
            a = 1;
            b = 2;
            c = 3
        }
    };
    b1 = Brane{
        x = 10
    };
    result = Brane{
        x = 10;
        a = 1;
        b = 2;
        c = 3
    }
}
```
COMMENTS:
```markdown
complex_search_and_concatenation
```
SIGNATURES:
Public key: dc5f586cda43023e707697692c78032300a24b1b813cbf1ccb770080d1a7b683
Foolish signature: L09fnPEvbEureznI5hrCr2JI1Q5m0YKKnak+QHXUlUDG6AfxuGSymxI+GrUIWZRVmGXU1SdNg+SQjo7NBZvrBw==
HS signature: z17IBMcPTM8k3Rcu6jEQ6keL4AXjaSBybTCxgX7DKZAz3Fsd4ozQDsS5eiHAVf87sytPbkwxxd7b0tsnD7SBBg==
Comments signature: QT6aXmzVyKY3CH2FFOTK/epOF/de9I7eXNc39fSqtgf/qsEn0E4tOWOgLsNsjLfmYkx5utYWC3DqrMk5ULn3Cg==
