---
source: foolish-core/src/ubc_snapshot_tester.rs
---
INPUT:
```foolish
{x = 5; y = 10; inner = {calc = <<x + y>>; doubled = calc * 2};}
```
[0] RESULT:
```hssnap
Brane{
  x = 
  Int(5)
  y = 
  Int(10)
  inner = 
  Brane{
    calc = 
    StayFullyFoolish()
      Operator(+, [EMBRYONIC])
        Search(pattern='^x$', dir=BACKWARD, UNANCHORED)
        Search(pattern='^y$', dir=BACKWARD, UNANCHORED)
    doubled = 
    Int(30)
  }
}
```
COMMENTS:
```markdown
complex_sff_with_nested_scope
```
SIGNATURES:
Public key: dc5f586cda43023e707697692c78032300a24b1b813cbf1ccb770080d1a7b683
Foolish signature: 8qfr0jpSsMP6MZAsD56aGbduYNh+nJ3slMhr8S+O04N/0gGhEQnVaYe41x8MuuHjYIaXc8UxZ9Qo9GNdgbECCw==
HS signature: n9WwIlv94iI30FbRZMJcImCHxfHr6bnS/8638AXdVm41Wc285t1EHTp6pqTvlTBW06hqHJJU+he2seSUdjmlCg==
Comments signature: Lmbdb3zl8gs8HvcIiFty9c3Pzm8NzOFmqN50u4BMRfwqtZ6Wu/+wj35ys5U0NCnm535tpUMIfdNO5lC2Q4ckBw==
