---
source: foolish-core/src/ubc_snapshot_tester.rs
---
SIG: dc5f586cda43023e707697692c78032300a24b1b813cbf1ccb770080d1a7b683 hQZ3XlbJGCwNVmkTvvRiWQV1g6p/STn4Fd9yT0++sGLitIb/zHnnNHPywvmqVpMHd5cktMT7LFhzayFSXQ4mAw==
INPUT:
```foolish
{a = {x=1+2}; b = {y=3*4}; c = a b;}
```
[0] RESULT:
Brane [CONSTANT]
  a = 
  Brane [CONSTANT]
    x = 
    Int(3) [CONSTANT]
  b = 
  Brane [CONSTANT]
    y = 
    Int(12) [CONSTANT]
  c = 
  Brane [CONSTANT]
    x = 
    Int(3) [CONSTANT]
    y = 
    Int(12) [CONSTANT]
