---
source: foolish-core/src/ubc_snapshot_tester.rs
---
SIG: dc5f586cda43023e707697692c78032300a24b1b813cbf1ccb770080d1a7b683 2sGCo//bsMS6EbNWvLkDc/IST2lRsoHgtK6Fc0UBF834NnteSGmsi8JcAAOcOFOaH7GJfG8BAJfr4Duct/GuCg==
INPUT:
```foolish
{data = {x=1, y=2, z=3}; copy = data {w=4}; last = copy#-1; first = copy#0;}
```
[0] RESULT:
Brane [CONSTANT]
  data = 
  Brane [CONSTANT]
    x = 
    Int(1) [INDEPENDENT]
    y = 
    Int(2) [INDEPENDENT]
    z = 
    Int(3) [INDEPENDENT]
  copy = 
  Brane [CONSTANT]
    x = 
    Int(1) [INDEPENDENT]
    y = 
    Int(2) [INDEPENDENT]
    z = 
    Int(3) [INDEPENDENT]
    w = 
    Int(4) [INDEPENDENT]
  last = 
  Int(4) [INDEPENDENT]
  first = 
  Int(1) [INDEPENDENT]
