---
source: foolish-core/src/ubc_snapshot_tester.rs
---
INPUT:
```foolish
{x=10; y=20; z=30; sum = x + y + z; avg = sum / 3;}
```
[0] RESULT:
```hfssnap
Brane{
    x = 10;
    y = 20;
    z = 30;
    sum = 60;
    avg = 20
}
```
COMMENTS:
```markdown
complex_brane_with_operations_and_search
```
SIGNATURES:
Public key: dc5f586cda43023e707697692c78032300a24b1b813cbf1ccb770080d1a7b683
Foolish signature: eIJL0ws12Aay/OZZDwEfhuORsRcoD771FKTX/isyLfFNwYZ+cAlF3iL6fReWj0duYc02l/q9RN6crj+iPp0rAg==
HFS signature: kl4mumUxktrW/UJTHeqSBdn9BH5FQfRqA8Y6HI4qjLL9u06AzBPT7euT+3w4fF5PSlUAEWS+nkR5yHi9zNi7Bg==
Comments signature: 2eAtnpssgwPGU4L8l08h1cTwlYSGZiSv2i4oo4PpJl8I2IroLi8B65i4E4JFVyI4XBGYl91AvnL5nbfcWfefCQ==
