---
source: foolish-core/src/ubc_snapshot_tester.rs
---
INPUT:
```foolish
{a=1, b=2, c=3, d=4, e=5; s1 = #-1; s2 = #-2; s3 = #-3;}
```
[0] RESULT:
```hssnap
Brane{
  a = 
  Int(1)
  b = 
  Int(2)
  c = 
  Int(3)
  d = 
  Int(4)
  e = 
  Int(5)
  s1 = 
  Int(5)
  s2 = 
  Int(5)
  s3 = 
  Int(5)
}
```
COMMENTS:
```markdown
complex_multiple_seeks_in_brane
```
SIGNATURES:
Public key: dc5f586cda43023e707697692c78032300a24b1b813cbf1ccb770080d1a7b683
Foolish signature: Gfc297+p/ydY63wBgTxhLSfebMocMRu7Rt2GSgnRvjPSnOYRxVBia/hTz9j1+PpLQHOJUdFU4Ra6+9IOoppVBQ==
HS signature: edj5SyZtXPS84ENKkytDYKj88cVAGulEYy9I3fThO+iVMFOCd0nAg1C2/LE+ge+q9gSRp9ZF8X5fi3y/prXMDQ==
Comments signature: ep5RsYvS8DNF9NmH1krXYXaqEMh/LLh5UAWqF4IcrtyQCrfsp+xmJnJG1NXXpUGh/uS2odiKhnjpRmALUHATCQ==
