---
source: foolish-core/src/ubc_snapshot_tester.rs
---
INPUT:
```foolish
{data = {x=1, y=2, z=3}; copy = data {w=4}; last = copy#-1; first = copy#0;}
```
[0] RESULT:
```hssnap
Brane{
  data = 
  Brane{
    x = 
    Int(1)
    y = 
    Int(2)
    z = 
    Int(3)
  }
  copy = 
  Brane{
    x = 
    Int(1)
    y = 
    Int(2)
    z = 
    Int(3)
    w = 
    Int(4)
  }
  last = 
  Int(4)
  first = 
  Int(1)
}
```
COMMENTS:
```markdown
complex_search_concat_and_seeks
```
SIGNATURES:
Public key: dc5f586cda43023e707697692c78032300a24b1b813cbf1ccb770080d1a7b683
Foolish signature: 2sGCo//bsMS6EbNWvLkDc/IST2lRsoHgtK6Fc0UBF834NnteSGmsi8JcAAOcOFOaH7GJfG8BAJfr4Duct/GuCg==
HS signature: hWrsha/Pxho079SQ7RbIQNFwiEUkHF5qu05CNQWBmK5UeeqYx/w8GKhE1H94pbr9R/mbQiSPRXUKliEz0JDFDA==
Comments signature: xTWFAYjgJ16jme708CkcrCqJVkIAWx1T/G6lb/r3CUTu/L9kPtXCPv4JN3047X16TuAGg1+EtXqTE78kb0vnCw==
