---
source: foolish-core/src/ubc_snapshot_tester.rs
---
SIG: dc5f586cda43023e707697692c78032300a24b1b813cbf1ccb770080d1a7b683 Gfc297+p/ydY63wBgTxhLSfebMocMRu7Rt2GSgnRvjPSnOYRxVBia/hTz9j1+PpLQHOJUdFU4Ra6+9IOoppVBQ==
INPUT:
```foolish
{a=1, b=2, c=3, d=4, e=5; s1 = #-1; s2 = #-2; s3 = #-3;}
```
[0] RESULT:
Brane [CONSTANT]
  a = 
  Int(1) [INDEPENDENT]
  b = 
  Int(2) [INDEPENDENT]
  c = 
  Int(3) [INDEPENDENT]
  d = 
  Int(4) [INDEPENDENT]
  e = 
  Int(5) [INDEPENDENT]
  s1 = 
  Int(5) [INDEPENDENT]
  s2 = 
  Int(5) [INDEPENDENT]
  s3 = 
  Int(5) [INDEPENDENT]
