---
source: foolish-core/src/ubc_snapshot_tester.rs
---
INPUT:
```foolish
{a = {x=1+2}; b = {y=3*4}; c = a b;}
```
[0] RESULT:
```hssnap
Brane{
  a = 
  Brane{
    x = 
    Int(3)
  }
  b = 
  Brane{
    y = 
    Int(12)
  }
  c = 
  Brane{
    x = 
    Int(3)
    y = 
    Int(12)
  }
}
```
COMMENTS:
```markdown
complex_concat_with_operations
```
SIGNATURES:
Public key: dc5f586cda43023e707697692c78032300a24b1b813cbf1ccb770080d1a7b683
Foolish signature: hQZ3XlbJGCwNVmkTvvRiWQV1g6p/STn4Fd9yT0++sGLitIb/zHnnNHPywvmqVpMHd5cktMT7LFhzayFSXQ4mAw==
HS signature: l7jSUcqgEpVpFGz7W+nd2xRazmCZyI0T6T5cizbQ4ip9RMHEJkkBkmvrNhhtESRd9+AIxJGh+IAZHsJ6j5/jCg==
Comments signature: /cKQ2IcA1C/6cFIydqqWnBFDb8IJZbYXztH3Bv0NjNMLtwbpmzhNVC1A66XIWwlm1IdTpU3jwZTiVdCBtIG9CA==
