---
source: foolish-core/src/ubc_snapshot_tester.rs
---
SIG: dc5f586cda43023e707697692c78032300a24b1b813cbf1ccb770080d1a7b683 8qfr0jpSsMP6MZAsD56aGbduYNh+nJ3slMhr8S+O04N/0gGhEQnVaYe41x8MuuHjYIaXc8UxZ9Qo9GNdgbECCw==
INPUT:
```foolish
{x = 5; y = 10; inner = {calc = <<x + y>>; doubled = calc * 2};}
```
[0] RESULT:
Brane [CONSTANT]
  x = 
  Int(5) [INDEPENDENT]
  y = 
  Int(10) [INDEPENDENT]
  inner = 
  Brane [CONSTANT]
    calc = 
    StayFullyFoolish [INDEPENDENT]
      Operator(+) [EMBRYONIC]
        Search(pattern='^x$', dir=BACKWARD, FREE) [CONSTANT]
        Search(pattern='^y$', dir=BACKWARD, FREE) [CONSTANT]
    doubled = 
    Int(30) [CONSTANT]
