---
source: foolish-core/src/ubc_snapshot_tester.rs
---
SIG: dc5f586cda43023e707697692c78032300a24b1b813cbf1ccb770080d1a7b683 L09fnPEvbEureznI5hrCr2JI1Q5m0YKKnak+QHXUlUDG6AfxuGSymxI+GrUIWZRVmGXU1SdNg+SQjo7NBZvrBw==
INPUT:
```foolish
{target = {a=1; c=2; c={a=1, b=2, c=3}}; b1 = {x=10}; result = b1 target.c;}
```
[0] RESULT:
Brane [CONSTANT]
  target = 
  Brane [CONSTANT]
    a = 
    Int(1) [INDEPENDENT]
    c = 
    Int(2) [INDEPENDENT]
    c = 
    Brane [CONSTANT]
      a = 
      Int(1) [INDEPENDENT]
      b = 
      Int(2) [INDEPENDENT]
      c = 
      Int(3) [INDEPENDENT]
  b1 = 
  Brane [CONSTANT]
    x = 
    Int(10) [INDEPENDENT]
  result = 
  Brane [CONSTANT]
    x = 
    Int(10) [INDEPENDENT]
