---
source: foolish-core/src/ubc_snapshot_tester.rs
---
SIG: dc5f586cda43023e707697692c78032300a24b1b813cbf1ccb770080d1a7b683 1SXA6C7yxC6ZpiMvulmMy1eFI1Es1+sQ6hUtwarY1vKYOMtGrpNqx+rd59gPsyK1pqAjtcEAE57YwFIWqdU2CA==
INPUT:
```foolish
{a = 10; b = 20; sum = a + b; nested = {inner = sum / 2}; result = nested.inner;}
```
[0] RESULT:
Brane [NK]
  a = 
  Int(10) [INDEPENDENT]
  b = 
  Int(20) [INDEPENDENT]
  sum = 
  Int(30) [CONSTANT]
  nested = 
  Brane [WOCONSTANIC]
    inner = 
    Operator(/) [WOCONSTANIC]
      Search(pattern='^sum$', dir=BACKWARD, FREE) [WOCONSTANIC]
        Operator(+) [WOCONSTANIC]
          Search(pattern='^a$', dir=BACKWARD, FREE) [CONSTANT]
          Search(pattern='^b$', dir=BACKWARD, FREE) [CONSTANT]
      Int(2) [INDEPENDENT]
  result = 
  Search(pattern='^inner$', dir=BACKWARD, ANCHORED) [NK]
