---
source: foolish-core/src/ubc_snapshot_tester.rs
---
INPUT:
```foolish
{a = {x=1+2}; b = {y=3*4}; c = a b;}
```
[0] RESULT:
```hfssnap
Brane{
    a = Brane{
        x = 3
    };
    b = Brane{
        y = 12
    };
    c = Brane{
        x = 3;
        y = 12
    }
}
```
COMMENTS:
```markdown
complex_concat_with_operations
```
SIGNATURES:
Public key: dc5f586cda43023e707697692c78032300a24b1b813cbf1ccb770080d1a7b683
Foolish signature: hQZ3XlbJGCwNVmkTvvRiWQV1g6p/STn4Fd9yT0++sGLitIb/zHnnNHPywvmqVpMHd5cktMT7LFhzayFSXQ4mAw==
HFS signature: wwokplVTK7LpkJIOw2EtN5aaR5RCkREZwP4Qv4C1YniTG7BIELwkid5IJmF25/LG4Pck4wG9bcrkiZUCsN30BA==
Comments signature: QfdqrVTB+lZEEjbDdteHxn/o7icjUSbG3ZLHXoV5HjBe8AEBEFQN2X4N9rwEmZYLpF+vxoIzkoqFyUeUWjzBCw==
