---
source: foolish-core/src/ubc_snapshot_tester.rs
---
SIG: dc5f586cda43023e707697692c78032300a24b1b813cbf1ccb770080d1a7b683 ssYnBrajHlb2cVUC/spi1Y1l7ZOUOAtBU9tKjkOZwgNiXuUhpiQ/YY2Xvj6PFPFVUSh/2ZDKxaiD2vH8VNYWDw==
INPUT:
```foolish
{x=10; y=<x>; z=y + 5;}
```
[0] RESULT:
Brane [CONSTANT]
  x = 
  Int(10) [INDEPENDENT]
  y = 
  StayFoolish [CONSTANT]
    Search(pattern='^x$', dir=BACKWARD, FREE) [CONSTANT]
      Int(10) [INDEPENDENT]
  z = 
  Int(15) [CONSTANT]
