---
source: foolish-core/src/ubc_snapshot_tester.rs
---
SIG: dc5f586cda43023e707697692c78032300a24b1b813cbf1ccb770080d1a7b683 lATSCngkRPllgcpySFfij40IPvVOdXraCOLxdoTraAIlOXvsQXwD75sktfcSMNYGZLCpgFdy1utwkByduMRmCw==
INPUT:
```foolish
{a = 10; b = 20; outer = {c = 30; ac = a + c; inner = {a = 40; abc = a + b + c}; ab = a + b};}
```
[0] RESULT:
Brane [CONSTANT]
  a = 
  Int(10) [INDEPENDENT]
  b = 
  Int(20) [INDEPENDENT]
  outer = 
  Brane [CONSTANT]
    c = 
    Int(30) [INDEPENDENT]
    ac = 
    Int(40) [CONSTANT]
    inner = 
    Brane [CONSTANT]
      a = 
      Int(40) [INDEPENDENT]
      abc = 
      Int(90) [CONSTANT]
    ab = 
    Int(30) [CONSTANT]
