---
source: foolish-core/src/ubc_snapshot_tester.rs
---
SIG: dc5f586cda43023e707697692c78032300a24b1b813cbf1ccb770080d1a7b683 Yyy/jMH9SMSnCnxCzunc8XwQ3N6XFlQcdc5qGEaVPgjpAm3QT6n+BobbEqFSh/9+yzxZ6wo9sQ8sMBPIOzTcDQ==
INPUT:
```foolish
{c = {a=1, b=2, c=3}{e=4, f=5, g=6};}
```
[0] RESULT:
Brane [CONSTANT]
  c = 
  Brane [CONSTANT]
    a = 
    Int(1) [INDEPENDENT]
    b = 
    Int(2) [INDEPENDENT]
    c = 
    Int(3) [INDEPENDENT]
    e = 
    Int(4) [INDEPENDENT]
    f = 
    Int(5) [INDEPENDENT]
    g = 
    Int(6) [INDEPENDENT]
