---
source: foolish-core/src/ubc_snapshot_tester.rs
---
SIG: dc5f586cda43023e707697692c78032300a24b1b813cbf1ccb770080d1a7b683 9mQ3JvBrwjOjzgKfPPmA+EOIAqwajOWBr8fjY9atkucWtm2YVnhDXylzCOOPwy3US62kN04Fm+gj0b6kgCPsDA==
INPUT:
```foolish
{b1={a=1, b=2, c=3}; b2={e=4, f=5, g=6}; c = b1 b2;}
```
[0] RESULT:
Brane [CONSTANT]
  b1 = 
  Brane [CONSTANT]
    a = 
    Int(1) [INDEPENDENT]
    b = 
    Int(2) [INDEPENDENT]
    c = 
    Int(3) [INDEPENDENT]
  b2 = 
  Brane [CONSTANT]
    e = 
    Int(4) [INDEPENDENT]
    f = 
    Int(5) [INDEPENDENT]
    g = 
    Int(6) [INDEPENDENT]
  c = 
  Brane [CONSTANT]
    a = 
    Int(1) [INDEPENDENT]
    b = 
    Int(2) [INDEPENDENT]
    c = 
    Int(3) [INDEPENDENT]
    e = 
    Int(4) [INDEPENDENT]
    f = 
    Int(5) [INDEPENDENT]
    g = 
    Int(6) [INDEPENDENT]
