---
source: foolish-core/src/ubc_snapshot_tester.rs
---
INPUT:
```foolish
{c = {a=1, b=2, c=3}{e=4, f=5, g=6};}
```
[0] RESULT:
```hssnap
Brane{
  c = 
  Brane{
    a = 
    Int(1)
    b = 
    Int(2)
    c = 
    Int(3)
    e = 
    Int(4)
    f = 
    Int(5)
    g = 
    Int(6)
  }
}
```
COMMENTS:
```markdown
concatenation_inline_branes
```
SIGNATURES:
Public key: dc5f586cda43023e707697692c78032300a24b1b813cbf1ccb770080d1a7b683
Foolish signature: Yyy/jMH9SMSnCnxCzunc8XwQ3N6XFlQcdc5qGEaVPgjpAm3QT6n+BobbEqFSh/9+yzxZ6wo9sQ8sMBPIOzTcDQ==
HS signature: WoUWZbUBFrCuC0Kg+9BKJgyHAcqdb8DXfpjf70q86S5R1I+3125h0YNInIlYovJsrfJAMvk8hDlNjxYbgChQAQ==
Comments signature: pmp8IVxHBYsJ2Buq+PYF5yzI/o+dC4ZIvBfUbxzrk1DPPa2JvmlfwDTuaodR+i3oo9bj7k0OFPIxa5Qr/tTNAA==
