---
source: foolish-core/src/ubc_snapshot_tester.rs
---
SIG: dc5f586cda43023e707697692c78032300a24b1b813cbf1ccb770080d1a7b683 zgDGPaRZ67OS5/FDL7cVVyzomAU33mI0l9F74iTjCX58eRVgUPm75hnZr3+UojuQTXvSOxln1xzDVp+nXbDPBg==
INPUT:
```foolish
{b1={a=1, b=2}; b2={c=3, d=4}; b3={e=5, f=6}; c = b1 b2 b3;}
```
[0] RESULT:
Brane [CONSTANT]
  b1 = 
  Brane [CONSTANT]
    a = 
    Int(1) [INDEPENDENT]
    b = 
    Int(2) [INDEPENDENT]
  b2 = 
  Brane [CONSTANT]
    c = 
    Int(3) [INDEPENDENT]
    d = 
    Int(4) [INDEPENDENT]
  b3 = 
  Brane [CONSTANT]
    e = 
    Int(5) [INDEPENDENT]
    f = 
    Int(6) [INDEPENDENT]
  c = 
  Brane [CONSTANT]
    a = 
    Int(1) [INDEPENDENT]
    b = 
    Int(2) [INDEPENDENT]
    c = 
    Int(3) [INDEPENDENT]
    d = 
    Int(4) [INDEPENDENT]
    e = 
    Int(5) [INDEPENDENT]
    f = 
    Int(6) [INDEPENDENT]
