---
source: foolish-core/src/lib.rs
---
INPUT: {c = {a=1, b=2, c=3}{e=4, f=5, g=6};}
[0] PARSED:
Brane [EMBRYONIC]
  c = 
  Concatenation(elements=2) [EMBRYONIC]
    Brane [EMBRYONIC]
      a = 
      Int(1) [INDEPENDENT]
      b = 
      Int(2) [INDEPENDENT]
      c = 
      Int(3) [INDEPENDENT]
    Brane [EMBRYONIC]
      e = 
      Int(4) [INDEPENDENT]
      f = 
      Int(5) [INDEPENDENT]
      g = 
      Int(6) [INDEPENDENT]
RESULT:
Brane [CONSTANT]
  c = 
  Brane [CONSTANT]
    a = 
    Int(1) [INDEPENDENT]
    b = 
    Int(2) [INDEPENDENT]
    c = 
    Int(3) [INDEPENDENT]
    e = 
    Int(4) [INDEPENDENT]
    f = 
    Int(5) [INDEPENDENT]
    g = 
    Int(6) [INDEPENDENT]
