---
source: foolish-core/src/ubc_snapshot_tester.rs
---
SIG: dc5f586cda43023e707697692c78032300a24b1b813cbf1ccb770080d1a7b683 7gJt+oMWH4+YgPm9Uw8lVZlF8NlFLq4pxJ1pyyADx7RgCY4Am1hwqecYiBiRwl7wEyLcpd5lOt9SpRdooqtOAg==
INPUT:
```foolish
{a = {}; b = {}; c = a b;}
```
[0] RESULT:
Brane [CONSTANT]
  a = 
  Brane [CONSTANT]
  b = 
  Brane [CONSTANT]
  c = 
  Brane [CONSTANT]
