---
source: foolish-core/src/ubc_snapshot_tester.rs
---
INPUT:
```foolish
{a = {x=ref}; b = {y=2}; c = a b;}
```
[0] RESULT:
```hssnap
Brane [WOCONSTANIC]{
  a = 
  Brane [WOCONSTANIC]{
    x = 
    Search(pattern='^ref$', dir=BACKWARD, UNANCHORED, [ECONSTANIC])
  }
  b = 
  Brane{
    y = 
    Int(2)
  }
  c = 
  Brane{
    y = 
    Int(2)
  }
}
```
COMMENTS:
```markdown
concatenation_with_unresolved_search
```
SIGNATURES:
Public key: dc5f586cda43023e707697692c78032300a24b1b813cbf1ccb770080d1a7b683
Foolish signature: 0nn0zHTItXiXgst2fdcj8qAcRecdM81vlZuNywRWyn84nf//TMf+OoPKmkpI5ilJaZfp/Hi3oChYXZ3rYHqDDw==
HS signature: fCSokAOiHObJ5aBbJZFb1oetAUttc2bTKwByex7kU6uzebMTSLW0HTNL1U2SoMbs6d4p7ZUnb7ejXV72EUKlAQ==
Comments signature: r+ePeQ4H0LibvXd5dnzql+L5HeOihRuMYdElpIxs6Hdym7QRZSLOd6HPUJ17JhZtBV6lerUosv1/IsdyFgWsAg==
