---
source: foolish-core/src/ubc_snapshot_tester.rs
---
SIG: dc5f586cda43023e707697692c78032300a24b1b813cbf1ccb770080d1a7b683 0nn0zHTItXiXgst2fdcj8qAcRecdM81vlZuNywRWyn84nf//TMf+OoPKmkpI5ilJaZfp/Hi3oChYXZ3rYHqDDw==
INPUT:
```foolish
{a = {x=ref}; b = {y=2}; c = a b;}
```
[0] RESULT:
Brane [WOCONSTANIC]
  a = 
  Brane [WOCONSTANIC]
    x = 
    Search(pattern='^ref$', dir=BACKWARD, FREE) [ECONSTANIC]
  b = 
  Brane [CONSTANT]
    y = 
    Int(2) [INDEPENDENT]
  c = 
  Brane [CONSTANT]
    y = 
    Int(2) [INDEPENDENT]
