---
source: foolish-core/src/ubc_snapshot_tester.rs
---
INPUT:
```foolish
{a = {}; b = {}; c = a b;}
```
[0] RESULT:
```hssnap
Brane{
  a = 
  Brane{
  }
  b = 
  Brane{
  }
  c = 
  Brane{
  }
}
```
COMMENTS:
```markdown
concatenation_of_empty_branes
```
SIGNATURES:
Public key: dc5f586cda43023e707697692c78032300a24b1b813cbf1ccb770080d1a7b683
Foolish signature: 7gJt+oMWH4+YgPm9Uw8lVZlF8NlFLq4pxJ1pyyADx7RgCY4Am1hwqecYiBiRwl7wEyLcpd5lOt9SpRdooqtOAg==
HS signature: p3/rxoiBSjXA+tp4mKeTwerwHJj+K5dR7Lz9J543F7wHcQjjXVpAa6y5/ww6yeq+wZIVnXLLDhzRIEDsZQABBg==
Comments signature: ygnEUE2ATz73VuaV03Ta3pMFNGebg8YULWQSrugQU5lJcJCaYtA4umqiISWZKuBZhjItDS2G+ez0ImATnC3SCg==
