---
source: foolish-core/src/ubc_snapshot_tester.rs
---
SIG: dc5f586cda43023e707697692c78032300a24b1b813cbf1ccb770080d1a7b683 NFJbInnfc3XLURxjKZH9y3pXykHfOrnvHPR6ku8T29aze9FiDt88RRvu+zD8+2rqbcfaFnIHPInukeoW70QqBQ==
INPUT:
```foolish
{a = {x=1}; c = a a;}
```
[0] RESULT:
Brane [CONSTANT]
  a = 
  Brane [CONSTANT]
    x = 
    Int(1) [INDEPENDENT]
  c = 
  Brane [CONSTANT]
    x = 
    Int(1) [INDEPENDENT]
    x = 
    Int(1) [INDEPENDENT]
