---
source: foolish-core/src/ubc_snapshot_tester.rs
---
INPUT:
```foolish
{a = 1; b = {c = a + 1; d = c + 1};}
```
[0] RESULT:
```hssnap
Brane{
  a = 
  Int(1)
  b = 
  Brane{
    c = 
    Int(2)
    d = 
    Int(3)
  }
}
```
COMMENTS:
```markdown
cross_scope_reference_chain
```
SIGNATURES:
Public key: dc5f586cda43023e707697692c78032300a24b1b813cbf1ccb770080d1a7b683
Foolish signature: tNHk0722tO1WsAYqGXU6E4LyluowMjg1/r7fpl7OaiRQ6cyKBRGbEhFie/i1WiZLeArBNQ7RkQ9aHdYqQ37sDg==
HS signature: NcT2CJgLZ9QO/F/LU3IN+NUKsUCi0O2KBTp7xuGPyrpCdZl+ftDdBv+9cJizxEVKG3eh5ztzyR884EK7ISWIDQ==
Comments signature: erbXIT+NtlixquxW3QtOTXQWP8LAe3AKm/XtLuE97jszuZVwTtDU/bXCFtlK3mmgTjWEfsUwObPj8ifgyFJhDA==
