---
source: foolish-core/src/ubc_snapshot_tester.rs
---
SIG: dc5f586cda43023e707697692c78032300a24b1b813cbf1ccb770080d1a7b683 tNHk0722tO1WsAYqGXU6E4LyluowMjg1/r7fpl7OaiRQ6cyKBRGbEhFie/i1WiZLeArBNQ7RkQ9aHdYqQ37sDg==
INPUT:
```foolish
{a = 1; b = {c = a + 1; d = c + 1};}
```
[0] RESULT:
Brane [WOCONSTANIC]
  a = 
  Int(1) [INDEPENDENT]
  b = 
  Brane [WOCONSTANIC]
    c = 
    Int(2) [CONSTANT]
    d = 
    Operator(+) [WOCONSTANIC]
      Search(pattern='^c$', dir=BACKWARD, FREE) [WOCONSTANIC]
        Operator(+) [WOCONSTANIC]
          Search(pattern='^a$', dir=BACKWARD, FREE) [CONSTANT]
          Int(1) [INDEPENDENT]
      Int(1) [INDEPENDENT]
