---
source: foolish-core/src/ubc_snapshot_tester.rs
---
INPUT:
```foolish
{{{1;}; 2}; 3;}
```
[0] RESULT:
```hssnap
Brane{
  Brane{
    Brane{
      Int(1)
    }
    Int(2)
  }
  Int(3)
}
```
COMMENTS:
```markdown
deeply_nested_branes
```
SIGNATURES:
Public key: dc5f586cda43023e707697692c78032300a24b1b813cbf1ccb770080d1a7b683
Foolish signature: ts+is4fU9t4OKbPpTLF2vuDeokiDmOhmSuEDQxR7v4b4DyejSg2w73lBXK3fIZWaQ3w6YAc8t0p6L4m2vEgLAQ==
HS signature: iB/INWiYE4/vIvVSNyrDlXoQ22ZdxqdBHoCUwCjVuhxG0dxiXYGaHaNvQlMBNhGsrO1OSlGFnHYW0NpMvaCoBw==
Comments signature: HXUMIjyjXZMWbCy4+U9jFi6vYTpjhsNHYulEJi56MjBAsU2kdLiKlsp5dOTO7OGvgULHoxuL3fC0IjhnSZUxCg==
