---
source: foolish-core/src/ubc_snapshot_tester.rs
---
SIG: dc5f586cda43023e707697692c78032300a24b1b813cbf1ccb770080d1a7b683 ts+is4fU9t4OKbPpTLF2vuDeokiDmOhmSuEDQxR7v4b4DyejSg2w73lBXK3fIZWaQ3w6YAc8t0p6L4m2vEgLAQ==
INPUT:
```foolish
{{{1;}; 2}; 3;}
```
[0] RESULT:
Brane [CONSTANT]
  Brane [CONSTANT]
    Brane [CONSTANT]
      Int(1) [INDEPENDENT]
    Int(2) [INDEPENDENT]
  Int(3) [INDEPENDENT]
