---
source: foolish-core/src/ubc_snapshot_tester.rs
---
INPUT:
```foolish
{a = 10 / 3; b = 9 / 3;}
```
[0] RESULT:
```hssnap
Brane{
  a = 
  Int(3)
  b = 
  Int(3)
}
```
COMMENTS:
```markdown
division_exact_and_remainder
```
SIGNATURES:
Public key: dc5f586cda43023e707697692c78032300a24b1b813cbf1ccb770080d1a7b683
Foolish signature: lt3Wh3MZFW8wwVDtezwSbjkS1/VTQdG2puK4Rqi5D2/CucRvua6eMl3SCUxF04zjZm7fHJw9Pr3M0S/o0Ex5Dw==
HS signature: 4Lvctp3PwvklYU03uAV9RfLygF8I+mIafvOmXGRO1YhXvDsWYTw3tZktKxmLTrilZeoU6jYqV50Zhnq+vU8+BA==
Comments signature: F55BsIbkrW3hQcGFVWP7nzajASYSAd53tJuzrQhKC5XkjoUyWFY0esTd+KgQGMqWrJqMsAoOpqIIEkYiDoVxDw==
