---
source: foolish-core/src/ubc_snapshot_tester.rs
---
SIG: dc5f586cda43023e707697692c78032300a24b1b813cbf1ccb770080d1a7b683 W1zBkb1fJQ63LLY9g/QRi37Clj3tpEEEqrpkjeunXBZU5DfofDGNYGPYrq2xkAD6bVAnbRk4EmxkKKYBO2e1DQ==
INPUT:
```foolish
{outer = {inner = {a = 5 / 0; b = 10 / 2};};}
```
[0] RESULT:
Brane [NK]
  outer = 
  Brane [NK]
    inner = 
    Brane [NK]
      a = 
      ??? (division by zero) [NK]
      b = 
      Int(5) [CONSTANT]
