---
source: foolish-core/src/ubc_snapshot_tester.rs
---
INPUT:
```foolish
{outer = {inner = {a = 5 / 0; b = 10 / 2};};}
```
[0] RESULT:
```hssnap
Brane [NK]{
  outer = 
  Brane [NK]{
    inner = 
    Brane [NK]{
      a = 
      ??? (division by zero, [NK])
      b = 
      Int(5)
    }
  }
}
```
COMMENTS:
```markdown
division_by_zero_in_nested_brane
```
SIGNATURES:
Public key: dc5f586cda43023e707697692c78032300a24b1b813cbf1ccb770080d1a7b683
Foolish signature: W1zBkb1fJQ63LLY9g/QRi37Clj3tpEEEqrpkjeunXBZU5DfofDGNYGPYrq2xkAD6bVAnbRk4EmxkKKYBO2e1DQ==
HS signature: ladVWFT283duhGB7VbGIupb0G1rOAXFkELOY7iIbgZq47SCnb00axcVqrSb/5UZahIQJwyROURnCZswzZQKhDQ==
Comments signature: 5cCkF1MDcmzDRoAEWzXMTMcHrj4YwEIWplLt70EVhPp1fRTn2IGuUCH7NkTV4GCbuph721VRC4DQbnzYt30DBg==
