---
source: foolish-core/src/ubc_snapshot_tester.rs
---
SIG: dc5f586cda43023e707697692c78032300a24b1b813cbf1ccb770080d1a7b683 PYhytaiEamiA/S2o5rGD76QUvFFhZbL1b7bgeBFjGOdqrw0IHZU+efdY5b+P7jJMWrV15t/QMCYvtJFocpXXAw==
INPUT:
```foolish
{x=5, y=7, z=#-2 + #-1;}
```
[0] RESULT:
Brane [CONSTANT]
  x = 
  Int(5) [INDEPENDENT]
  y = 
  Int(7) [INDEPENDENT]
  z = 
  Int(12) [CONSTANT]
