---
source: foolish-core/src/ubc_snapshot_tester.rs
---
SIG: dc5f586cda43023e707697692c78032300a24b1b813cbf1ccb770080d1a7b683 4Hrk0bGHevnzjxmT3mTiVfE/SdOH3DkL204YIpF8TAA86wWU62uSPxtRN+7sPiYHW8uMNL4wUnQSSeFIzcMiCw==
INPUT:
```foolish
{outer = {val = x}; x = 100;}
```
[0] RESULT:
Brane [CONSTANT]
  outer = 
  Brane [CONSTANT]
    val = 
    Int(100) [INDEPENDENT]
  x = 
  Int(100) [INDEPENDENT]
