---
source: foolish-core/src/ubc_snapshot_tester.rs
---
INPUT:
```foolish
{outer = {val = x}; x = 100;}
```
[0] RESULT:
```hssnap
Brane [WOCONSTANIC]{
  outer = 
  Brane [WOCONSTANIC]{
    val = 
    Search(pattern='^x$', dir=BACKWARD, UNANCHORED, [ECONSTANIC])
  }
  x = 
  Int(100)
}
```
COMMENTS:
```markdown
forward_reference_in_nested_brane
```
SIGNATURES:
Public key: dc5f586cda43023e707697692c78032300a24b1b813cbf1ccb770080d1a7b683
Foolish signature: 4Hrk0bGHevnzjxmT3mTiVfE/SdOH3DkL204YIpF8TAA86wWU62uSPxtRN+7sPiYHW8uMNL4wUnQSSeFIzcMiCw==
HS signature: 5q+vhxIk2hVAeT2xpdZjnUdozVClTFvMnBVBjWxOdf+tKat2ESy3TToP59/XThTBamYvkANtdwbByJpTEssBDA==
Comments signature: 40IHTIWxs71ihqObWOnw8ZCU1OLqXb/UGusn4nF1icd1YFYH5sdPy7QUXKQwudYJENacwzRCrKZAMaKzfhuxCQ==
