---
source: foolish-core/src/ubc_snapshot_tester.rs
---
INPUT:
```foolish
{e = {}^; f = {}$;}
```
[0] RESULT:
```hssnap
Brane [NK]{
  e = 
  HeadTail(HEAD, ANCHORED, [NK])
  f = 
  HeadTail(TAIL, ANCHORED, [NK])
}
```
COMMENTS:
```markdown
head_tail_empty_brane
```
SIGNATURES:
Public key: dc5f586cda43023e707697692c78032300a24b1b813cbf1ccb770080d1a7b683
Foolish signature: Op9FpCPn6rtPcl85nBOO3159u9dxIZzkrOB3FYyixEo+iNyZBhQFQ9yjqfcCtZEUyM4t3IzLMRmIlnJVe2deBw==
HS signature: ds3Za0Bkvsp1W3+VWSmB43uJB9AXY9Bd9D2o0eJccgSYk7o8RLrIEkuzqwh7Pd15T4NsEva62ynsXS79IfWoCA==
Comments signature: Od1t8nvwuE5DFpA4aubm5i7mq9jaJoYrxdQlwleG3U/PC9/5YF5b0a7a1cN/p85VRz7KMIQMRdk/pc8L78f+Ag==
