---
source: foolish-core/src/ubc_snapshot_tester.rs
---
INPUT:
```foolish
{brane = {1; 2; 3}; val = brane^; last = brane$;}
```
[0] RESULT:
```hssnap
Brane{
  brane = 
  Brane{
    Int(1)
    Int(2)
    Int(3)
  }
  val = 
  Int(1)
  last = 
  Int(3)
}
```
COMMENTS:
```markdown
head_tail_on_named_brane
```
SIGNATURES:
Public key: dc5f586cda43023e707697692c78032300a24b1b813cbf1ccb770080d1a7b683
Foolish signature: Ii+46C/OR69N2BxyZd79ujKdb9mxlfW4eba4JmqDLeJcqey2PvhHmnj6wIGcV+1BH/cWmNpNxwcRNl4HxaksCw==
HS signature: GJUahcarViU32maMukS0wMpM2xxHrgY0vu9MpGLR+k+JpDLyXC2gO0qUPQZkXGKLtMo616dyuV/1BoDaciOiDg==
Comments signature: MaSn2/ie521eFgNTjE8MsJeEfRlPC/gl5xYuzdxnhRxBaAXs2Ovse0+csAy2n9gmKRIpC+tTdaHxzUo3YsbBBg==
