---
source: foolish-core/src/ubc_snapshot_tester.rs
---
SIG: dc5f586cda43023e707697692c78032300a24b1b813cbf1ccb770080d1a7b683 Op9FpCPn6rtPcl85nBOO3159u9dxIZzkrOB3FYyixEo+iNyZBhQFQ9yjqfcCtZEUyM4t3IzLMRmIlnJVe2deBw==
INPUT:
```foolish
{e = {}^; f = {}$;}
```
[0] RESULT:
Brane [NK]
  e = 
  HeadTail(HEAD, ANCHORED) [NK]
  f = 
  HeadTail(TAIL, ANCHORED) [NK]
