---
source: foolish-core/src/ubc_snapshot_tester.rs
assertion_line: 52
---
INPUT:
```foolish
{e = {}^; f = {}$;}
```
[0] RESULT:
```hfssnap
{NK
  e=^(result={}, NK);
  f=$(result={}, NK)
}
```
COMMENTS:
```markdown
head_tail_empty_brane
```
SIGNATURES:
Public key: dc5f586cda43023e707697692c78032300a24b1b813cbf1ccb770080d1a7b683
Foolish signature: Op9FpCPn6rtPcl85nBOO3159u9dxIZzkrOB3FYyixEo+iNyZBhQFQ9yjqfcCtZEUyM4t3IzLMRmIlnJVe2deBw==
HFS signature: ROMg6mZiCqjoOgxf1o+U+B/wXrta99Le7U1FB8mBqhCf72BK7lLJXjrrvmE18rQfuxskCRZRiKWOTtVJNfV+AQ==
Comments signature: UJ2kV5p+cV3dt2AjlihHOC9H/AQZoeHu/zFsd8DP9Q7OKsIxIgpGJ7DsEgzHAAKHQP/ntp9R4i/T89RDg9P9AQ==
