---
source: foolish-core/src/ubc_snapshot_tester.rs
---
INPUT:
```foolish
{x = {10; 20; 30}^; y = {10; 20; 30}$;}
```
[0] RESULT:
```hssnap
Brane{
  x = 
  Int(10)
  y = 
  Int(30)
}
```
COMMENTS:
```markdown
head_tail_basic
```
SIGNATURES:
Public key: dc5f586cda43023e707697692c78032300a24b1b813cbf1ccb770080d1a7b683
Foolish signature: H6qRVntwKvC0a4FpMDE/EgiX8clsQl9wsrl9OfUoes5B9RPH8IXTNM4NjU/HlZGcFSztGukvBfLCU35AgBdsDQ==
HS signature: 04AqgoOuakRu3f7Wd7e5yopTrNp7myXGnhL5zQgUfiimOXb0WgAarcoSb8u/zIEsaYCL8T0waKHS440h0kl5Bw==
Comments signature: QqCnSr5dY8shxkd1SEc4q/5YuqeBudjw/O5wt++kE8olfvPJMbxo3OT8AYPA93Y10dYdc2yXy3RQzLwELL3ZDg==
