---
source: foolish-core/src/ubc_snapshot_tester.rs
---
INPUT:
```foolish
{b = {{1; 2}; {3; 4}}$; c = b^; d = b$;}
```
[0] RESULT:
```hssnap
Brane{
  b = 
  Brane{
    Int(3)
    Int(4)
  }
  c = 
  Int(3)
  d = 
  Int(4)
}
```
COMMENTS:
```markdown
head_tail_nested_brane
```
SIGNATURES:
Public key: dc5f586cda43023e707697692c78032300a24b1b813cbf1ccb770080d1a7b683
Foolish signature: jh9Rw0hsUe1GdZ1yiS2UkwCcgh9TnWkLANYSkt6ggCnN+0e5029VmFjCTqi1VtjZiGFBc417hy3SNRS4pHXEBg==
HS signature: 9B6KyWQjqZDF2wWg+72zJguk4P/6akTBWDjWXM1VywgEfSoVJtdyppEz6W1TfSCErDgUYJ7rJy/ERbDAGNDuCw==
Comments signature: ldHPuNwpT0AwkSVzrDq6ryAriz5QcomGqjLsBRplev4rB8ElExbb3FT32PDPlAbPta+nUjOt+c0mk885KYFGCA==
