---
source: foolish-core/src/ubc_snapshot_tester.rs
---
INPUT:
```foolish
{b = {10; 20}; h = b^; t = b$;}
```
[0] RESULT:
```hssnap
Brane{
  b = 
  Brane{
    Int(10)
    Int(20)
  }
  h = 
  Int(10)
  t = 
  Int(20)
}
```
COMMENTS:
```markdown
head_tail_on_two_element_brane
```
SIGNATURES:
Public key: dc5f586cda43023e707697692c78032300a24b1b813cbf1ccb770080d1a7b683
Foolish signature: hXuWNVPIS9jC7Vg4gjE5WO61S8BSIYnPdQu5Kga/ypS8XauCes46MwxnSqQ1mFUmZhOptDgewq2nC53EqQrGCw==
HS signature: I2yQ4k/MhW3qxKqJIDxW3iqd6w4kgLiu8Ws6X1gMePOJca8vNQEofLNjiPnt0Y0ecs7UhI2H/yAgTDgCtSgDDw==
Comments signature: raBHqEIXo6zRFR/ZwCNJpSHguuWY86GXKmnnOg1QufGc560eGB+YvyWA42DbapMCidVNPxvkvxn7CyULyn52CA==
