---
source: foolish-core/src/ubc_snapshot_tester.rs
---
SIG: dc5f586cda43023e707697692c78032300a24b1b813cbf1ccb770080d1a7b683 Ii+46C/OR69N2BxyZd79ujKdb9mxlfW4eba4JmqDLeJcqey2PvhHmnj6wIGcV+1BH/cWmNpNxwcRNl4HxaksCw==
INPUT:
```foolish
{brane = {1; 2; 3}; val = brane^; last = brane$;}
```
[0] RESULT:
Brane [CONSTANT]
  brane = 
  Brane [CONSTANT]
    Int(1) [INDEPENDENT]
    Int(2) [INDEPENDENT]
    Int(3) [INDEPENDENT]
  val = 
  Int(1) [INDEPENDENT]
  last = 
  Int(3) [INDEPENDENT]
