---
source: foolish-core/src/ubc_snapshot_tester.rs
---
INPUT:
```foolish
{b = {{{1; 2}; 3}; 4}; h = b^; hh = b^^;}
```
[0] RESULT:
```hssnap
Brane{
  b = 
  Brane{
    Brane{
      Brane{
        Int(1)
        Int(2)
      }
      Int(3)
    }
    Int(4)
  }
  h = 
  Brane{
    Brane{
      Int(1)
      Int(2)
    }
    Int(3)
  }
  hh = 
  Brane{
    Int(1)
    Int(2)
  }
}
```
COMMENTS:
```markdown
head_tail_chained_on_nested
```
SIGNATURES:
Public key: dc5f586cda43023e707697692c78032300a24b1b813cbf1ccb770080d1a7b683
Foolish signature: efN9fyZ/xDjuTG5BJQg2f5XufugV0r1dZZ++KC3sibHT5oeesOpkvoq5A+rgVVoI9acFm+rO66Zbh4OyTr23Dg==
HS signature: 89iCbeqp10RFA6GVsVMeeUnixpVvowwTbJy7vRUgTlJ/xndZJvr02BD1gJuPfBc/+jyV0ht0VK7cYjDXrN8KBw==
Comments signature: ThBYXs+5hj6CXca0kEYJYnLzMQN6UKl48iAotIIDoBfxxnbyxVMZEjbvxQ/zc1yv3aCYf71zRvSvy6a3X/vbCw==
