---
source: foolish-core/src/ubc_snapshot_tester.rs
---
INPUT:
```foolish
{x = 10; y = 20; x + y;}
```
[0] RESULT:
```hssnap
Brane{
  x = 
  Int(10)
  y = 
  Int(20)
  Int(30)
}
```
COMMENTS:
```markdown
identifier_in_expression
```
SIGNATURES:
Public key: dc5f586cda43023e707697692c78032300a24b1b813cbf1ccb770080d1a7b683
Foolish signature: 7ozt9RCYuoElt8AT/8HwQXLNolGwQeGfGp6QXW2l4G9HiDSqgMoDrlfV0a8zVJmnIMocjtS988Zlpfk+glwEBQ==
HS signature: 0chzR+7/LwZvJD5GJfjo4cTwkvQoj+RGYgNUeK/2BFKixgRODG0hUeZoeHTEhjwYJhSE+Dr37UEi8Z10usKbCw==
Comments signature: 07xCC7TbkxYieborE96ksD8vU11d2kS3LKB7yJK95CE//VW+U7QrWqYJBv4s99jOJUxXT9gfkHxeaXzeHtjXBA==
