---
source: foolish-core/src/ubc_snapshot_tester.rs
---
SIG: dc5f586cda43023e707697692c78032300a24b1b813cbf1ccb770080d1a7b683 7ozt9RCYuoElt8AT/8HwQXLNolGwQeGfGp6QXW2l4G9HiDSqgMoDrlfV0a8zVJmnIMocjtS988Zlpfk+glwEBQ==
INPUT:
```foolish
{x = 10; y = 20; x + y;}
```
[0] RESULT:
Brane [CONSTANT]
  x = 
  Int(10) [INDEPENDENT]
  y = 
  Int(20) [INDEPENDENT]
  Int(30) [CONSTANT]
