---
source: foolish-core/src/ubc_snapshot_tester.rs
---
SIG: dc5f586cda43023e707697692c78032300a24b1b813cbf1ccb770080d1a7b683 vlBlJKYHK8ONE5n4q4OyvT2jmTTcBgHl9fQW6hJwWU2p+6ZGvrZoX2t3mRDSr9t3uAMnb4w0t2LBjUQivuKrDQ==
INPUT:
```foolish
{x = 42; y = x; nested = {z = x};}
```
[0] RESULT:
Brane [CONSTANT]
  x = 
  Int(42) [INDEPENDENT]
  y = 
  Int(42) [INDEPENDENT]
  nested = 
  Brane [CONSTANT]
    z = 
    Int(42) [INDEPENDENT]
