---
source: foolish-core/src/ubc_snapshot_tester.rs
---
SIG: dc5f586cda43023e707697692c78032300a24b1b813cbf1ccb770080d1a7b683 6cfxO0pvysGshp3iwHVldd7QI9VF/bKo2szwZGqqTnz3T9DRkVMVpRPcq2/fLja8AHoRQJz2UAS2Q7qaDsJpBQ==
INPUT:
```foolish
{x = undeclared; outer = {inner = {y = missing};};}
```
[0] RESULT:
Brane [WOCONSTANIC]
  x = 
  Search(pattern='^undeclared$', dir=BACKWARD, FREE) [ECONSTANIC]
  outer = 
  Brane [WOCONSTANIC]
    inner = 
    Brane [WOCONSTANIC]
      y = 
      Search(pattern='^missing$', dir=BACKWARD, FREE) [ECONSTANIC]
