---
source: foolish-core/src/ubc_snapshot_tester.rs
---
INPUT:
```foolish
{10 + 5 - 3 * 2;}
```
[0] RESULT:
```hssnap
Brane{
  Int(9)
}
```
COMMENTS:
```markdown
mixed_operators
```
SIGNATURES:
Public key: dc5f586cda43023e707697692c78032300a24b1b813cbf1ccb770080d1a7b683
Foolish signature: fysCNlDdf+8ar2KsG8i9PQKYuNDFmFyoKboNzVpunEciBj5xAFioRK94ORpMa0X1A2j50hl2q+iGTEL5l2EbAA==
HS signature: CqKVD2vbKlSk1Fgn+Q9NhsKzdAZ+9AJxE+jFXw6Rlze6XzoKi1JmuL6hCe4MlD74UEH1Dd/xTGQUfxmKviHjBw==
Comments signature: F+XkODFDYI8pw6WfmGts3Q/gksuSkbgEefmpVg1xjEMKUusZ/YOuve9dCCQopRKeicqrt1k9OIiLjvZYEOiEAA==
