---
source: foolish-core/src/ubc_snapshot_tester.rs
---
SIG: dc5f586cda43023e707697692c78032300a24b1b813cbf1ccb770080d1a7b683 4wx79F1aYwHPhfWD1a8N/NWLXRXqUirlVwEswv4TlLrzJFdCp9EFg1+HT955yyElfG1Cu32iCuG+lysHu8kXBw==
INPUT:
```foolish
{42; (3 + 4) * 2; -15; 100 / 5;}
```
[0] RESULT:
Brane [CONSTANT]
  Int(42) [INDEPENDENT]
  Int(14) [CONSTANT]
  Int(-15) [CONSTANT]
  Int(20) [CONSTANT]
