---
source: foolish-core/src/ubc_snapshot_tester.rs
---
SIG: dc5f586cda43023e707697692c78032300a24b1b813cbf1ccb770080d1a7b683 g5XLxAtNDPB0o4w3UI2WQL/742yZ4CL1ZAcbzufFwj+I4B2+aEa5hlx1zAHrERbRwefF6xuhvWX/3oIgLYvOAg==
INPUT:
```foolish
{x = 5; y = 3; z = 2; x * y + z;}
```
[0] RESULT:
Brane [CONSTANT]
  x = 
  Int(5) [INDEPENDENT]
  y = 
  Int(3) [INDEPENDENT]
  z = 
  Int(2) [INDEPENDENT]
  Int(17) [CONSTANT]
