---
source: foolish-core/src/ubc_snapshot_tester.rs
---
SIG: dc5f586cda43023e707697692c78032300a24b1b813cbf1ccb770080d1a7b683 tnMzXNrZZK7VjsIYvpYGGsnwkt0PmTObXmzbxITf2B/7GtrESZ0dvosHspYDWKGoBfrIC+wdLZ+9xPtYj8d9Bw==
INPUT:
```foolish
{1; 2; 3;}
```
[0] RESULT:
Brane [CONSTANT]
  Int(1) [INDEPENDENT]
  Int(2) [INDEPENDENT]
  Int(3) [INDEPENDENT]
