---
source: foolish-core/src/ubc_snapshot_tester.rs
---
SIG: dc5f586cda43023e707697692c78032300a24b1b813cbf1ccb770080d1a7b683 uW0Fcz4/He1+/wYA73PfbBiUXSnClodQHbuQS3KqBlXTf3obUd47n2iWlxW1sx7B4SWwogfl6PdjqGpme5csBw==
INPUT:
```foolish
{x = 42; outer'{inner = {y = x}; val = inner.y};}
```
[0] RESULT:
Brane [CONSTANT]
  x = 
  Int(42) [INDEPENDENT]
  outer'Brane [CONSTANT]
    inner = 
    Brane [CONSTANT]
      y = 
      Int(42) [INDEPENDENT]
    val = 
    Int(42) [INDEPENDENT]
