---
source: foolish-core/src/ubc_snapshot_tester.rs
---
INPUT:
```foolish
{x = 100; inner'{x = 200; x}; x;}
```
[0] RESULT:
```hssnap
Brane{
  x = 
  Int(100)
  inner'Brane{
    x = 
    Int(200)
    Int(200)
  }
  Int(100)
}
```
COMMENTS:
```markdown
named_brane_shadowing
```
SIGNATURES:
Public key: dc5f586cda43023e707697692c78032300a24b1b813cbf1ccb770080d1a7b683
Foolish signature: mx8JvvVUtoqj+DYr8lPDPGXQwSzgE1GLzEfRrSJfv8hJr+tOlL6305JGTZPbod8PdVrEwMMaY6/deyosAiOVAQ==
HS signature: bL336Y2kzkPHWD6m+HqbuPupqLRS0QreeBUF3wmAwxCD/1uIb2HGIcdgVPHFSKgonKVDwk/GYSAJJAPY9WkxCg==
Comments signature: PI9qCkZ/JQljmXaNFHkGhLvaXILWJ1xYAipxffXOOZXmRIJyBYxEGDjuKOLBJ/L+Tl9TeraAlkT72Ov9uT/NAg==
