---
source: foolish-core/src/ubc_snapshot_tester.rs
---
INPUT:
```foolish
{2 + 3; {4 * 5; {6 - 1}; 7 + 8}; 9 / 3;}
```
[0] RESULT:
```hssnap
Brane{
  Int(5)
  Brane{
    Int(20)
    Brane{
      Int(5)
    }
    Int(15)
  }
  Int(3)
}
```
COMMENTS:
```markdown
nested_branes_with_arithmetic
```
SIGNATURES:
Public key: dc5f586cda43023e707697692c78032300a24b1b813cbf1ccb770080d1a7b683
Foolish signature: vLLvb0I0Anfoue0c0KAuKUmSBTQ1wQVabMp+iQCAL77geoqgDopV7aya4Myum/1wp9N677tDDCDmw9t16CXcDw==
HS signature: J7UI7cJn11iZXlL5/jM5RRlsjs1Uu55sn8AND764ln1jVSk5kTUFEiR0rVQ770lJ4gs9kvosX5J5bcTSoBQDAg==
Comments signature: aUdppu0xtom2m5fbhfy/u3WEUsVnVRH9Papk67SSQK2vL+iNnucDXWfUjmKFJuZ92U5yQOs9t3Fu0V4kpUCDCw==
