---
source: foolish-core/src/ubc_snapshot_tester.rs
---
SIG: dc5f586cda43023e707697692c78032300a24b1b813cbf1ccb770080d1a7b683 a2EHfjlv4/xgltU75YJ4bjNfPd6HVSagAu6bn0bsfw4HVnqCl0/M3s704cb/TVH0rPXvnH8RN5KIqWjnVWZ1Bw==
INPUT:
```foolish
{x = 42; b = {y = x + 1};}
```
[0] RESULT:
Brane [CONSTANT]
  x = 
  Int(42) [INDEPENDENT]
  b = 
  Brane [CONSTANT]
    y = 
    Int(43) [CONSTANT]
