---
source: foolish-core/src/ubc_snapshot_tester.rs
---
INPUT:
```foolish
{5; {10; 15}; 20;}
```
[0] RESULT:
```hssnap
Brane{
  Int(5)
  Brane{
    Int(10)
    Int(15)
  }
  Int(20)
}
```
COMMENTS:
```markdown
nested_branes
```
SIGNATURES:
Public key: dc5f586cda43023e707697692c78032300a24b1b813cbf1ccb770080d1a7b683
Foolish signature: DNMbUgFLpUekXtHU6l4jP7OiII9bQR3fqzheeARpJ+zKviOrvKwJb55p/jAy+MerguHcF6N4byNwV5e4qO83AQ==
HS signature: mmNAYqPAKsG501wcGLjXZtMo0+ibI8ZPeJUUeJDcs8R68m8FJHImWckXqclM48IQpymb18rzJWlluE6a/lkoCg==
Comments signature: GmVMtpWBXLJZevLQDIZyq2HzQqfcASxzDDF9yW3q4m1sGzbRm9zxX/1/cNKYNf51GnGUjAUoztNBEtvH8IQnBQ==
