---
source: foolish-core/src/ubc_snapshot_tester.rs
---
SIG: dc5f586cda43023e707697692c78032300a24b1b813cbf1ccb770080d1a7b683 vLLvb0I0Anfoue0c0KAuKUmSBTQ1wQVabMp+iQCAL77geoqgDopV7aya4Myum/1wp9N677tDDCDmw9t16CXcDw==
INPUT:
```foolish
{2 + 3; {4 * 5; {6 - 1}; 7 + 8}; 9 / 3;}
```
[0] RESULT:
Brane [CONSTANT]
  Int(5) [CONSTANT]
  Brane [CONSTANT]
    Int(20) [CONSTANT]
    Brane [CONSTANT]
      Int(5) [CONSTANT]
    Int(15) [CONSTANT]
  Int(3) [CONSTANT]
