---
source: foolish-core/src/ubc_snapshot_tester.rs
---
INPUT:
```foolish
{data = {a=10; b=20; c=30; d=40; e=50}; last = data#-1; second_last = data#-2;}
```
[0] RESULT:
```hssnap
Brane{
  data = 
  Brane{
    a = 
    Int(10)
    b = 
    Int(20)
    c = 
    Int(30)
    d = 
    Int(40)
    e = 
    Int(50)
  }
  last = 
  Int(50)
  secondˍlast = 
  Int(40)
}
```
COMMENTS:
```markdown
offset_access_backward
```
SIGNATURES:
Public key: dc5f586cda43023e707697692c78032300a24b1b813cbf1ccb770080d1a7b683
Foolish signature: pUK/KiH0zwQnihUUZLIFN0rbZjiDGsozeTatGMfVSiarmKniRHUlOgIqYpG5AwWsxLiIZ84011ivpiB/j01nCw==
HS signature: UyaSxxhf1wR3C8OC9F5j26EE1/3O1tpnFp2HLwJXonG6S7FU7yG1rILnvhzBlGoFeAq2lz3LiOxK/eHKmfYKAQ==
Comments signature: sDzAg6NWPxqymPNiQ4CeXVx8mpIwv7eCtusxKPhKWS202f/lmWUajIuiQ1OsXDXWMT9jdAhNYvwKTfCV8N7qAQ==
