---
source: foolish-core/src/ubc_snapshot_tester.rs
---
INPUT:
```foolish
{2 + 3 * 4 - 5;}
```
[0] RESULT:
```hssnap
Brane{
  Int(9)
}
```
COMMENTS:
```markdown
operator_precedence
```
SIGNATURES:
Public key: dc5f586cda43023e707697692c78032300a24b1b813cbf1ccb770080d1a7b683
Foolish signature: njDuTr1PQxQKxfsqrYd3orAalh+E3f9bgMOxsN30HLrqpHipGR58G7igIfpIKSLylmcoHtsDEU+tRvMNsfvjAg==
HS signature: aw2RoswJBfJpt+dHW5HofLI8SCdWISg1QyzWqjT95bvbp9JnWBw0SGcLCnX53VuBMEUKHr7hEqOshgyY0B3MAw==
Comments signature: GfSqCZ1A5kRt2i3Swj/E1zBr2lTRbxBjo0+FuLA2Swuemz6ENPDTtXWs13VL6dkGsqoA1iIbDgjgmRP8k62PDA==
