---
source: foolish-core/src/ubc_snapshot_tester.rs
---
SIG: dc5f586cda43023e707697692c78032300a24b1b813cbf1ccb770080d1a7b683 IxabrfS2SVopx4Vm9Ky3l/IETllm+xgZnLiFY9pWrt0BZ/ZWr5ovgYnsNbUfj8ueJgdUU47nVSR35/jMUHa/Cw==
INPUT:
```foolish
{a=5, b=-a;}
```
[0] RESULT:
Brane [CONSTANT]
  a = 
  Int(5) [INDEPENDENT]
  b = 
  Int(-5) [CONSTANT]
