---
source: foolish-core/src/ubc_snapshot_tester.rs
---
SIG: dc5f586cda43023e707697692c78032300a24b1b813cbf1ccb770080d1a7b683 njDuTr1PQxQKxfsqrYd3orAalh+E3f9bgMOxsN30HLrqpHipGR58G7igIfpIKSLylmcoHtsDEU+tRvMNsfvjAg==
INPUT:
```foolish
{2 + 3 * 4 - 5;}
```
[0] RESULT:
Brane [CONSTANT]
  Int(9) [CONSTANT]
