---
source: foolish-core/src/ubc_snapshot_tester.rs
---
INPUT:
```foolish
{x = 10; b = {y = x * 2 + 3};}
```
[0] RESULT:
```hssnap
Brane{
  x = 
  Int(10)
  b = 
  Brane{
    y = 
    Int(23)
  }
}
```
COMMENTS:
```markdown
operator_in_nested_brane_with_scope
```
SIGNATURES:
Public key: dc5f586cda43023e707697692c78032300a24b1b813cbf1ccb770080d1a7b683
Foolish signature: 2LdCkc6rsRqGv7R+cztwZPz1JFjaxMSoxge2QrVdgiDe95zOWLsqBvlVo4jDw3Gg/EV33s4ft3Nqe6gWAPxwAg==
HS signature: Wy/DphY0rHS3Xhz/FzGOqC6YzqvStVXWhl7g+rPE7Uv4CIKVWf/1TvxNBHpIKlIDBnlLqKevV49zA8YQNBlSBA==
Comments signature: D09RqXGlWfrSnPUoZG2NIR2o8g4ZlF6ZM641Ifwu2bVzrl47EEw6S+q8u/ZELP+HVQrxPrqF0ZQ9oQ05OepZAw==
