---
source: foolish-core/src/ubc_snapshot_tester.rs
assertion_line: 50
---
INPUT:
```foolish
{a = -3 * 4; b = -3 + 4;}
```
[0] RESULT:
```hfssnap
{
  a=-12;
  b=1
}
```
COMMENTS:
```markdown
operator_with_unary_and_binary
```
SIGNATURES:
Public key: dc5f586cda43023e707697692c78032300a24b1b813cbf1ccb770080d1a7b683
Foolish signature: DGmSpiyBBa8YJIf3PNp+0h6QuHG64qwLYL2qsAFNXcLdjk8SiKoTnD1ouY10tagTE63qdn6xXmr5CyGeiNpjCQ==
HFS signature: hvVAJ+zcpGwXi6+w1n0DRgWXHMP7O7wn+A97CJH0HDjD1252JDSqkKMUnzprQdpgKESuYimBCNbvqzu1uhpHDw==
Comments signature: w8B4+c4U4sNWz6IYZFW+FvvIHC8PV3h9ZyNXTKd+cqAJO9mJkxAfPU+0ujcykqLtsUSWqs9HEfPoKloXwvzZAw==
