---
source: foolish-core/src/ubc_snapshot_tester.rs
---
INPUT:
```foolish
{a = 10 / 0 * 5;}
```
[0] RESULT:
```hssnap
Brane [NK]{
  a = 
  Operator(*, [NK])
    ??? (division by zero, [NK])
    Int(5)
}
```
COMMENTS:
```markdown
operator_chain_with_division_by_zero
```
SIGNATURES:
Public key: dc5f586cda43023e707697692c78032300a24b1b813cbf1ccb770080d1a7b683
Foolish signature: 6xXzDmW2bk9uVdNo1pzmVAA2klNUYqIJzyzRRur13WEKdH01Vv7fQ6m36WCD7FUBwOglGTO0GBrc4OjNE2iRCw==
HS signature: GhLBchFkMUdtsweJFSLWlW9bPIWMhabsIOB74E2r/2CHLDkqCAPrCnmGeNa2q9XnS4mJWSOZfGTrdp8/+fo1AQ==
Comments signature: ivlqVoEBnhRKYdj/+u2XJj8NUVdXzI+G/PiG1zRjIlOcm+YnPKujEV3Z5GpLqdOr2/vSh9OYFBr0Wap/3BQ3Dg==
