---
source: foolish-core/src/ubc_snapshot_tester.rs
---
INPUT:
```foolish
{a=5, b=-a;}
```
[0] RESULT:
```hssnap
Brane{
  a = 
  Int(5)
  b = 
  Int(-5)
}
```
COMMENTS:
```markdown
operator_transparency_unary_in_brane
```
SIGNATURES:
Public key: dc5f586cda43023e707697692c78032300a24b1b813cbf1ccb770080d1a7b683
Foolish signature: IxabrfS2SVopx4Vm9Ky3l/IETllm+xgZnLiFY9pWrt0BZ/ZWr5ovgYnsNbUfj8ueJgdUU47nVSR35/jMUHa/Cw==
HS signature: 7QBQP74TO5ODAC4h1be+gHRo/2FKPOvNLrjADFcPpkD+RNuVi9wUASxQANM2XmhSAvs5vE3BfUKxrfriVTvlCw==
Comments signature: 3CjOppM6pvCIMUY+4ScypN18obzEOeAoGt0VQXc3PvWg7xWuvxQbglqQh4xePAvYot+LgiuR16t5TvjXHjTACw==
