---
source: foolish-core/src/ubc_snapshot_tester.rs
---
SIG: dc5f586cda43023e707697692c78032300a24b1b813cbf1ccb770080d1a7b683 gPEWkJgJ2JByiuGpIhkdf4rhGb2oaAirpYS0Z1qtJ0q9Y9gfvYFv9pnD6mBMqwXeuOrxSOmv5n1TnGcIidrCDg==
INPUT:
```foolish
{result = {alice = 1; bob = 2; charlie = 3;}?(a.*);}
```
[0] RESULT:
Brane [CONSTANT]
  result = 
  Int(1) [INDEPENDENT]
