---
source: foolish-core/src/ubc_snapshot_tester.rs
---
INPUT:
```foolish
{result = {x = 100; y = 200;}?notfound;}
```
[0] RESULT:
```hssnap
Brane [NK]{
  result = 
  Search(pattern='notfound', dir=BACKWARD, ANCHORED, [NK])
}
```
COMMENTS:
```markdown
regex_search_not_found
```
SIGNATURES:
Public key: dc5f586cda43023e707697692c78032300a24b1b813cbf1ccb770080d1a7b683
Foolish signature: DCCa1KU2iJkvywVWNJJreMY4bbb7kUGS86ZCjJxMT4Dw84x8CU9JGaVm0hvY8QGoAEdCrTmuIwF94eFMIJL/Aw==
HS signature: crGrIIrd7NaTfw8ne3TpXeBjUyd1NJRJYb2f68aVup+WN34vSvZNgpWqdrK1qE/TXxf4KxGPwDYNWuFBJbzVAw==
Comments signature: HPtKGGsQGiJk+H5BqZWaaMb3XQ8VuaObMshcLYHZdVylv88xkTleTkBBOUoXbNrqrIf8cwgUU3DG9zH0rp3sBA==
