---
source: foolish-core/src/ubc_snapshot_tester.rs
---
INPUT:
```foolish
{result = {alice = 1; charlie = 2; bob = 3;}?e$;}
```
[0] RESULT:
```hssnap
Brane{
  result = 
  Int(2)
}
```
COMMENTS:
```markdown
regex_search_anchor_end
```
SIGNATURES:
Public key: dc5f586cda43023e707697692c78032300a24b1b813cbf1ccb770080d1a7b683
Foolish signature: xrlA6fAMJIelwry/k4cc6F5hg3eTX2XHh0I8jocMH5e5zKgs6uvBpPmB41eZR5eTakQrPYDp+0eEiTlTweeeCg==
HS signature: Qcy++BQx8+o8d7knDGnqtyAagIvCARCm7g54L7InbyScjFx+y5IYw+8Fcm1RR8okhx159JobcGc+qJi/I7G0BA==
Comments signature: Nxau4PTdUpQIEJCNV/uyGAht7Ih9ZehzxT29tf2Um39uTfTV3DqCjjRWKemtUg4CsWXEalm5yS7MlDmYhQYmBg==
