---
source: foolish-core/src/ubc_snapshot_tester.rs
---
SIG: dc5f586cda43023e707697692c78032300a24b1b813cbf1ccb770080d1a7b683 DCCa1KU2iJkvywVWNJJreMY4bbb7kUGS86ZCjJxMT4Dw84x8CU9JGaVm0hvY8QGoAEdCrTmuIwF94eFMIJL/Aw==
INPUT:
```foolish
{result = {x = 100; y = 200;}?notfound;}
```
[0] RESULT:
Brane [NK]
  result = 
  Search(pattern='notfound', dir=BACKWARD, ANCHORED) [NK]
