---
source: foolish-core/src/ubc_snapshot_tester.rs
---
SIG: dc5f586cda43023e707697692c78032300a24b1b813cbf1ccb770080d1a7b683 Y6n20+pmIHuScYeHgxuPG8M5BO/gc0rTQZSyzS4Bta3dbhJ39IuX+kvl1OMGnijziXfIwsJqptTNa2wQjVeOAQ==
INPUT:
```foolish
{{{{x = 42; x};};};}
```
[0] RESULT:
Brane [CONSTANT]
  Brane [CONSTANT]
    Brane [CONSTANT]
      Brane [CONSTANT]
        x = 
        Int(42) [INDEPENDENT]
        Int(42) [INDEPENDENT]
