---
source: foolish-core/src/ubc_snapshot_tester.rs
---
INPUT:
```foolish
{a=1, b=2, c=3, d=4, e=5, f=6; expr = #-1 + #-2 + #-3 + #-4 + #-5 + #-6;}
```
[0] RESULT:
```hssnap
Brane{
  a = 
  Int(1)
  b = 
  Int(2)
  c = 
  Int(3)
  d = 
  Int(4)
  e = 
  Int(5)
  f = 
  Int(6)
  expr = 
  Int(21)
}
```
COMMENTS:
```markdown
regression_operator_does_not_block_search
```
SIGNATURES:
Public key: dc5f586cda43023e707697692c78032300a24b1b813cbf1ccb770080d1a7b683
Foolish signature: bYX93PDykhN+mQfQ7rg4OIdl9Uy6rMGF44BhMSX0IhhHegCLkcg2bBwSki2B1EC9Owjsm3ed895QVx1BKX/yAA==
HS signature: WNuChb0wO0hB0Qu5tO3Z/3aQ4rd+BgKSmV0tLPaVw5TEfWShYZG8OQ5HnKWEOg8bzSGhZpwioZjEMJJ1LYpYCg==
Comments signature: YpBu9IWDcIpHBrfeQ2G9kxGuzimNveOvEJQ7Dq70MYCZA0Df23KAaxZSv22Ty24VjpQGjtuO/tdTuub656F8Cw==
