---
source: foolish-core/src/ubc_snapshot_tester.rs
---
SIG: dc5f586cda43023e707697692c78032300a24b1b813cbf1ccb770080d1a7b683 uIzL3+z9GBylCCyyD9+30xLVYCXWtUzl38HSPovj1PfQKciWFegKxKhLdUBUV4gsKH/sllVja3iEwWHqcjbHAw==
INPUT:
```foolish
{ x = 42; y = x + 8; }
```
[0] RESULT:
Brane [CONSTANT]
  x = 
  Int(42) [INDEPENDENT]
  y = 
  Int(50) [CONSTANT]
