---
source: foolish-core/src/ubc_snapshot_tester.rs
---
SIG: dc5f586cda43023e707697692c78032300a24b1b813cbf1ccb770080d1a7b683 gUXLCgqgJEuIu1kG42MxdyL2sEV/P9Ga8pd2Fomplk27LG/psjqZQ0V3JHaPDLWaP1SDuwm7spDWd87kZ94hDw==
INPUT:
```foolish
{x = 1; b = {x = 2; c = {x = 3; val = x}; val2 = x}; val3 = x;}
```
[0] RESULT:
Brane [CONSTANT]
  x = 
  Int(1) [INDEPENDENT]
  b = 
  Brane [CONSTANT]
    x = 
    Int(2) [INDEPENDENT]
    c = 
    Brane [CONSTANT]
      x = 
      Int(3) [INDEPENDENT]
      val = 
      Int(3) [INDEPENDENT]
    val2 = 
    Int(2) [INDEPENDENT]
  val3 = 
  Int(1) [INDEPENDENT]
