---
source: foolish-core/src/ubc_snapshot_tester.rs
---
SIG: dc5f586cda43023e707697692c78032300a24b1b813cbf1ccb770080d1a7b683 dzFQL86qX2/SQeJEulbHOMMId1x1GlFRWA7tm0hUbIHjqKi0Tr+Z+j8bI2oBKbQPoVAI7LKz+Ts9DGzfHOWTAw==
INPUT:
```foolish
{b = {a = {x = 1}; b = 2}; r = b?a;}
```
[0] RESULT:
Brane [CONSTANT]
  b = 
  Brane [CONSTANT]
    a = 
    Brane [CONSTANT]
      x = 
      Int(1) [INDEPENDENT]
    b = 
    Int(2) [INDEPENDENT]
  r = 
  Brane [CONSTANT]
    x = 
    Int(1) [INDEPENDENT]
