---
source: foolish-core/src/ubc_snapshot_tester.rs
---
INPUT:
```foolish
{b = {a = {x = 1}; b = 2}; r = b?a;}
```
[0] RESULT:
```hssnap
Brane{
  b = 
  Brane{
    a = 
    Brane{
      x = 
      Int(1)
    }
    b = 
    Int(2)
  }
  r = 
  Brane{
    x = 
    Int(1)
  }
}
```
COMMENTS:
```markdown
search_pattern_matching_nested_brane
```
SIGNATURES:
Public key: dc5f586cda43023e707697692c78032300a24b1b813cbf1ccb770080d1a7b683
Foolish signature: dzFQL86qX2/SQeJEulbHOMMId1x1GlFRWA7tm0hUbIHjqKi0Tr+Z+j8bI2oBKbQPoVAI7LKz+Ts9DGzfHOWTAw==
HS signature: 8DUZbP6jJDdSx6mJxeUZUz1e9ZvoS0ytnHnwiRUsUyEJyQmHppygaybZKfpJUtlJ7MNUKzkdXVJqZbkZP4o6Bw==
Comments signature: LmZxweM8KcI53Gwaav/HM8Z8j7P+mmZ89ICFixdzps3C22w4Qq/o9Vfe118NB0lgERotEwjVYNoPsNj41DChBQ==
