---
source: foolish-core/src/ubc_snapshot_tester.rs
---
INPUT:
```foolish
{b = {tmp_a = 1; result = 2; tmp_b = 3; output = 4}; r1 = b?tmp_.*; r2 = b?result;}
```
[0] RESULT:
```hssnap
Brane{
  b = 
  Brane{
    tmpˍa = 
    Int(1)
    result = 
    Int(2)
    tmpˍb = 
    Int(3)
    output = 
    Int(4)
  }
  r1 = 
  Int(3)
  r2 = 
  Int(2)
}
```
COMMENTS:
```markdown
search_pattern_with_complex_regex
```
SIGNATURES:
Public key: dc5f586cda43023e707697692c78032300a24b1b813cbf1ccb770080d1a7b683
Foolish signature: 7NEp1YnLYuCfsI67t4Rd/ifucEcudy+rM9iBWs21OTYUeIBSIaDmGFkBKspARTYnph1eTh6gKRTjxRNTspmwBg==
HS signature: rU6lV8vhyJmwAVTN2QHmri8PsHVq96ExEhJR8JO2/5qmeGPiCm7WdM1gx61qFtVeSJJgasjRnpuq1E6GQsLHCA==
Comments signature: 0tSKCuBTyTkaWTrkz9ip2gecNJthp7bq1cysCG+bXTjTmvG2htigligg0Ti2oe1awJBKDDUqkch+w2/N5M2zDQ==
