---
source: foolish-core/src/ubc_snapshot_tester.rs
---
INPUT:
```foolish
{a=1; c=#-99;}
```
[0] RESULT:
```hssnap
Brane [NK]{
  a = 
  Int(1)
  c = 
  Index(offset=-99, UNANCHORED, [NK])
}
```
COMMENTS:
```markdown
seek_beyond_start
```
SIGNATURES:
Public key: dc5f586cda43023e707697692c78032300a24b1b813cbf1ccb770080d1a7b683
Foolish signature: EEcHR4nXGkYSqtq2Ht4wQBl1aBm0S8Jgc4SObfpY401+u6fEKaTJFYDIOpqsdhP6dlFe1HFtwZoD41C3z1zhAg==
HS signature: llhNTHhL5WcyCRCAmjxIzBrbbGyj3W7QFhZFtdLGC7Umvckbe33DU5RvqEWvD+8hzj9JXIm1LGAJDMECrE6WBw==
Comments signature: 8NoQrJG6wOGCMJCuavVPmDjMPjvozMLWF2In1goHS8nWGJNhtLr1R6Yb8L5k2VjI2Z8bz7qaOEoI2K0h9xXxAg==
