---
source: foolish-core/src/ubc_snapshot_tester.rs
---
SIG: dc5f586cda43023e707697692c78032300a24b1b813cbf1ccb770080d1a7b683 EEcHR4nXGkYSqtq2Ht4wQBl1aBm0S8Jgc4SObfpY401+u6fEKaTJFYDIOpqsdhP6dlFe1HFtwZoD41C3z1zhAg==
INPUT:
```foolish
{a=1; c=#-99;}
```
[0] RESULT:
Brane [CONSTANT]
  a = 
  Int(1) [INDEPENDENT]
  c = 
  Int(1) [INDEPENDENT]
