---
source: foolish-core/src/ubc_snapshot_tester.rs
---
INPUT:
```foolish
{a=1,b=2; c=#-99;}
```
[0] RESULT:
```hssnap
Brane [NK]{
  a = 
  Int(1)
  b = 
  Int(2)
  c = 
  Index(offset=-99, UNANCHORED, [NK])
}
```
COMMENTS:
```markdown
seek_negative_clamping
```
SIGNATURES:
Public key: dc5f586cda43023e707697692c78032300a24b1b813cbf1ccb770080d1a7b683
Foolish signature: NoYstMUV/HYiPrUdGZYrOPXqfuxY/iosQzxQcL/u3DYrialCc8thrC8gVhxYtihhLtFKQ7i5L/3CSCR6CvPmBw==
HS signature: 6Gu61F/eO/twm/z2vljrfCzWPqJyLr69a99XsVuQMqxDmARjfh0W63/nqiKNh53qcqyeEt2sKujyQSNNYXhCDA==
Comments signature: 2b95xJJx5IDv2dqS0/8XFIIYLnsaOAm1er4aw5l0StR0yu7vYqK0seXJc6mcJV2uDkcPtMEeid4A+2lccJY+DQ==
