---
source: foolish-core/src/ubc_snapshot_tester.rs
---
SIG: dc5f586cda43023e707697692c78032300a24b1b813cbf1ccb770080d1a7b683 S48Uo+2tKexUvhtRGj3pJkt5qkd+zFAzgsc5fglpMeea4d5nYpf6CS4J54uwDBiv4peq4bkgjhJ+WHoAUQxcBw==
INPUT:
```foolish
{b = {10; 20; 30}; first = b#0;}
```
[0] RESULT:
Brane [CONSTANT]
  b = 
  Brane [CONSTANT]
    Int(10) [INDEPENDENT]
    Int(20) [INDEPENDENT]
    Int(30) [INDEPENDENT]
  first = 
  Int(10) [INDEPENDENT]
