---
source: foolish-core/src/ubc_snapshot_tester.rs
---
INPUT:
```foolish
{a={x=1, y=2}; s=<a>; a=99; s;}
```
[0] RESULT:
```hssnap
Brane [WOCONSTANIC]{
  a = 
  Brane{
    x = 
    Int(1)
    y = 
    Int(2)
  }
  s = 
  StayFoolish(, [WOCONSTANIC])
    Search(pattern='^a$', dir=BACKWARD, UNANCHORED, [ECONSTANIC])
  a = 
  Int(99)
  Search(pattern='^s$', dir=BACKWARD, UNANCHORED, [WOCONSTANIC])
    Search(pattern='^a$', dir=BACKWARD, UNANCHORED, [ECONSTANIC])
}
```
COMMENTS:
```markdown
sf_blocks_brane_at_assignment_time
```
SIGNATURES:
Public key: dc5f586cda43023e707697692c78032300a24b1b813cbf1ccb770080d1a7b683
Foolish signature: r9cVsMVy9IKQUvI6rQnmYcfv40up0dd5AhbtoMFl72TT9TjvhiLZuxtnFgHI3eXA5c6ToFS7wW+gRqjBqQxxCw==
HS signature: mQul6m3atemLOctPtJAo+u8kgsEqvH2l3bPhdMXgw+Kfw0Ief8XOOEYXwcGwpkUnoDyLn1betbyAPLSltv4eCg==
Comments signature: AXnGsEFFyiuVZkvpFN4sbfj5/J+d0HOutzBKcXMXt1EEFr6OSg7qQQJWOzWknzg/IebuuskZtYFK7FgL2XTIBw==
