---
source: foolish-core/src/ubc_snapshot_tester.rs
assertion_line: 50
---
INPUT:
```foolish
{a={x=1, y=2}; s=<a>; a=99; s;}
```
[0] RESULT:
```hfssnap
{WOCONSTANIC
  a={
      x=1;
      y=2
  };
  s=<WOCONSTANIC
      ?(pattern='^a$', UNANCHORED, ECONSTANIC)
  >;
  a=99;
  ?(result=?(pattern='^a$', UNANCHORED, ECONSTANIC), pattern='^s$', UNANCHORED, WOCONSTANIC)
}
```
COMMENTS:
```markdown
sf_blocks_brane_at_assignment_time
```
SIGNATURES:
Public key: dc5f586cda43023e707697692c78032300a24b1b813cbf1ccb770080d1a7b683
Foolish signature: r9cVsMVy9IKQUvI6rQnmYcfv40up0dd5AhbtoMFl72TT9TjvhiLZuxtnFgHI3eXA5c6ToFS7wW+gRqjBqQxxCw==
HFS signature: bWMhBszwJroErhDOMN82tRuKXgbN47Xl6jpxAZvteBv7qBk7/LPjbM6TfpQjFtc96VL6U2yy94ARAHGIM+qiDQ==
Comments signature: 3nNawnCicm63cCmdN7Dy0pJ5XysOMVnyBnY15IWx3E67xxKWBGVSclviHEXQR6ne+CXuc6HgG8lKEwo0ZBrpAg==
