---
source: foolish-core/src/ubc_snapshot_tester.rs
---
INPUT:
```foolish
{a={x=1}; b=<a>; a=42; d=<a>;}
```
[0] RESULT:
```hssnap
Brane [WOCONSTANIC]{
  a = 
  Brane{
    x = 
    Int(1)
  }
  b = 
  StayFoolish(, [WOCONSTANIC])
    Search(pattern='^a$', dir=BACKWARD, UNANCHORED, [ECONSTANIC])
  a = 
  Int(42)
  d = 
  StayFoolish()
    Search(pattern='^a$', dir=BACKWARD, UNANCHORED)
      Int(42)
}
```
COMMENTS:
```markdown
sf_brane_blocking
```
SIGNATURES:
Public key: dc5f586cda43023e707697692c78032300a24b1b813cbf1ccb770080d1a7b683
Foolish signature: Ky3iGog7YnykQ9G+x+TqZfAttBMYl/mu1d1TaY7LzXz1PLNKvLoVoAmNAW65ylpxQ/pnLEDYYKIJUSAyikrMCg==
HS signature: UOys6HhcejIEkv2ofJLVQGJh0vPs0g9v+LicYYUwAmuNdu007vdi5p9QYhyFFgUV0OprLZTR+etbUpLUcUgXDA==
Comments signature: XuHmi55HD+9w1YSxKuO79kZSOCoVzvksdGLTkFCgTWN0jnmr39rc2q0P4ZMcz9fzF0EUADgQW2unTB0IT/5CBg==
