---
source: foolish-core/src/ubc_snapshot_tester.rs
---
SIG: dc5f586cda43023e707697692c78032300a24b1b813cbf1ccb770080d1a7b683 wpG5PzL0aT/dCITFTxzEgJxHJgS7NQxU2cb06vvG0yZq0vT6FtVFq2FGtLL7fbxIv37INbW2WXBeK/4/bDZ3Cg==
INPUT:
```foolish
{x=42; b=<x>; b;}
```
[0] RESULT:
Brane [CONSTANT]
  x = 
  Int(42) [INDEPENDENT]
  b = 
  StayFoolish [CONSTANT]
    Search(pattern='^x$', dir=BACKWARD, FREE) [CONSTANT]
      Int(42) [INDEPENDENT]
  Int(42) [INDEPENDENT]
