---
source: foolish-core/src/ubc_snapshot_tester.rs
---
INPUT:
```foolish
{x=42; b=<x>; b;}
```
[0] RESULT:
```hssnap
Brane{
  x = 
  Int(42)
  b = 
  StayFoolish()
    Search(pattern='^x$', dir=BACKWARD, UNANCHORED)
      Int(42)
  Search(pattern='^x$', dir=BACKWARD, UNANCHORED)
    Int(42)
}
```
COMMENTS:
```markdown
sf_non_brane_resolves
```
SIGNATURES:
Public key: dc5f586cda43023e707697692c78032300a24b1b813cbf1ccb770080d1a7b683
Foolish signature: wpG5PzL0aT/dCITFTxzEgJxHJgS7NQxU2cb06vvG0yZq0vT6FtVFq2FGtLL7fbxIv37INbW2WXBeK/4/bDZ3Cg==
HS signature: uThBKJqrQniHykBh1/0NLASYMbj+hE0FUkYYsVRYJb/v+wVbiyxQTDpP/Se1Svs5lamxDrMAaPD9uVI9+zsPCg==
Comments signature: oG/xn4LnNox2k+lldSV8QNOOslTxSQ80rH5Qw77yjSok/hD5LylxqB+CGjTytrGGPVqJnG/2hqIvsPvufnBYDA==
