---
source: foolish-core/src/ubc_snapshot_tester.rs
---
INPUT:
```foolish
{a = 1; b = 2; c = <<a + b>>; a = 100; c;}
```
[0] RESULT:
```hssnap
Brane{
  a = 
  Int(1)
  b = 
  Int(2)
  c = 
  StayFullyFoolish()
    Operator(+, [EMBRYONIC])
      Search(pattern='^a$', dir=BACKWARD, UNANCHORED)
      Search(pattern='^b$', dir=BACKWARD, UNANCHORED)
  a = 
  Int(100)
  Int(102)
}
```
COMMENTS:
```markdown
sff_in_assignment_chain
```
SIGNATURES:
Public key: dc5f586cda43023e707697692c78032300a24b1b813cbf1ccb770080d1a7b683
Foolish signature: W39zs+UId/DzfxHfL4QgQfryXimg6He4zOPcvtPzRzzWL/XwvRD91ZNi0vO2yL2wEXrlywGGMoz/vf+tEpgQDQ==
HS signature: DtNfJ8bTV6fHBrGcvMfEqRr5CJnLzgmKu8t2gHflAjq1Nt3HSl+8U6BTLf8Z2pszyy+dfb0uGycuAuN49tC6Ag==
Comments signature: RTZXH+7d2ImsWPqtDyeXkLc5i9ThTMfn9VlE9WvdCrmHBqoIr3f49t33BTEdYK/BBl2LOn9SGK+uMDyXv+O3Cg==
