---
source: foolish-core/src/ubc_snapshot_tester.rs
---
SIG: dc5f586cda43023e707697692c78032300a24b1b813cbf1ccb770080d1a7b683 dvgS2SgQxTH17MqJ0GvfsJzYlhZVovt+9HhyksPNiUsLfJeYshVu9Gse0wzatDFWaIIIRlYQ4UG+eFcEHxFuBw==
INPUT:
```foolish
{a=1; b=2; s=<<a+b>>; a=10; s;}
```
[0] RESULT:
Brane [CONSTANT]
  a = 
  Int(1) [INDEPENDENT]
  b = 
  Int(2) [INDEPENDENT]
  s = 
  StayFullyFoolish [INDEPENDENT]
    Operator(+) [EMBRYONIC]
      Search(pattern='^a$', dir=BACKWARD, FREE) [CONSTANT]
      Search(pattern='^b$', dir=BACKWARD, FREE) [CONSTANT]
  a = 
  Int(10) [INDEPENDENT]
  Int(12) [CONSTANT]
