---
source: foolish-core/src/ubc_snapshot_tester.rs
---
INPUT:
```foolish
{a=1,b=2; c=<<a+<<b>>>>; c; c;}
```
[0] RESULT:
```hssnap
Brane [WOCONSTANIC]{
  a = 
  Int(1)
  b = 
  Int(2)
  c = 
  StayFullyFoolish()
    Operator(+, [EMBRYONIC])
      Search(pattern='^a$', dir=BACKWARD, UNANCHORED)
      StayFullyFoolish()
        Search(pattern='^b$', dir=BACKWARD, UNANCHORED, [EMBRYONIC])
  Search(pattern='^c$', dir=BACKWARD, UNANCHORED, [WOCONSTANIC])
    Operator(+, [WOCONSTANIC])
      Int(1)
      StayFullyFoolish()
        Search(pattern='^b$', dir=BACKWARD, UNANCHORED, [EMBRYONIC])
  Search(pattern='^c$', dir=BACKWARD, UNANCHORED, [WOCONSTANIC])
    Operator(+, [WOCONSTANIC])
      Search(pattern='^a$', dir=BACKWARD, UNANCHORED)
      StayFullyFoolish()
        Search(pattern='^b$', dir=BACKWARD, UNANCHORED, [EMBRYONIC])
}
```
COMMENTS:
```markdown
sff_nested
```
SIGNATURES:
Public key: dc5f586cda43023e707697692c78032300a24b1b813cbf1ccb770080d1a7b683
Foolish signature: lhcizF48neDw/0Ot29cyjAKKVN2RJsqhMEqKOBwHi1AC7LmDHeXb9dBvby6kqQzBJhSJHHAXCtmjZ9gbF1ZHAw==
HS signature: EhVG9nw2hxCagdeP5nADGiJ8fq85mxLX37jcZTVIF3XJ3IVBSLI69qVINO2Vx4LeNcsrxVp4VDg1Mkn3xCp9Bw==
Comments signature: CB9i7xN8nK2Hls87Xx9RpCHPedA/BNToq70mU0luwUvYyKYGYJdQfBFGlPLzwVkaC8neLj1WvQaxW5Zzz8ikAA==
