---
source: foolish-core/src/ubc_snapshot_tester.rs
---
SIG: dc5f586cda43023e707697692c78032300a24b1b813cbf1ccb770080d1a7b683 RloEHmf5rLfOjWxYHY6c6cMkwiS0unIpf1KQr1dK/NaYnSxDC8vXd6WMPJuWUl/UhCJ4k5nzH+QsqOxMYYL8Dw==
INPUT:
```foolish
{a=<<3>>; a + 7;}
```
[0] RESULT:
Brane [CONSTANT]
  a = 
  StayFullyFoolish [INDEPENDENT]
    Int(3) [INDEPENDENT]
  Int(10) [CONSTANT]
