---
source: foolish-core/src/ubc_snapshot_tester.rs
---
SIG: dc5f586cda43023e707697692c78032300a24b1b813cbf1ccb770080d1a7b683 W39zs+UId/DzfxHfL4QgQfryXimg6He4zOPcvtPzRzzWL/XwvRD91ZNi0vO2yL2wEXrlywGGMoz/vf+tEpgQDQ==
INPUT:
```foolish
{a = 1; b = 2; c = <<a + b>>; a = 100; c;}
```
[0] RESULT:
Brane [CONSTANT]
  a = 
  Int(1) [INDEPENDENT]
  b = 
  Int(2) [INDEPENDENT]
  c = 
  StayFullyFoolish [INDEPENDENT]
    Operator(+) [EMBRYONIC]
      Search(pattern='^a$', dir=BACKWARD, FREE) [CONSTANT]
      Search(pattern='^b$', dir=BACKWARD, FREE) [CONSTANT]
  a = 
  Int(100) [INDEPENDENT]
  Int(102) [CONSTANT]
