---
source: foolish-core/src/ubc_snapshot_tester.rs
---
INPUT:
```foolish
{x = 1; sf = <x>; sff = <<x>>; x = 10; sf; sff;}
```
[0] RESULT:
```hssnap
Brane{
  x = 
  Int(1)
  sf = 
  StayFoolish()
    Search(pattern='^x$', dir=BACKWARD, UNANCHORED)
      Int(1)
  sff = 
  StayFullyFoolish()
    Search(pattern='^x$', dir=BACKWARD, UNANCHORED, [EMBRYONIC])
  x = 
  Int(10)
  Search(pattern='^x$', dir=BACKWARD, UNANCHORED)
    Int(1)
  Int(10)
}
```
COMMENTS:
```markdown
sff_vs_sf_timing_difference
```
SIGNATURES:
Public key: dc5f586cda43023e707697692c78032300a24b1b813cbf1ccb770080d1a7b683
Foolish signature: 1T4n3g/X8HUF4ks72E7lyvCYn9OelhLPSBr7ockhII5PkT0EVw7Amz08EWaUU87H3l3wpZOYiwTv12S1ZPHVBA==
HS signature: NmrEkjthUXpduPI5+1ojlqBaA4+0F5excibb8Z3BZCKtqwTYlRsaDznprp6FjkIiYFjwRfppCuFAKVkhpd16BA==
Comments signature: NNLlup1kml2WnlYMIIMdvHZ1PMKDfehXt2fU1/IWxgOUZgGzGKrjsOmawntTWPBS6yLZk6Y9cg/OO9ZecI58CQ==
