---
source: foolish-core/src/ubc_snapshot_tester.rs
---
INPUT:
```foolish
{a=<<3>>; a + 7;}
```
[0] RESULT:
```hssnap
Brane{
  a = 
  StayFullyFoolish()
    Int(3)
  Int(10)
}
```
COMMENTS:
```markdown
sff_in_binary_op
```
SIGNATURES:
Public key: dc5f586cda43023e707697692c78032300a24b1b813cbf1ccb770080d1a7b683
Foolish signature: RloEHmf5rLfOjWxYHY6c6cMkwiS0unIpf1KQr1dK/NaYnSxDC8vXd6WMPJuWUl/UhCJ4k5nzH+QsqOxMYYL8Dw==
HS signature: cxqiJJ6UIGWNcDAVqvnisoMuN6TzH+2OsK4pM2hlLOE7gNDaARdMTDtX6wYRPCDhi2x08HTuANnxwOc6sJPQAw==
Comments signature: uqvv4WJ1xLZQDs/yys4ylTgxs1I+nf3s7EqhPZCGCp640J0CXAIIJmfHvkzih/ufOt+0QUR66RVv+nNbpGHkAw==
