---
source: foolish-core/src/ubc_snapshot_tester.rs
---
SIG: dc5f586cda43023e707697692c78032300a24b1b813cbf1ccb770080d1a7b683 2sXudeEyUXzmwYaJ864R15i2qtg19UfGppaTYtOKTPhQx3C7eewv6AHGI4NCYMeyt/Glk86kidMK9nel9kLpAg==
INPUT:
```foolish
{x = 42; x;}
```
[0] RESULT:
Brane [CONSTANT]
  x = 
  Int(42) [INDEPENDENT]
  Int(42) [INDEPENDENT]
