---
source: foolish-core/src/ubc_snapshot_tester.rs
---
INPUT:
```foolish
{15 / 3;}
```
[0] RESULT:
```hssnap
Brane{
  Int(5)
}
```
COMMENTS:
```markdown
simple_division
```
SIGNATURES:
Public key: dc5f586cda43023e707697692c78032300a24b1b813cbf1ccb770080d1a7b683
Foolish signature: FfuRrrGJ0oqv+YIiYmMuSHOX+lJy5J2nph5+Du3XXGKn/OslnClYI5n+CVMb4HFnKXWfRaZFnuKUn/Od0CQbBQ==
HS signature: AL2aVwO6YRG8bAy3YIue1RiDTkgyAOUs9bpexT42fxx6kATxweh5BOQLzjxq6UZa91VKNyIxh4525xf0fMV1Ag==
Comments signature: V8S/Edm796B6YdITi84C5+gSSP6s5nNJrIm1hnAZ3Jz40U8jG7/pH/MvoMFFuDkrLHd5DZx0uZM0Gm1OaBzcBw==
