---
source: foolish-core/src/ubc_snapshot_tester.rs
---
INPUT:
```foolish
{6 * 7;}
```
[0] RESULT:
```hssnap
Brane{
  Int(42)
}
```
COMMENTS:
```markdown
simple_multiplication
```
SIGNATURES:
Public key: dc5f586cda43023e707697692c78032300a24b1b813cbf1ccb770080d1a7b683
Foolish signature: 0eJHBdd6c9QI9it3UN7jD/wKKYD6m7an0sVGq7AUh5VyTXEIVa5h1bT5b7UWIP7F5YcDhA2XVj+wX+okK4mFBQ==
HS signature: tRMD0DKoH7cRXnXETzpgpfVyuzKdWg2PhMRaWLxzE7wzhUc+9f7Yy5eaZxIyZT9zA2xMmYMnQEHP9eqv6RplBA==
Comments signature: yqjTeZ3a00mtuATtSWBJ3PJnJlPQ+sM4SiZasaCzFdG1rRf+63RhxPRKgL1lNU9OOUvx2pRS9k4lNkQb915zBQ==
