---
source: foolish-core/src/ubc_snapshot_tester.rs
---
SIG: dc5f586cda43023e707697692c78032300a24b1b813cbf1ccb770080d1a7b683 Nr2lqpIn6Pv6WMb62K/268oAXjzC6IgT8fRSqoz8SGsABUEpdLWnRjVVQmMc+lsUOPG3eQubM2dCcS+NC7YwAA==
INPUT:
```foolish
{x = 5; result = {y = 1;}?y;}
```
[0] RESULT:
Brane [CONSTANT]
  x = 
  Int(5) [INDEPENDENT]
  result = 
  Int(1) [INDEPENDENT]
