---
source: foolish-core/src/ubc_snapshot_tester.rs
---
SIG: dc5f586cda43023e707697692c78032300a24b1b813cbf1ccb770080d1a7b683 YPvvOm304mXIvmbyySykn8ggf4G+zPmBF73+vG6JCZ8IpevpJ8X6nK4z8zel+zYJZj6h6kEnGB1N9XEq/TcoAQ==
INPUT:
```foolish
{a = 1; b = 2; c = #-1 + #-2;}
```
[0] RESULT:
Brane [CONSTANT]
  a = 
  Int(1) [INDEPENDENT]
  b = 
  Int(2) [INDEPENDENT]
  c = 
  Int(3) [CONSTANT]
