---
source: foolish-core/src/ubc_snapshot_tester.rs
---
INPUT:
```foolish
{a=1,b=2,c=#-1;}
```
[0] RESULT:
```hssnap
Brane{
  a = 
  Int(1)
  b = 
  Int(2)
  c = 
  Int(2)
}
```
COMMENTS:
```markdown
unanchored_seek
```
SIGNATURES:
Public key: dc5f586cda43023e707697692c78032300a24b1b813cbf1ccb770080d1a7b683
Foolish signature: Y2bLnIwh84MVCk6sBwhw9T042j8TuuIN41GxlAP80ebUAFV0VnIfCnAdi2Y052yEAigwrLZIBMm1I1MNDI/iDg==
HS signature: B9DYtULdGPO9iADlrIQX53s2a7pL4JsHjwDhCB6mAPEm5hRvl1PSxho2Typ4k2LK5Df5w4GXfBRH8TdSSlKvCg==
Comments signature: 8BxRpZwvSolR7nDDakBGYBArNiyy6rLMC9mBPHgl/gOl2GwDsWlK8bkcV2dCJ3F4BExC3qZTsGUhVHwJDKuVDg==
