---
source: foolish-core/src/ubc_snapshot_tester.rs
---
INPUT:
```foolish
{a = 1; b = 2; c = #-1 + #-2;}
```
[0] RESULT:
```hssnap
Brane{
  a = 
  Int(1)
  b = 
  Int(2)
  c = 
  Int(3)
}
```
COMMENTS:
```markdown
unanchored_seek_basic
```
SIGNATURES:
Public key: dc5f586cda43023e707697692c78032300a24b1b813cbf1ccb770080d1a7b683
Foolish signature: YPvvOm304mXIvmbyySykn8ggf4G+zPmBF73+vG6JCZ8IpevpJ8X6nK4z8zel+zYJZj6h6kEnGB1N9XEq/TcoAQ==
HS signature: OD8/sBzsU37Z76ef1sk6zTMkXR9bKLR0gHEmN5jJQxn6cz2UdnOtZiadAxypkap1+nMfFkXh0mFvvaKv90wbBA==
Comments signature: OYgFdSqixJ98WTFd6DR+WSSVOb8baDf6lpYmI5rFu62Aq9R5H3RUcOfuabuVf0EpbrSL2DMNiHKJeDkA+f6jCA==
