---
source: foolish-core/src/ubc_snapshot_tester.rs
---
INPUT:
```foolish
{x = 1; π = 3; Б = 7; sum = x + π + Б;}
```
[0] RESULT:
```hssnap
Brane{
  x = 
  Int(1)
  π = 
  Int(3)
  Б = 
  Int(7)
  sum = 
  Int(11)
}
```
COMMENTS:
```markdown
unicode_identifiers_basic
```
SIGNATURES:
Public key: dc5f586cda43023e707697692c78032300a24b1b813cbf1ccb770080d1a7b683
Foolish signature: HnEQDbZR9OCXyBhLSgHekAsp7uFfJlxgFgaUux6s3Sf5N7qj4s4ZmDhQW1+0mAydYssLalsUBecHY8NKLRLOAw==
HS signature: Dxvv6Yvrg6z5LUSXJpLQxJchGx7SJq4Sh9qemyvcgYXRtcyGMTD1ExSaPSAgQZsCI/r9tIzXD/WY7k5HEGecBw==
Comments signature: aLe8zYmYJTufkYnpLaDs8O/Gfkhqdr+6vw9FmRaO/sAzG8knCvbDUy095v6nhg4aNx4hDGj4SgRjj51VBhQjCw==
