---
source: foolish-core/src/ubc_snapshot_tester.rs
---
SIG: dc5f586cda43023e707697692c78032300a24b1b813cbf1ccb770080d1a7b683 MqfcZ+B4+sfvfkqh+l3YEXn1XcyDhPWyCqpUdeyaz9oeWtbJwhLg+KgVIQGkOFXTI97+o2ocezXlr3okML49Dw==
INPUT:
```foolish
{10 / 0;}
```
[0] RESULT:
Brane [NK]
  ??? (division by zero) [NK]
