---
source: foolish-ubcb/src/ubcb_snapshot_tester.rs
---
INPUT:
```foolish
{a = {1; 2; 3}; b = {x = {10; 20; 30}}; c = {d = {e = {42}}};}
```
[0] RESULT:
```hssnap
Brane [EMBRYONIC]{
    1;
    2;
    3
}
```
[1] RESULT:
```hssnap
Brane [EMBRYONIC]{
    x = Brane [EMBRYONIC]{
        10;
        20;
        30
    }
}
```
[2] RESULT:
```hssnap
Brane [EMBRYONIC]{
    d = Brane [EMBRYONIC]{
        e = Brane [EMBRYONIC]{
            42
        }
    }
}
```
COMMENTS:
```markdown
hs_brane_indentation
```
SIGNATURES:
Public key: dc5f586cda43023e707697692c78032300a24b1b813cbf1ccb770080d1a7b683
Foolish signature: A7pIQJnl9cSrMhM5u8FUc9YPbkPs0zaodNiIKgp8aWGfKm8rIzBUYkMxdeJpVmcoMrLIynSTW5bNfWnCMWmyBg==
HS signature: RsBcmyrlLWmwKFSMHTQKNne6qs+lQY5clyGVW/ShaWIMSScd7QPJqSzecpT6po6UxBHCRUELT3qB1ZSxxJebCA==
Comments signature: 5JzbND7WnfEvmXq5+OGzQ4mss8GIYizkH+yc/A1zFXWScEf6hjClPhiyl1B5XE4466QKJy08mVU7bxVbiWnkAA==
