---
source: foolish-ubca/src/ubca_snapshot_tester.rs
assertion_line: 34
---
INPUT:
```foolish
{
	l1={
       l2={
          l3={
              bad=1/0;
              good=42
             }
          }
      }
}
```
[0] RESULT:
```hfssnap
{NK
  l1={NK
      l2={NK
          l3={NK
              bad=??? (division by zero), DIV-BY-ZERO: Division by zero produces NK;
              good=42
          }
      }
  }
}
```
COMMENTS:
```markdown
alarm_division_by_zero_deeply_nested
```
SIGNATURES:
Public key: eb9604b1e50d6df60ea71cded2d51b4031b14e9d8911866fcfff4afb00075e65
Foolish signature: SngQztk1BxhMmuweNcJdutA1WHIJEING4GJzNUwftH5btOuPQwPgsyNcxnFdyKS0XHJmrM2xkNxoJ7aSe+aUBw==
HFS signature: kMV4jWZiJILad7uXtWADZAoen85JRzr2jta5HVaAJxm/bNapoTxviFbC11NIa+s9IRpiEJRjAMFOZlIkBB+fAw==
Comments signature: 115k1nMLPGvEg41M0rOEx8D2ZrDUBHu+VrAXC48ZJpX6Om1LnyLtcRxV8v+idLGzjhWDryUsaX3p/UkLLoe6Dg==
