---
source: foolish-ubca/src/ubca_snapshot_tester.rs
assertion_line: 34
---
INPUT:
```foolish
{outer = {inner = 5 / 0};}
```
[0] RESULT:
```hfssnap
{NK
  outer={NK
      inner=??? (division by zero), DIV-BY-ZERO: Division by zero produces NK
  }
}
```
COMMENTS:
```markdown
alarm_nested_division_by_zero
```
SIGNATURES:
Public key: eb9604b1e50d6df60ea71cded2d51b4031b14e9d8911866fcfff4afb00075e65
Foolish signature: RcFWytW5HUVjOxVxY76AtAzAjh16EsnpcaGXMa410QQFYRDhAAvqsRUWXL6Gcm1c3ze+yNSYv8xyx6i8Ov5WBQ==
HFS signature: azzJdH7Azbi2mlPkHduvNKrLHy++qt0tmqGiA3IJufGVP6joPtAP/0A1yaHjuUw39gjyL+1lgkreVTWvtdNXDQ==
Comments signature: 4GOIhmDynoOS0onEPhgH/zzb/EB0cRIOa6zhAjY8N0mhSdtMRRLqHmLHO/fQXk61ruORb/BE+HiBWWIHKJnPCg==
