---
source: foolish-ubca/src/ubca_snapshot_tester.rs
assertion_line: 34
---
INPUT:
```foolish
{good = 42; bad = 1 / 0; also_good = 10 + 20;}
```
[0] RESULT:
```hfssnap
{NK
  good=42;
  bad=??? (division by zero), DIV-BY-ZERO: Division by zero produces NK;
  alsoˍgood=30
}
```
COMMENTS:
```markdown
alarm_mixed_alarms_and_normals
```
SIGNATURES:
Public key: eb9604b1e50d6df60ea71cded2d51b4031b14e9d8911866fcfff4afb00075e65
Foolish signature: vFXmyR0etUdm3CX1jmNb8VWbu80YZLlHm/CPrZOelI4iO+bGElHLqeknKBt17UjEPBWpC2LhbcFCN6YuPqlxBw==
HFS signature: fxHKop0RHMV1/Vh0ldN2kKv7pjSu2VXh67b/qdcBcWn8qfsq8nu4hRC4iqr++Q0xruc4jupwZPjAh4M9sVjqCQ==
Comments signature: Jd0ZDfJWCRZ5kdIYatQG3YEd7rz/8CRPdKU96MDFCtfO5fd/nlcnRKXKaiDSsrJDc7qE942v7MpPBr1hCNmVAQ==
