---
source: foolish-ubca/src/ubca_snapshot_tester.rs
assertion_line: 34
---
INPUT:
```foolish
{b = {x = 100; y = 200}; notFound = b?γ;}
```
[0] RESULT:
```hfssnap
{NK
  b={
      x=100;
      y=200
  };
  notFound=?(pattern='γ', ANCHORED, NK)
}
```
COMMENTS:
```markdown
anchored_search_fails_on_constant
```
SIGNATURES:
Public key: eb9604b1e50d6df60ea71cded2d51b4031b14e9d8911866fcfff4afb00075e65
Foolish signature: 11rRUK/uWDiPestTcxwDNZy3FQViEaazFXhNsvg+MIYfekrliObqNoovqz+dj3IjJo1GEVSwJn0xEpFXmdY8AQ==
HFS signature: 1t+QHrtKXmZvqshLMMSsBJnJsxg/QKfmiX9Jiq62s7hboG00zzK72kcQUjCaxxTei9+t2ruuFUYIo9Cc3FvKAA==
Comments signature: KLQNMANVdnZDobYuQHmmYuRbzCltSiAxv3QS2z1g0vmm76xtZFDoB52G5PMOt6UZD8VBgOX5ThMgUgATajUwCQ==
