---
source: foolish-ubca/src/ubca_snapshot_tester.rs
assertion_line: 34
---
INPUT:
```foolish
{
  hw = {
     hello = 1;
     world = 2;
     how   = 3;
     are   = 4;
     you   = 5;
     today = 6;
  };
  how_is      = hw.how;
  how_is_also = hw~how;
  how_is_also = hw?(h.*);
  how_is_also = hw~(.o.);
  hello_is    = hw~(h.*);
  you_is      = hw?(.o.);
  world_is    = hw~(.o...);
  today_is    = hw?(.o...);
}
```
[0] RESULT:
```hfssnap
{
  hw={
      hello=1;
      world=2;
      how=3;
      are=4;
      you=5;
      today=6
  };
  howˍis=3;
  howˍisˍalso=3;
  howˍisˍalso=3;
  howˍisˍalso=3;
  helloˍis=1;
  youˍis=5;
  worldˍis=2;
  todayˍis=6
}
```
COMMENTS:
```markdown
anchored_search_suite
```
SIGNATURES:
Public key: eb9604b1e50d6df60ea71cded2d51b4031b14e9d8911866fcfff4afb00075e65
Foolish signature: xvF4q493+u82WrJBTjsMsEHhKl5yE2LEECevTyfhkIOPYME664Nx35AnbEv67BLCkLChc1c0qrrdSXjnqYvoDg==
HFS signature: DwzYOXMm6d0zLxirTcSvXhAS8oy22jzJFbpBkLtMm2xHBnpQv4E5cKjvKmcZJG3S3RufaJuMq6/F9WSRdXSPCA==
Comments signature: b+0SCwumIw7H/77K7ufCAtO4yu1wnE0iSVKk47V9XcYPP4m7rgYk3mCxIJC5YZAafTvHLgHR/r7ZiJ2gC8GWBQ==
