---
source: foolish-ubca/src/ubca_snapshot_tester.rs
assertion_line: 34
---
INPUT:
```foolish
{
  not_found = b?γ;
  !! head/tail are always anchored, so it does not display ANCHORED
  also_not_found = b.z^;
  still_not_found = b.z$;
  yet_not_found = b.w
}
```
[0] RESULT:
```hfssnap
{NK
  notˍfound=?(pattern='γ', ANCHORED, NK);
  alsoˍnotˍfound=^(NK);
  stillˍnotˍfound=$(NK);
  yetˍnotˍfound=?(pattern='^w$', ANCHORED, NK)
}
```
COMMENTS:
```markdown
anchored_search_constanic_on_constanic
generated: 2026-07-02T02:21:22.923277090Z
```
SIGNATURES:
Public key: eb9604b1e50d6df60ea71cded2d51b4031b14e9d8911866fcfff4afb00075e65
Foolish signature: +OblZ8HXWpvOjWzg3jrl6xZgdSD+daZAaIaJPCAwP5j9l4AIjAOt80HYytuF8suqie0HopQ9Hi00GGRtqAxiAw==
HFS signature: Nl9SsJJelgDucWQCqyVC0ZqGTk9GEEl/vKGHdIBaQ1lao8CYSCnMxTSuoNH7/RKDoYIwmai9VziO8rlmfwCcDQ==
Comments signature: rxmgsWohrl5KKmVVRAikAqdelURPxahrm/g84jJ8hhc6r0fZEoCLw2ZJORLDGK1Fa6ty9I8T5Kub08lIkcmOBA==
