---
source: foolish-ubca/src/ubca_snapshot_tester.rs
assertion_line: 34
---
INPUT:
```foolish
{b = {10; 20; 30}; first = b#0; second = b#1; third = b#2; oob = b#3;}
```
[0] RESULT:
```hfssnap
{NK
  b={
      10;
      20;
      30
  };
  first=10;
  second=20;
  third=30;
  oob=#(offset=3, ANCHORED, NK)
}
```
COMMENTS:
```markdown
anchored_seek_positive_boundary
generated: 2026-07-02T02:21:23.460338115Z
```
SIGNATURES:
Public key: dc5f586cda43023e707697692c78032300a24b1b813cbf1ccb770080d1a7b683
Foolish signature: dEw6jU81DB4pwBon+7AZB/PO00sJWMdOR2hMGqx44OBELsrv08/am2JlvRklSe3BN6YwhSx3MaUKT0MbbwOiCA==
HFS signature: dNQwHn/I4XEasG2SAQ4BYWRy98f/nHgFreNvT5ofSPFci+yUa7AWA7EiE7TCy/FxmitBDQOqd7yVe+h0AYPsAw==
Comments signature: M3mrO5XcWsS+YPgVjKmy4invVUwT4BdL2y+YEAD55dvmyBo73lBZEIrcFGdQo8TkCrhcak0g81JmPayTBr1UCA==
