---
source: foolish-ubca/src/ubca_snapshot_tester.rs
assertion_line: 34
---
INPUT:
```foolish
{b = {10; 20; 30}; last = b#-1; second = b#1; first = b#-3; oob = b#-4;}
```
[0] RESULT:
```hfssnap
{NK
  b={
      10;
      20;
      30
  };
  last=30;
  second=20;
  first=10;
  oob=#(offset=-4, ANCHORED, NK)
}
```
COMMENTS:
```markdown
anchored_seek_negative_boundary
```
SIGNATURES:
Public key: eb9604b1e50d6df60ea71cded2d51b4031b14e9d8911866fcfff4afb00075e65
Foolish signature: Fobb83xE+74aV702CLwIUovMaEa14+kQZgmQkGkqGEImyiicu6eXnI3coUp5nQ38FfnyP97kWZCbsbtaqDvtAg==
HFS signature: Ji0k+U6E1a/D/fiRDdrv+R/WsFhFiUpJOYyuIQhmTU+knbJpvD4vogdlz+Pg+JYNyPkCGKdIPrWoOfAWG4eZCA==
Comments signature: t7nELpsT7r1+6wmnOo7EpoMHfGyKaJ1x9QMU0OLgizROazPkFV4F7AwdZKdFKC/mIx1x4eWbqmv+OutkkdVnCw==
