---
source: foolish-ubca/src/ubca_snapshot_tester.rs
assertion_line: 34
---
INPUT:
```foolish
{b = {42}; h = b^; t = b$;}
```
[0] RESULT:
```hfssnap
{
  b={
      42
  };
  h=42;
  t=42
}
```
COMMENTS:
```markdown
brane_with_single_value_head_tail
```
SIGNATURES:
Public key: eb9604b1e50d6df60ea71cded2d51b4031b14e9d8911866fcfff4afb00075e65
Foolish signature: vbToehR+xivIFCsO9KfazzM/Faajn9LGRlSh9WoUgFHYkq9kEQQ8v7DjjbSUrq6sKyogySPpOpdANwNY6txiDg==
HFS signature: 55Of2fceKblbzREZwFjYkwPzXIIP1GxrnKSjXlYFcWifMUcUxtEcOqVExLlj9Y35qRhAN6riMQC0omVIAbwnBg==
Comments signature: 3pIkfieKAnb0TDnXpfbd6xnphzag6SCC+s1J8LdDdvycK2XjrtI+ZKSqXaBrsk5JPjGVGmnaW9EN+Uf1ZUh3Cg==
