---
source: foolish-ubca/src/ubca_snapshot_tester.rs
assertion_line: 34
---
INPUT:
```foolish
{bad = undeclared; y = bad; z = y;}
```
[0] RESULT:
```hfssnap
{WOCONSTANIC
  bad=?(pattern='^undeclared$', UNANCHORED, ECONSTANIC);
  y=?(result=?(pattern='^undeclared$', UNANCHORED, ECONSTANIC), pattern='^bad$', UNANCHORED, WOCONSTANIC);
  z=?(
      result=?(result=?(pattern='^undeclared$', UNANCHORED, ECONSTANIC), pattern='^bad$', UNANCHORED, WOCONSTANIC),
      pattern='^y$',
      UNANCHORED,
      WOCONSTANIC
  )
}
```
COMMENTS:
```markdown
chained_undeclared
```
SIGNATURES:
Public key: eb9604b1e50d6df60ea71cded2d51b4031b14e9d8911866fcfff4afb00075e65
Foolish signature: 0jNdRRdfeXyQxKnDBBuLxxgWwz9pkqZghSJbt1CLeS7PCa1aJZuwfZtwhC63jYu6v7YRtNoML67eo6UGlR1nBw==
HFS signature: MscZiPON1A65zcBmxlwijbsJXXbEJsjPukUnXIXgsUDRObHivOogIWc56bZTrq88Ita/S7sniz/fe0ARN/kRBw==
Comments signature: fk6QZsgXGRWHZXmgFtvZPro/XHXT6BJu+ur8CKmN7bxWBkilEfdYx/v3OBk50T4+qZTLH+nOZLRnTdAj09WDDw==
