---
source: foolish-ubca/src/ubca_snapshot_tester.rs
assertion_line: 34
---
INPUT:
```foolish
{a=1, b=2, c=3, d=4, e=5; s1 = #-1; s2 = #-2; s3 = #-3;}
```
[0] RESULT:
```hfssnap
{
  a=1;
  b=2;
  c=3;
  d=4;
  e=5;
  s1=5;
  s2=5;
  s3=5
}
```
COMMENTS:
```markdown
complex_multiple_seeks_in_brane
generated: 2026-07-02T02:21:24.596649801Z
```
SIGNATURES:
Public key: eb9604b1e50d6df60ea71cded2d51b4031b14e9d8911866fcfff4afb00075e65
Foolish signature: MWBZaJ5b9LzH+d2pyfvaOJyoXW0ARbVpZ/cpS0ssg1d445nP6Oga8+K9H8mtTQGBOn5eHxlY98wQi82uNs2BBw==
HFS signature: RdwalmFguD5ZXLTnJ5dhSIVufYspVwc78grfC0LpCztlvhIprv+XZD3JYPmNhed7Yu4FOenh2wuSHV7h1WYxAw==
Comments signature: 5ipX9xMChddxlaCM6GPnJ4iD1X7PfFfEEdtU6mEJkArAkkim4mNp65/jA9xEI/VeTwbOYcrV8fcrHYOSsoXOAA==
