---
source: foolish-ubca/src/ubca_snapshot_tester.rs
assertion_line: 34
---
INPUT:
```foolish
{nested = {inner = {val = x}}; x = 42;}
```
[0] RESULT:
```hfssnap
{WOCONSTANIC
  nested={WOCONSTANIC
      inner={WOCONSTANIC
          val=?(pattern='^x$', UNANCHORED, ECONSTANIC)
      }
  };
  x=42
}
```
COMMENTS:
```markdown
complex_forward_refs_in_nested_branes
```
SIGNATURES:
Public key: eb9604b1e50d6df60ea71cded2d51b4031b14e9d8911866fcfff4afb00075e65
Foolish signature: r/ti5AUJMgpzrgxRE/GjEA9Z4iL1cCYpF5ChZeE/aJQQl/f/I5tcRVbQyOQzZSmXaaLO0PovKFm6VEqu0WbKDQ==
HFS signature: zW1oqUlu8qMk5KShSlokSQkwPFRFuaZIwnx4imiF9QzeLcbMUI6J0V1H5nusHHCDX6I9qPBFbgouY4BrZFjiDQ==
Comments signature: yjB9AaEXI5cS9hSVu0ahl2xxnSfwyJ466ZgVfeCDvSxSmaYR7Lq2fAWVMik1cZZT2OjSwPHFM/zYDnaJUkbWCw==
