---
source: foolish-ubca/src/ubca_snapshot_tester.rs
assertion_line: 34
---
INPUT:
```foolish
{a = 10; b = 20; outer = {c = 30; ac = a + c; inner = {a = 40; abc = a + b + c}; ab = a + b};}
```
[0] RESULT:
```hfssnap
{
  a=10;
  b=20;
  outer={
      c=30;
      ac=40;
      inner={
          a=40;
          abc=90
      };
      ab=30
  }
}
```
COMMENTS:
```markdown
complex_nested_scope
```
SIGNATURES:
Public key: eb9604b1e50d6df60ea71cded2d51b4031b14e9d8911866fcfff4afb00075e65
Foolish signature: U5dBDJJElr7IuI0nX0BKyj8PrAXHr1+7kcFf+zxfjBvPQ14OJ/4D/NhZNAN/QemnqGQgcGx1OietTnl+CjX5DQ==
HFS signature: 1Q2xAdh+woASa4ZLZjS8iPK1tZ+U0uiH1p/8FXvYBmGkIkuqwOGEf2MxQH7AVvZZUsIC2jdEb9eWDgEZ5HYsBQ==
Comments signature: wYFhhGLfYSfZPE4m2kYkm1KB7RzX2K9/9e19mkIHL5NhcLNVFYv6E9fIdGTq5FqbVznKv2HgKes7tdrw31zIAg==
