---
source: foolish-ubca/src/ubca_snapshot_tester.rs
assertion_line: 34
---
INPUT:
```foolish
{a=10, b=20, c=30, result=#-1 + #-2, result2=#-1 * #-2, result3=#-1 - #-2;}
```
[0] RESULT:
```hfssnap
{
  a=10;
  b=20;
  c=30;
  result=50;
  result2=1500;
  result3=1450
}
```
COMMENTS:
```markdown
complex_unanchored_seeks_with_operations
generated: 2026-07-02T02:21:25.423340695Z
```
SIGNATURES:
Public key: eb9604b1e50d6df60ea71cded2d51b4031b14e9d8911866fcfff4afb00075e65
Foolish signature: 6WchaoT2ku5Nq1mFI4lFjScIEBYejsZa9+P/dyeS2vUrpDf0Ht8UxS3ehNLWKsv+NO1r8HplZSV36ax/mEb7CQ==
HFS signature: gYtHRvo/WEyExCLqOWfQpOkMefalQW2UqbLkm36gBcLJ3sGgIYbwKeeBoqPf3tKxBwbIcWvRK6qOWAqs2QBOBw==
Comments signature: Ya+MR6opugpyEh5ig55Thyd4g1Ueh8s+dC3YzZ2gtHWS5EdEFDz1V/8/MCRQm2gjdbdro9UwqKygfv/Z/xgPCg==
