---
source: foolish-ubca/src/ubca_snapshot_tester.rs
assertion_line: 34
---
INPUT:
```foolish
{x = 5; y = 10; inner = {calc = <<x + y>>; doubled = calc * 2};}
```
[0] RESULT:
```hfssnap
{
  x=5;
  y=10;
  inner={
      calc=Op+(?(pattern='^x$', UNANCHORED, ECONSTANIC), ?(pattern='^y$', UNANCHORED, ECONSTANIC), WOCONSTANIC);
      doubled=30
  }
}
```
COMMENTS:
```markdown
complex_sff_with_nested_scope
```
SIGNATURES:
Public key: eb9604b1e50d6df60ea71cded2d51b4031b14e9d8911866fcfff4afb00075e65
Foolish signature: obQLgZJfv8HIpwlv3ZQWrJUCKZf0Ocd1GgVdfpIQVbKJJQYt3GHGz/VAMGlbgtEPRF0Bp048YytB5puRSkFxAQ==
HFS signature: NeqwuqSfJPorayVw93WQxMKJprSz/W7skKu/C1LMJX9N+5N19pk76j85AQAZHqs5cgCBJXCNH0kzJPivtPXrDg==
Comments signature: h8MGXmo4I9QkZ6rTdoW4zIvDe0Vly02TJKWQv1oIX0ta/SEJ8jGxYH5xEK7dUeLl0OerZEO3nisUXsZcBeZ/CQ==
