---
source: foolish-ubca/src/ubca_snapshot_tester.rs
assertion_line: 34
---
INPUT:
```foolish
{b1={a=1, b=2, c=3}; b2={e=4, f=5, g=6}; c = b1 b2;}
```
[0] RESULT:
```hfssnap
{
  b1={
      a=1;
      b=2;
      c=3
  };
  b2={
      e=4;
      f=5;
      g=6
  };
  c={
      a=1;
      b=2;
      c=3;
      e=4;
      f=5;
      g=6
  }
}
```
COMMENTS:
```markdown
concatenation_references
```
SIGNATURES:
Public key: eb9604b1e50d6df60ea71cded2d51b4031b14e9d8911866fcfff4afb00075e65
Foolish signature: +3nQItlbFWscU3ZY2dAYOnLKZHev9MvYRb2LdQp+ohZ2+DZ+DjBPdNHtW2gVtcrpLOWBNLoWv6gU/jiWiNqYAA==
HFS signature: 2WtfO9l+dkQSbhRNMFO9JmmgHvUIOGmbuuBfXo1w8mfWvv9KxK3TzAjUqE/752FUMkMT8ew+b9mblKqxs721Cg==
Comments signature: 8JqgTa7gNXLLQ+XOA/fyPZsyPcXYO6TvlX21pmavyQqflPTmzwYuZnBhu0EP4JkNwKLpw+XFxa0lahmsrgmvAQ==
