---
source: foolish-ubca/src/ubca_snapshot_tester.rs
assertion_line: 34
---
INPUT:
```foolish
{a = {}; b = {}; c = a b;}
```
[0] RESULT:
```hfssnap
{
  a={};
  b={};
  c={}
}
```
COMMENTS:
```markdown
concatenation_of_empty_branes
```
SIGNATURES:
Public key: eb9604b1e50d6df60ea71cded2d51b4031b14e9d8911866fcfff4afb00075e65
Foolish signature: QrHGER6Q21Zb7JF58m//YqKT2fPAyApCfQhkZCO1iLMZ0bCkiqfK/M5g/MIBn3w39RdaVAeWfXHHkE9FpRnKAA==
HFS signature: q0Lk5I5WAH/QlZvTH9LVBsuBe8cw55DsAvg3h9Uvji+drRXWVmexq8HgLL5w4QxrIgS0O7yF5GzvSo+M5e+JBw==
Comments signature: UhNKXXRnRnwVPTz4fGpL4ee69gR272zYE7ZQxgOgn4f1laCXMjomFCEv6YINSI/hFN9LDEqb9toqxe5lfnjwDg==
