---
source: foolish-ubca/src/ubca_snapshot_tester.rs
assertion_line: 34
---
INPUT:
```foolish
{b1={a=1, b=2}; b2={c=3, d=4}; b3={e=5, f=6}; c = b1 b2 b3;}
```
[0] RESULT:
```hfssnap
{
  b1={
      a=1;
      b=2
  };
  b2={
      c=3;
      d=4
  };
  b3={
      e=5;
      f=6
  };
  c={
      a=1;
      b=2;
      c=3;
      d=4;
      e=5;
      f=6
  }
}
```
COMMENTS:
```markdown
concatenation_three_way
generated: 2026-07-02T02:21:26.361367274Z
```
SIGNATURES:
Public key: eb9604b1e50d6df60ea71cded2d51b4031b14e9d8911866fcfff4afb00075e65
Foolish signature: grm1FSEKgkPn0g0w51iYj06OlZGcAU0q+3paF98SEDlh9v6xsHEKg3/3s2E88C06QD/JdRme4dVkLRCMieEuBg==
HFS signature: DWUwT6yePFa7bxaBnfG4bVDcxrRxtyiz/7fB2N5TMBTaDehJPP+fZgvTa78UYLO4IcVAS3revkYOy6DjjfS9Dw==
Comments signature: Xi9OA+SRkSuP7pEiZn72zIm4NWc5Ck8x7vt+XmgbrK8Nl6LL3S2+qjuKDeVF3s+szJ2BtCFn4Zc5RyXDhQUXBQ==
