---
source: foolish-ubca/src/ubca_snapshot_tester.rs
assertion_line: 34
---
INPUT:
```foolish
{a = {x=1}; c = a a;}
```
[0] RESULT:
```hfssnap
{
  a={
      x=1
  };
  c={
      x=1;
      x=1
  }
}
```
COMMENTS:
```markdown
concatenation_repeated_reference
```
SIGNATURES:
Public key: eb9604b1e50d6df60ea71cded2d51b4031b14e9d8911866fcfff4afb00075e65
Foolish signature: f7JfeTQyTLLa6eEvSr+XdVSVOGa9Lz98NxDjnVXmz1wCfpGtLelU4EmT89OI+biL7Lf30vuJ4jtpkgo9sOYOCw==
HFS signature: IaTBokNYalNK5mbe7ZHLhRDPOT/nd6PcdJLDuQk4ffgFLnEaJ2uc8hzcNQet3p0H3UzXdTDF0N5HYKkNUmMhDw==
Comments signature: GKTo06zAjTx3fNfb2obwo8iajraD0Sj59416XVdeFTLZlqgKoqsv/sGcbjIsTWOSS3K9OWH57IC2ACcJlqgfAw==
