---
source: foolish-ubca/src/ubca_snapshot_tester.rs
assertion_line: 34
---
INPUT:
```foolish
{a = {}; b = {}; c = a b;}
```
[0] RESULT:
```hfssnap
{
  a={};
  b={};
  c={}
}
```
COMMENTS:
```markdown
concatenation_of_empty_branes
generated: 2026-07-02T02:21:26.067288974Z
```
SIGNATURES:
Public key: dc5f586cda43023e707697692c78032300a24b1b813cbf1ccb770080d1a7b683
Foolish signature: 7gJt+oMWH4+YgPm9Uw8lVZlF8NlFLq4pxJ1pyyADx7RgCY4Am1hwqecYiBiRwl7wEyLcpd5lOt9SpRdooqtOAg==
HFS signature: jEe356nCV1NIK8g8tsxzhIwQaXmGbU2Gf8UaUC4mgxaNSvJgMgjUfRVEyGgZAjNhLDF/Rhp0FNk5lnTONlCSCw==
Comments signature: lEfWbCCme4m+udDjRKPixyCHIkDxwN04pIIjf+wAt5/e9L0tjsY02ieV/yk82K//E/gzNIFan0fGYo4qtINzCw==
