---
source: foolish-ubca/src/ubca_snapshot_tester.rs
assertion_line: 34
---
INPUT:
```foolish
{42}
```
[0] RESULT:
```hfssnap
{
  42
}
```
COMMENTS:
```markdown
constant_int_literal
generated: 2026-07-02T02:21:26.752582875Z
```
SIGNATURES:
Public key: dc5f586cda43023e707697692c78032300a24b1b813cbf1ccb770080d1a7b683
Foolish signature: ks5OpqKE9rvQTvziXV+jHFNaHUWMZh0CR7s4Q51srCYIUdrqb/vXwoawZWWdCUQ7el8kh1fjpBUFvK9adikLCQ==
HFS signature: t82D494mkk/yf4aN6vx+Ot6fB66EbkX17+RIHjpBM0zDS/2bud4LgAy6MnSsEcsyHKMnxrcnqik9LoiAQYFyCg==
Comments signature: p1mdMUce8aAd1GTajIC01nqdXbcIfvs9bkibt29ea/A0kKGXi0DWc8ZWsrxp34Nqn4J5/ovnzR7igeBoBwlBAw==
