---
source: foolish-ubca/src/ubca_snapshot_tester.rs
assertion_line: 34
---
INPUT:
```foolish
{{{1;}; 2}; 3;}
```
[0] RESULT:
```hfssnap
{
  {
    {
      1
    };
    2
  };
  3
}
```
COMMENTS:
```markdown
deeply_nested_branes
```
SIGNATURES:
Public key: eb9604b1e50d6df60ea71cded2d51b4031b14e9d8911866fcfff4afb00075e65
Foolish signature: 4iFsiIiQe2f2szvQxrDGPCZ+pus10UpQ6l6Ic2WzZ7fadFFhQgOtHvUlNDpJ7KGVHg+Ya6d00u/09piIOUbhAw==
HFS signature: XHqLa7HCusQLtEuqucyv83Zb9QNj2v3A1y3lmB5XJ+ImXGAtecnntp6BAFQ7pLHGRA0E3GB0HtLikcMs142qDQ==
Comments signature: z6JDZXviS0MM6s+gO5qoIzR+jrZATYWPf4N371B7yQtKDNJ3Lji2gquGyGDJMDPRgma28vUvGDawsu5NxyThAw==
