---
source: foolish-ubca/src/ubca_snapshot_tester.rs
assertion_line: 34
---
INPUT:
```foolish
{a=-42;}
```
[0] RESULT:
```hfssnap
{
  a=-42
}
```
COMMENTS:
```markdown
foop9_unary_operator
```
SIGNATURES:
Public key: eb9604b1e50d6df60ea71cded2d51b4031b14e9d8911866fcfff4afb00075e65
Foolish signature: YQtUjKrJtFvDkS2JGDHKAMZwaI5e4MrPbxyzgu11FMAR4RAICSABBp6BuFN0NAPL5RYO4g26JNBVg9vhr5H4Cg==
HFS signature: wvZFJjylc8m8IeGVb1RExIQ+wk/Be6k+9BQwI6IFGBZ3jLRo0Shw9x6qo+CK4VQMrYEbuLy3NHtT1fvdqq5ODw==
Comments signature: wFutg4nAZNbn4toXhRpv2ULyZsv0T19f6uyLNzvQ5R0FMsgE5ZFYuXb2pvjCINciCnllQp+wYapMH51JoYxyDg==
