---
source: foolish-ubca/src/ubca_snapshot_tester.rs
assertion_line: 34
---
INPUT:
```foolish
{a=-42;}
```
[0] RESULT:
```hfssnap
{
  a=-42
}
```
COMMENTS:
```markdown
foop9_unary_operator
generated: 2026-07-02T02:21:27.607211537Z
```
SIGNATURES:
Public key: dc5f586cda43023e707697692c78032300a24b1b813cbf1ccb770080d1a7b683
Foolish signature: ukh+as1Lkfnuso67ombT4vmv7YznRor8R+RJSrbbfMtJ1vtk5zNt0LgpNwj5z1SV0ZDpDMuB8Q8j42iFaebTCg==
HFS signature: WyS9QY3eBSASvX29ggY1iEUFYU6aCkLw99SVrZlJBOeXm3PIu1Jbe2vo8iMy2QnQEqNiWVuTEHaSlIVXBdgmCA==
Comments signature: aCJGoxKrpM7clkIjTmQ9PqetqhZlTUBHLgaAbu0Gjvx52VU4uY0TP4boL9v2rkHmecx/OWq279CwlK+qkUV5DA==
