---
source: foolish-ubca/src/ubca_snapshot_tester.rs
assertion_line: 34
---
INPUT:
```foolish
{y = x; x = 42;}
```
[0] RESULT:
```hfssnap
{WOCONSTANIC
  y=?(pattern='^x$', UNANCHORED, ECONSTANIC);
  x=42
}
```
COMMENTS:
```markdown
forward_reference_basic
generated: 2026-07-02T02:21:27.706307094Z
```
SIGNATURES:
Public key: eb9604b1e50d6df60ea71cded2d51b4031b14e9d8911866fcfff4afb00075e65
Foolish signature: aPXWEcrgY9sHuAhJFlqi8vZW0jzrAv2X+f3uxm5ixzVx2/Xl18sJ75n3gi4wpZCdiKp/AzZcm+q6+WTpx0q9DA==
HFS signature: wQ7D0+V2VBzXifEK3gS3WJO7lxMTwiZNeEyKlT4XCeNvsdOYmVKOYmLc7dTsZaie2W4BFu9sccDAdMYrZE5HBw==
Comments signature: aZimUol1FHavUhfCZhefKeKCyez291MUuE2suaneGamYMTWcZV5erg1cQ4mFEHtDnGxcyQI4Sm+NVXzeuKvPAw==
