---
source: foolish-ubca/src/ubca_snapshot_tester.rs
assertion_line: 34
---
INPUT:
```foolish
{b = {{{1; 2}; 3}; 4}; h = b^; hh = b^^;}
```
[0] RESULT:
```hfssnap
{
  b={
      {
        {
          1;
          2
        };
        3
      };
      4
  };
  h={
      {
        1;
        2
      };
      3
  };
  hh={
      1;
      2
  }
}
```
COMMENTS:
```markdown
head_tail_chained_on_nested
```
SIGNATURES:
Public key: eb9604b1e50d6df60ea71cded2d51b4031b14e9d8911866fcfff4afb00075e65
Foolish signature: Vjj8u5spVUSjFVAUf/mjlUYjRNCzB93iB+uCmkKSX/EkwP3tyBPIj+JxYa0nC/t0UHN82CzM7FaGfmAu0j3LDQ==
HFS signature: vXsO9cNdPk4oTJVPoNK2dNk39OMzL/4neG5NjMhdPdARSo+yo4OEhx1V1HJ2tbODwwjN2mU0zq4HOtE4jgOVDQ==
Comments signature: B1mHCdyMpFG0PhL7QbYVlKwP6K9Osr/DacXhrTw5quyCX9MhJ3tWBVLSCU52gkS5CbKX7CRJuUbOo1eTs+rlBg==
