---
source: foolish-ubca/src/ubca_snapshot_tester.rs
assertion_line: 34
---
INPUT:
```foolish
{e = {}^; f = {}$;}
```
[0] RESULT:
```hfssnap
{NK
  e=^(NK);
  f=$(NK)
}
```
COMMENTS:
```markdown
head_tail_empty_brane
generated: 2026-07-02T02:21:28.113170649Z
```
SIGNATURES:
Public key: eb9604b1e50d6df60ea71cded2d51b4031b14e9d8911866fcfff4afb00075e65
Foolish signature: XwSCLresnIywif6Fmm+sciOvZjyLCiQAdd4/x4VDbpiDUBOzYtUtupn9jD2kolRd2qJiivxWW2B0dhi8VsB7CQ==
HFS signature: tc16EWnB/iiaVRHkFNcUtViTugih97X0SLJkGhcvIMACdch7670qyOBuYH6YXUskeeY7RPcQ5sUHZd4Vp3uoDA==
Comments signature: Bcdz1o8cvZbubAqT5RG4s1rOEOnOuMv95aQPLukY7um+OOFbR40hsce9ms4SJ0yHrDMwACA8SPDWVKepBYn3DQ==
