---
source: foolish-ubca/src/ubca_snapshot_tester.rs
assertion_line: 34
---
INPUT:
```foolish
{a=1; b=2; c=???; s=<a>; bad=<c>; sf_bad=<c>; d=a+b; e=c+1; f=a; g=c;}
```
[0] RESULT:
```hfssnap
{NK
  a=1;
  b=2;
  c=??? (??? literal);
  s=?(result=1, pattern='^a$', UNANCHORED);
  bad=?(result=??? (??? literal), pattern='^c$', UNANCHORED);
  sfˍbad=?(result=??? (??? literal), pattern='^c$', UNANCHORED);
  d=3;
  e=Op+(?(result=??? (??? literal), pattern='^c$', UNANCHORED), 1, WOCONSTANIC);
  f=1;
  g=?(result=??? (??? literal), pattern='^c$', UNANCHORED)
}
```
COMMENTS:
```markdown
hfs_nyes_display_rules
```
SIGNATURES:
Public key: eb9604b1e50d6df60ea71cded2d51b4031b14e9d8911866fcfff4afb00075e65
Foolish signature: LP3ptfVb/TktmKr/hAk3yTuy/6Tyee9WqazfXMwVprKFjSZTwZwP5JDqg9haSOTTYidICx+qE5sVLJMsUH+2AQ==
HFS signature: S3muwVzRqjgHyDBuL94HZQDEqGteaIaxbezOxdq9aGK7riQb1dykOvBGUIurxvikNCuccZ9ZXl4Jjc3WS2VCCg==
Comments signature: TCtekjHC/vu19ZHdTD4H3aX/fwBtM0Zkr1IcCuQsakEFQ3No6JHciYPfNP5piZx3PyVHnQ6sdC5fjdU4dE4LAA==
