---
source: foolish-ubca/src/ubca_snapshot_tester.rs
assertion_line: 34
---
INPUT:
```foolish
{a = 1000000; b = 999999; c = a - b;}
```
[0] RESULT:
```hfssnap
{
  a=1000000;
  b=999999;
  c=1
}
```
COMMENTS:
```markdown
large_numbers
```
SIGNATURES:
Public key: eb9604b1e50d6df60ea71cded2d51b4031b14e9d8911866fcfff4afb00075e65
Foolish signature: lH7hMdTx2bfa2p0zuix2lm/T1OjRs3vc6GnUiXNXKYDN0LMNVyoMrJfhGPz6kHhCgdYTdv1ZqFildcD3PTP7Ag==
HFS signature: rgdtaNeEeN2JwZ97prQ+Cb+C0X/8ri5hyztcaoViHDo6tBLtLmT+NV2NwlKGhqwZpmqOVWywxk9KNHYaJPk5Dg==
Comments signature: CbHB+ldt0OW04bitYZzhZCM+2OVTD1CepccL9EX2N+1uqunHHH3oHLHsdh4kfFjK25BAhfC0PdCMMt0fc1HpDg==
