---
source: foolish-ubca/src/ubca_snapshot_tester.rs
assertion_line: 34
---
INPUT:
```foolish
{42; (3 + 4) * 2; -15; 100 / 5;}
```
[0] RESULT:
```hfssnap
{
  42;
  14;
  -15;
  20
}
```
COMMENTS:
```markdown
mixed_expressions
generated: 2026-07-02T02:21:29.609593794Z
```
SIGNATURES:
Public key: eb9604b1e50d6df60ea71cded2d51b4031b14e9d8911866fcfff4afb00075e65
Foolish signature: +b5SZbwD7lGJZ9VC630RSk2v2z0x8HCIRw6mclr9OfaF7EctLK0pS9k4eVmck1xBXnNgUCQ5vUTvpyzk1a94Bg==
HFS signature: XDsc8ECMSAr0wqeaoZadQkaec0BLNzS+fbzItFjQQtAIdNBFbeHKkQBVBdBpfUzm7w0/bNeojcQOV8+67YGLAA==
Comments signature: zGbt5SliRL4+5AOdJzBjJdYV1kBw+5pa2atcRP/n1ZuNBMPn5ij5QU+Oaek6spQiOIaVbhj3gsDnE2djLwaUCA==
