---
source: foolish-ubca/src/ubca_snapshot_tester.rs
assertion_line: 34
---
INPUT:
```foolish
{x = 5; y = 3; z = 2; x * y + z;}
```
[0] RESULT:
```hfssnap
{
  x=5;
  y=3;
  z=2;
  17
}
```
COMMENTS:
```markdown
multiple_identifiers
```
SIGNATURES:
Public key: eb9604b1e50d6df60ea71cded2d51b4031b14e9d8911866fcfff4afb00075e65
Foolish signature: HVUcPQ59tJfi9VWsa9r6JQVLiBZ+Py/boKmGvfXNlg0MhCrL4fvHvZ/QCzIm/XKvghZ29bRO4V50hLS2Bi8KCw==
HFS signature: 8Q9QualGYYsTSzJ7zSOO8RDekIM2mN4CKpQJFpyW85PkWR9Ydz5v3LiGCbkz7cxTGlY+aCeCWN6a5rY+B1UOCg==
Comments signature: OanKz4sCckPRf2dOOUqDGXRuphLhBwQWU9N9zSWCY0+xH3wFnSUzKP0XvRx/uyeS0a4/hvGxgWTBOnXlPCCeAg==
