---
source: foolish-ubca/src/ubca_snapshot_tester.rs
assertion_line: 34
---
INPUT:
```foolish
{a={1;2}; b={3;4}; c={5;6}; r1 = a b; r2 = b c; r3 = a c;}
```
[0] RESULT:
```hfssnap
{
  a={
      1;
      2
  };
  b={
      3;
      4
  };
  c={
      5;
      6
  };
  r1={
      1;
      2;
      3;
      4
  };
  r2={
      3;
      4;
      5;
      6
  };
  r3={
      1;
      2;
      5;
      6
  }
}
```
COMMENTS:
```markdown
multiple_concatenation_in_sequence
generated: 2026-07-02T02:21:29.931104215Z
```
SIGNATURES:
Public key: eb9604b1e50d6df60ea71cded2d51b4031b14e9d8911866fcfff4afb00075e65
Foolish signature: vQ24P5OJWO3HCyzpDXO/3KVrkm3gq16xVnfik4k7X5gqxkNIyxwESUFvxReJdS7XjAJGrNho/WRIaDP/3llFAQ==
HFS signature: tOfLsKVSNebEPSjBvq2QXPewm9u76vhximH3e5kylh4MssLSKHf0LodNTM5mfC3i4JN0vBq1PiLekGfo8Ya/AA==
Comments signature: gB7mDip97nVNXaZcKGv2IiLR1EfUVqcx6GfFIGmCe+2gPi3eFtxmHzFZqhG4d/4C9q5pgTeU25dg3TVSbmAQCw==
