---
source: foolish-ubca/src/ubca_snapshot_tester.rs
assertion_line: 34
---
INPUT:
```foolish
{1; 2; 3;}
```
[0] RESULT:
```hfssnap
{
  1;
  2;
  3
}
```
COMMENTS:
```markdown
multiple_expressions
```
SIGNATURES:
Public key: eb9604b1e50d6df60ea71cded2d51b4031b14e9d8911866fcfff4afb00075e65
Foolish signature: 3xPBl1XzvM+c+5iBrAJvilR6apn+OBhe9SlcuDG66xOwg9CwBKdp9GpBTReE2aO/Wabwgw99LxLvpPmHOjUhCw==
HFS signature: pvKJag8z8H+GAPma0Es1fWdlxj9CMNSCum2FZUtURYNaDLSJuXpbqs4CkYfHRfPUXrVM0kQV5C/K//jVj5tWCw==
Comments signature: 2+WIvDGvBLfTilvsT8Xox2RO1O7oH7H9fnU1NaKY4+tSEcP0/HzKBxF+IJbEg4kc/nXm9PwI1FTyuo0S0WsgDA==
