---
source: foolish-ubca/src/ubca_snapshot_tester.rs
assertion_line: 34
---
INPUT:
```foolish
{5 + 3; 10 - 4; 2 * 6;}
```
[0] RESULT:
```hfssnap
{
  8;
  6;
  12
}
```
COMMENTS:
```markdown
multiple_arithmetic_expressions
```
SIGNATURES:
Public key: eb9604b1e50d6df60ea71cded2d51b4031b14e9d8911866fcfff4afb00075e65
Foolish signature: dREaRIBhvTbVfSzNMPKmHCJOaac1SgebQF95AZb5mo/2oZiAIHUx4fxvUK98BhKQEb0KYR2vkP5jWgymAPpLAQ==
HFS signature: iq8jjJEMFFB4ZJTcrICDV2F+P6ncTcLuPfCL8dm0PmenF4nzuFYPyyws2uK1AyJA0YiyH6nZ3W6ZF++7bcIzBw==
Comments signature: 9Gd2fAs/8n8P1KJOjzgOgTMR9YewbfZADv/0+f/3tTQmfDOy3gESTTCvCmA32HiP0PI6/3vkZOg1xv1J9Na+Dg==
