---
source: foolish-ubca/src/ubca_snapshot_tester.rs
assertion_line: 34
---
INPUT:
```foolish
{x = 42; outer'{inner = {y = x}; val = inner.y};}
```
[0] RESULT:
```hfssnap
{
  x=42;
  outer'{
    inner={
        y=42
    };
    val=?(result=42, pattern='^x$', UNANCHORED)
  }
}
```
COMMENTS:
```markdown
named_brane_with_search
```
SIGNATURES:
Public key: eb9604b1e50d6df60ea71cded2d51b4031b14e9d8911866fcfff4afb00075e65
Foolish signature: lfoMO36ZjB7D0tyz2pbPVhnhwD/pGI/DAcU3Cqv4A2YnYN7ZAypTrAZvgdqkIB2QZtJrxM7i46GR7yPc6XSnAg==
HFS signature: mlJwq1+8Q4qv9m2B26xN3ElHFr+zQIeDcG1OJRe4UpX3w+YReWGzi2aUmEuv8eB0adGYOGmcxtoDXs7AagxpAw==
Comments signature: xH8jbAeCMri4mzq8DltS5DDjOAZ788kWef7hqHIpwPgEstkf3O0gv+bjn+z3VzfZuZHU8iWyjkTqc0Djm5xqAA==
