---
source: foolish-ubca/src/ubca_snapshot_tester.rs
assertion_line: 34
---
INPUT:
```foolish
{((2 + 3) * (4 - 1)) / 5;}
```
[0] RESULT:
```hfssnap
{
  3
}
```
COMMENTS:
```markdown
nested_arithmetic
```
SIGNATURES:
Public key: eb9604b1e50d6df60ea71cded2d51b4031b14e9d8911866fcfff4afb00075e65
Foolish signature: +pfGoBiPlhCQKglHv8tP5b1vu4k3/eycGsNBh6zZLI/BCSS0H0HDsRJ5BFV3EpwFSCT3yV1ATgBCCh3gyzEoDg==
HFS signature: uMRx2Su18VK1hzzPgGn/LfdXJzZdGPwtNJXnPjAzHA88XOWcA23PfPSvkGpmXPTIeBG1BShnPfs/r8HSwjMJBA==
Comments signature: 9V6glRdJJUQtk7qByhuQZYlHlWYYjo2+FFaXrozRABdtLQYBWjMVrNlwFWsSh2JVlCMCmW+e+1iBHG5n1ojCBg==
