---
source: foolish-ubca/src/ubca_snapshot_tester.rs
assertion_line: 34
---
INPUT:
```foolish
{x = 42; b = {y = x + 1};}
```
[0] RESULT:
```hfssnap
{
  x=42;
  b={
      y=43
  }
}
```
COMMENTS:
```markdown
nested_search_in_brane
```
SIGNATURES:
Public key: eb9604b1e50d6df60ea71cded2d51b4031b14e9d8911866fcfff4afb00075e65
Foolish signature: UDRXBqsitBhvg1LQZ4rX+ojYO1WTmKVyt8e+D7hcn0PelFwiyXM0FdYmrBZcOzucvfAdjeXMv2/zFjMG7D26Dg==
HFS signature: zj7Mj/Uuc1/OOhvALXJa2YysgOvMlYu6FFzSDQJdkxguxS3kijiV7M+DX7urjRYqvq7Y5mtlUj362i0txkCuDQ==
Comments signature: PWZet84M4fAkkN4X7t4wqlNPFFmVK+fDekXkuhPK6q1Ss5kqBGhC71APtB5xRpKRbWUojepkztM58QmYvayKBA==
