---
source: foolish-ubca/src/ubca_snapshot_tester.rs
assertion_line: 34
---
INPUT:
```foolish
{data = {a=10; b=20; c=30; d=40; e=50}; last = data#-1; second_last = data#-2;}
```
[0] RESULT:
```hfssnap
{
  data={
      a=10;
      b=20;
      c=30;
      d=40;
      e=50
  };
  last=50;
  secondˍlast=40
}
```
COMMENTS:
```markdown
offset_access_backward
```
SIGNATURES:
Public key: eb9604b1e50d6df60ea71cded2d51b4031b14e9d8911866fcfff4afb00075e65
Foolish signature: w/FuN5NHm3+zyWo8H3LSDmVj6hUS9Wi2jCRc83BtWvKKK7LNm3YFIqTgnnbr+GdjxxS391/imHOTpmDmLgJWDw==
HFS signature: vzTdRMj9qY07VW/wVmZrnTiiR20M52JE+AmY7E1PJqKYs6oQZ3O87/qzdCnSgqqJf7CvM+efNuS3ADlj0SoMAw==
Comments signature: 6g2fULDwu6xHyW+1sU3gBDPQlchWHTTNLkZH4et6WWMVehvSgHelJ4OylEby3lqgIGjkgNxNcNieMJk4UrcJCA==
