---
source: foolish-ubca/src/ubca_snapshot_tester.rs
assertion_line: 34
---
INPUT:
```foolish
{empty = {}; result = empty#0;}
```
[0] RESULT:
```hfssnap
{NK
  empty={};
  result=^(NK)
}
```
COMMENTS:
```markdown
offset_access_empty_brane
generated: 2026-07-02T02:21:31.252019843Z
```
SIGNATURES:
Public key: eb9604b1e50d6df60ea71cded2d51b4031b14e9d8911866fcfff4afb00075e65
Foolish signature: 4HT5UM7rsqNrKm10kDTrGFd/jD3hrpqArbGTGdO8uwnz9eP6VsDBibwcWgZDM0Cq4VoZy+3I+DX9TSCiodw5Bw==
HFS signature: BEH2SmyrLzhC1wo0qQADbJ021qYkk+gNrQyLHOZFlithzpLkJxie/oEFvHJgngJPL/kCSzgTPfVoIvMiivCsBA==
Comments signature: eci2isWlwMa+4tPgD+6feVnY+lBj1pjnDFdYd3VJlH5jgwh7TujQIOvPVhSPuiK2IrauiNIvHJ7XyPd0wNDzCg==
