---
source: foolish-ubca/src/ubca_snapshot_tester.rs
assertion_line: 34
---
INPUT:
```foolish
{data = {a=10; b=20; c=30; d=40; e=50}; oob = data#5; oob_neg = data#-6;}
```
[0] RESULT:
```hfssnap
{NK
  data={
      a=10;
      b=20;
      c=30;
      d=40;
      e=50
  };
  oob=#(offset=5, ANCHORED, NK);
  oobˍneg=#(offset=-6, ANCHORED, NK)
}
```
COMMENTS:
```markdown
offset_access_out_of_bounds
generated: 2026-07-02T02:21:31.450141879Z
```
SIGNATURES:
Public key: dc5f586cda43023e707697692c78032300a24b1b813cbf1ccb770080d1a7b683
Foolish signature: 6Kl8xVNkjnIERBDU/geunFvLzDwGt1gky5mwIgSBP1dQgu+YNxT3ZSO6QwAgC6Z5TXmrDgzy09gMUkyVCy/yDQ==
HFS signature: e210DQkLKVSIRbu43ynMf3AG48GCMi0dK9Ifx+/YBb+1P7x8dokqaiH9BkZXvLNrNkjXNJ/m6TFwLQo4x3osAQ==
Comments signature: ALDqIipqQbfj2hiQxpUbt04viUzeSVKZS4qfVWbC8W8g20Oi9Tc7DXTcrr82jl8R6nLf/fpbPX1c8HjLM6LxCQ==
