---
source: foolish-ubca/src/ubca_snapshot_tester.rs
assertion_line: 34
---
INPUT:
```foolish
{data = {a=10; b=20; c=30; d=40; e=50}; oob = data#5; oob_neg = data#-6;}
```
[0] RESULT:
```hfssnap
{NK
  data={
      a=10;
      b=20;
      c=30;
      d=40;
      e=50
  };
  oob=#(offset=5, ANCHORED, NK);
  oobˍneg=#(offset=-6, ANCHORED, NK)
}
```
COMMENTS:
```markdown
offset_access_out_of_bounds
```
SIGNATURES:
Public key: eb9604b1e50d6df60ea71cded2d51b4031b14e9d8911866fcfff4afb00075e65
Foolish signature: 5mW4Y0TT7/tKzoTYcDmcc55PYySMOjv0ufK4gZPFA0EOeQnklwy0ZQCzhuaHFd0qt8Bff2iVuZJv3IoqY7HYCw==
HFS signature: q/K0hTYPazfALrJb07gSQ6EDNzTsVXKvjQe7YiF12O5A0YYeDSrUvtbrwqUjbA9sqoKJjioA12KWej3MpPe8DA==
Comments signature: xvWMWfA+O33UTeQtKnuaSvvSLkQgAWeBX2l/nUUG+b36k02AHOST1ibdRmJq2CSNPuhxTpikrtuq3ZazXS/BBA==
