---
source: foolish-ubca/src/ubca_snapshot_tester.rs
assertion_line: 34
---
INPUT:
```foolish
{a = 0 * 100; b = 0 + 999;}
```
[0] RESULT:
```hfssnap
{
  a=0;
  b=999
}
```
COMMENTS:
```markdown
operator_with_zero_operands_edge
generated: 2026-07-02T02:21:32.257202084Z
```
SIGNATURES:
Public key: eb9604b1e50d6df60ea71cded2d51b4031b14e9d8911866fcfff4afb00075e65
Foolish signature: 8kxEhPEDx3M5OqlatLmCc2IQqSlvg1yyAFz/7tCh0HP4vCCITP3scq7sbxwXh1et9lKLWlM982AOSnz22hu2BA==
HFS signature: Y+OrpRcsqbApkvWf6xxW0BDvrjPoTp6zOsKkrZmexnVz5bdAssDlCBBcUkvpBNIUhJAOl13X5U92bIw7TxYFDw==
Comments signature: cLwwH5Zg8PebZhdPW+OAgDmXdFf16hhUIjoxlOXQtDAbV5+8ehwSMCScOn3niV6oWCt/WEFX8ThEC9Kz/N9gAQ==
