---
source: foolish-ubca/src/ubca_snapshot_tester.rs
assertion_line: 34
---
INPUT:
```foolish
{a=1, b=2, c=3, d=4, e=5; result = #-1 + #-2 + #-3 + #-4 + #-5;}
```
[0] RESULT:
```hfssnap
{
  a=1;
  b=2;
  c=3;
  d=4;
  e=5;
  result=15
}
```
COMMENTS:
```markdown
operator_transparency_deep_chain
generated: 2026-07-02T02:21:31.860213871Z
```
SIGNATURES:
Public key: eb9604b1e50d6df60ea71cded2d51b4031b14e9d8911866fcfff4afb00075e65
Foolish signature: 8WcsOtH089Q/LZFqSuSVlFIZZ4Jt+GVJWzkHLO5usHUiCuxlsGOjsqt9Lw+VlymAQ6q+X98ndVnMFlrWI116Cw==
HFS signature: yJcFp65s6g30Gc+kHp6Tbua9Sn979RMtuL9U1JPVa2RYLKfHoERY8dqXsMxviB0PYDq1hrC91u791HijhW+GCA==
Comments signature: crANc+1isANyRrfyxhkJspDciTmTc7T77Wt4b72CnzpIlFvNXmUeBYcK9R5Q+lHhbLTyHC4HcThpiAB/oj67AQ==
