---
source: foolish-ubca/src/ubca_snapshot_tester.rs
assertion_line: 34
---
INPUT:
```foolish
{x = 10; b = {y = x * 2 + 3};}
```
[0] RESULT:
```hfssnap
{
  x=10;
  b={
      y=23
  }
}
```
COMMENTS:
```markdown
operator_in_nested_brane_with_scope
```
SIGNATURES:
Public key: eb9604b1e50d6df60ea71cded2d51b4031b14e9d8911866fcfff4afb00075e65
Foolish signature: zS8/EXl6x41BfGg9NDZGG2AsYeSQVb/uUjw4vX/G5cfutuTJ0ARCdCXx3DgMjKKYt5hFc2c3iYnAko6l4C3zBw==
HFS signature: cLf5G1ocMwYZuP1UvuvwZ8PmHDZSxYmJo2Dd0kdIz0/RUleZhpo+y74LujRBAC9lalGvX0ITjw+3Ra/Qq6ZlCQ==
Comments signature: +Bz2kbxek9AgIN4xLlMm4CPq5Z/5iiHZA2a2e1lV6wy20kk3zA82KjVLWX/KSFiIAPLHCBCVC3zWulGpU3x0DA==
