---
source: foolish-ubca/src/ubca_snapshot_tester.rs
assertion_line: 34
---
INPUT:
```foolish
{a=1, b=2, c=3; result = #-1 * #-2 + #-3;}
```
[0] RESULT:
```hfssnap
{
  a=1;
  b=2;
  c=3;
  result=7
}
```
COMMENTS:
```markdown
operator_transparency_mixed_ops
```
SIGNATURES:
Public key: eb9604b1e50d6df60ea71cded2d51b4031b14e9d8911866fcfff4afb00075e65
Foolish signature: bKwmSV7C6iCY+lxlIsp2d0YTYxGtu3EJhqdjLGhKfngtn+5IyhOFtwKIOOf9EFQzJ5aAvdXg+ifxRr4CPfuvCw==
HFS signature: UyMLKIRJnrJYt5Qin3lwSS+z4v2aXfWXZaIx9O7gllqUmBkX1KY4S6ucNX7yzT8i4d/XoByktUoY8SJdQZO2Cg==
Comments signature: b9gEE35E/3T9ixvHnl0lsbLdO69M0sf70HgIFCWuTlel9xbI0LpG64j2/tVODIHc7cnO79xZz5BdmwzcBejQBg==
