---
source: foolish-ubca/src/ubca_snapshot_tester.rs
assertion_line: 34
---
INPUT:
```foolish
{result = {x = 100; y = 200;}?notfound;}
```
[0] RESULT:
```hfssnap
{NK
  result=?(pattern='notfound', ANCHORED, NK)
}
```
COMMENTS:
```markdown
regex_search_not_found
```
SIGNATURES:
Public key: eb9604b1e50d6df60ea71cded2d51b4031b14e9d8911866fcfff4afb00075e65
Foolish signature: RdHyPrL+IZFNzYf+mpIgCn9fRO+L4UnII34ckfUWuO+Ie+DSBbJymD7hLKgjaJn49V+RS5dI+Jq0qjMTZAMfDA==
HFS signature: FaH6MBpKbSu4OevoLQtkLR1xOwwGi64U78oGgPFHveZEmNCTfd9E7SwJ4BsfI3yEnPH53Qy/+4vXHRNGxXd0Dg==
Comments signature: d/KWSO6BQmCc7FZ8rSJyvFbCFj8WfHg4xMdJDRdbs7kmrq5XPpfrJ0onhtNp0+CPyET+40lqw2gn2YSdSGe0Aw==
