---
source: foolish-ubca/src/ubca_snapshot_tester.rs
assertion_line: 34
---
INPUT:
```foolish
{result = {alice = 1; bob = 2; charlie = 3;}?(^a.*);}
```
[0] RESULT:
```hfssnap
{
  result=1
}
```
COMMENTS:
```markdown
regex_search_pattern
```
SIGNATURES:
Public key: eb9604b1e50d6df60ea71cded2d51b4031b14e9d8911866fcfff4afb00075e65
Foolish signature: pdfIWGp0OIEyyDqyEPsdohefCVb03vsi3L5+KbGNkyryv0FnhE66J80tqTnccJO+f74cxpHES2zlzGr/0khMBw==
HFS signature: eh+uOiBQ8ZhARLRhgc3X3qD/JkCmQkaUN2pZvirWeVwlOZR5W7uU/9PVJc8Y6ZCl8clfnDXaGcxIA7bWYr6yDA==
Comments signature: 6FRMYwDAJDmLwR7xCRVxuNIs5Dko6taoQIOMVCI+QqmO2RFGyWzqKJa5DnXgOokCmiT6RpgccrzOIubOlrHqAw==
