---
source: foolish-ubca/src/ubca_snapshot_tester.rs
assertion_line: 34
---
INPUT:
```foolish
{result = {x = 100; y = 200;}?notfound;}
```
[0] RESULT:
```hfssnap
{NK
  result=?(pattern='notfound', ANCHORED, NK)
}
```
COMMENTS:
```markdown
regex_search_not_found
generated: 2026-07-02T02:21:32.559348992Z
```
SIGNATURES:
Public key: eb9604b1e50d6df60ea71cded2d51b4031b14e9d8911866fcfff4afb00075e65
Foolish signature: RdHyPrL+IZFNzYf+mpIgCn9fRO+L4UnII34ckfUWuO+Ie+DSBbJymD7hLKgjaJn49V+RS5dI+Jq0qjMTZAMfDA==
HFS signature: FaH6MBpKbSu4OevoLQtkLR1xOwwGi64U78oGgPFHveZEmNCTfd9E7SwJ4BsfI3yEnPH53Qy/+4vXHRNGxXd0Dg==
Comments signature: C3VFUTnrYxVeScR2YA14L+tvQeVtzmWc8ij/hF0auXSD83kIDHP4BR5vTeWUIqnZMxXoNiOCKu2b3jhv0CCUDA==
