---
source: foolish-ubca/src/ubca_snapshot_tester.rs
assertion_line: 34
---
INPUT:
```foolish
{x = 1; b = {x = 2; c = {x = 3; val = x}; val2 = x}; val3 = x;}
```
[0] RESULT:
```hfssnap
{
  x=1;
  b={
      x=2;
      c={
          x=3;
          val=3
      };
      val2=2
  };
  val3=1
}
```
COMMENTS:
```markdown
scope_shadowing_multiple_levels
```
SIGNATURES:
Public key: eb9604b1e50d6df60ea71cded2d51b4031b14e9d8911866fcfff4afb00075e65
Foolish signature: L2jdjnW46p8If8DjiyEj2K/BxyhJBIs0HhGJzb8CyEWJE6GFgSXvj5zsnIT0ilOguZKHbxvgFEv8u0w4nMpGDg==
HFS signature: D258VQeoZbpisGq7K+6LgvxMDx5gXzdbDzlO7twGYjFxRfZEbQ1N/ewLRrDJEKRT0uHDbeKNlavC5/CV0PsODA==
Comments signature: XFwiNR+v3azx9Jt29sdOe0q3GiNPgKopjc3z1lUOm+Eihy44XyEgBwts2a8gejsKMWVdBIjp/vmIwVD6n5AwDw==
