---
source: foolish-ubca/src/ubca_snapshot_tester.rs
assertion_line: 34
---
INPUT:
```foolish
{ x = 42; y = x + 8; }
```
[0] RESULT:
```hfssnap
{
  x=42;
  y=50
}
```
COMMENTS:
```markdown
scope_resolution
```
SIGNATURES:
Public key: eb9604b1e50d6df60ea71cded2d51b4031b14e9d8911866fcfff4afb00075e65
Foolish signature: rGSRWv2JiVCLgCF4smcT9m0hJL8BrU3ohr3OIlFzAz94u/Cwzr2fjk6RMDd6ZfzrDDp0qbDk5T0XFAtb8uDTAA==
HFS signature: ChKQJdB+46IIrEDd13s9uZvY48B8d7wXqZy1WRlBDmclsV4pWu/E2fLpLVPm/0ayoy+e0Qx8lMSTeq2x98A4Cg==
Comments signature: H3kXIlE+4A1wEK6g+riMSELOCwRZqdLecLxcceWUSyQ1y9c0vE/eqNfJKpSJMrbLgjoe+XAZBpDAXXdsIMgdCg==
