---
source: foolish-ubca/src/ubca_snapshot_tester.rs
assertion_line: 34
---
INPUT:
```foolish
{b={x=10}; c = b {y=20}; result = c.x + c.y;}
```
[0] RESULT:
```hfssnap
{
  b={
      x=10
  };
  c={
      x=10;
      y=20
  };
  result=30
}
```
COMMENTS:
```markdown
search_through_concatenation
```
SIGNATURES:
Public key: eb9604b1e50d6df60ea71cded2d51b4031b14e9d8911866fcfff4afb00075e65
Foolish signature: s4wIz5ZySHYt8KoJokqS51gtPK8xH5ZUSz1ok9cjaP7P74mAAHC9ptE9hcQcxyh9MRQ3oW9Vnw+83EpfS8K0AA==
HFS signature: zZrp5LjHtsKEN3IQCg0AZzBrGzAo8g7RIB4vcurBcSQ8tEze9UEyQrdudH+oCsrveQFyHKF1MYzXTuZ+57cpDg==
Comments signature: 4t/g9CdK/p1xsb0veF84JV/QidyPK2KMxS0iNTUDWjDgOjelSpmKa5FZOg7QYAIjJt9AtrSuywRJE0/0WdZAAg==
