---
source: foolish-ubca/src/ubca_snapshot_tester.rs
assertion_line: 34
---
INPUT:
```foolish
{b = {a = {x = 1}; b = 2}; r = b?a;}
```
[0] RESULT:
```hfssnap
{
  b={
      a={
          x=1
      };
      b=2
  };
  r={
      x=1
  }
}
```
COMMENTS:
```markdown
search_pattern_matching_nested_brane
```
SIGNATURES:
Public key: eb9604b1e50d6df60ea71cded2d51b4031b14e9d8911866fcfff4afb00075e65
Foolish signature: BX0oaq3UZuH0nGnGzmVbZrHemY8Y326tN+mCht7khiHkptQaJlq9+QzXykgQ83Cq00REgJzB+TFLh3ymJxahDw==
HFS signature: 473/FnTfI+BBNg5s0rpjzLRbX+sq5DUhJCmjA0caJ4R1qH4fqolo06qZt/SWc5UyAhtMvrIs7vgsQTHKaeibBw==
Comments signature: Ym5I4UaNehc9DCko6Vxi4Aa9pUotUYhdNOiOC/mCerU+AWWVnT8s2xxKpewfj7ClXPllmH2oPoBy95JW7Y09Dw==
