---
source: foolish-ubca/src/ubca_snapshot_tester.rs
assertion_line: 34
---
INPUT:
```foolish
{simple = {x=10; y=20; z=30;}?y; notfound = {a=1; b=2;}?missing;}
```
[0] RESULT:
```hfssnap
{NK
  simple=20;
  notfound=?(pattern='missing', ANCHORED, NK)
}
```
COMMENTS:
```markdown
search_pattern_basics
```
SIGNATURES:
Public key: eb9604b1e50d6df60ea71cded2d51b4031b14e9d8911866fcfff4afb00075e65
Foolish signature: IczNpos/A3kVt+3iJ7Yt4zGfswvRMebrlCPr55Rls9B7c6d7ypq50oY5k47DL/cKktgBohcP2shi4TDcytozBw==
HFS signature: QAesf5b5cDAwopgNZkap1Kr7MiCaZUUGCSeIy5tbu63Q/yxfizhaMegomUsy24cGZGOAYCdwZMxYFIaqzq79Cw==
Comments signature: srHZquOJmm++eeBaLOy1NwrHdpRc6DHOCB1cedhCffve6hDK7AdXCohMMa9Rcs1FlvyKhY9G9c+MJbrZw/02BQ==
