---
source: foolish-ubca/src/ubca_snapshot_tester.rs
assertion_line: 34
---
INPUT:
```foolish
{b = {tmp_a = 1; result = 2; tmp_b = 3; output = 4}; r1 = b?tmp_.*; r2 = b?result;}
```
[0] RESULT:
```hfssnap
{
  b={
      tmpˍa=1;
      result=2;
      tmpˍb=3;
      output=4
  };
  r1=3;
  r2=2
}
```
COMMENTS:
```markdown
search_pattern_with_complex_regex
generated: 2026-07-02T02:21:33.565770196Z
```
SIGNATURES:
Public key: eb9604b1e50d6df60ea71cded2d51b4031b14e9d8911866fcfff4afb00075e65
Foolish signature: TV+G7nBl2w3LOLrnxUcSYdYQtJ+JcSsvpu45VT0Cetp5n0ZF36txntLJEqsSKQ3TU9fgcwhelwlFijp2WmU+Bw==
HFS signature: FG4yOGs0ZNnqGglF7rRDlTIWmx++HUP6w85ImDJpaeJ7qPn0lrC6mD4cX8PjDs0lPvaC6daxO19q34CmutSoAg==
Comments signature: pNVytKtodFrZMhq6wkf1smKrzrZ6DP4gnwjKR5sJFveDoqtneH9No8zsLnCd59WAHggUfZluXEC7qWeNZ7V/AA==
