---
source: foolish-ubca/src/ubca_snapshot_tester.rs
assertion_line: 34
---
INPUT:
```foolish
{b = {10; 20; 30}; first = b#0;}
```
[0] RESULT:
```hfssnap
{
  b={
      10;
      20;
      30
  };
  first=10
}
```
COMMENTS:
```markdown
seek_zero_offset
```
SIGNATURES:
Public key: eb9604b1e50d6df60ea71cded2d51b4031b14e9d8911866fcfff4afb00075e65
Foolish signature: BA8NP/HJM0xac4XH9oNE3sPCEtcXseNeZ04FgEAvWeXZM+9uyRgtaW2N9iFoWbFxKOUHMg1q7fsD/nEq4EpLAw==
HFS signature: lgDyUTo/Y6wSMKTZjBjg/0TZeZ85HDc9YX0/jL9ewW6JKh6BUbCJp9CWF+qRpw0F+GxBY4KqtW26N3RynX74BQ==
Comments signature: ZiiN0OKXWW073geU7Xid02X+KwYExcUo/9qIs0A3os4rhdi866DsJ1M965m+mXJBMa3OI3E8QsQ9/G75pQk3BA==
