---
source: foolish-ubca/src/ubca_snapshot_tester.rs
assertion_line: 34
---
INPUT:
```foolish
{a=1,b=2; c=#-99;}
```
[0] RESULT:
```hfssnap
{NK
  a=1;
  b=2;
  c=#(offset=-99, UNANCHORED, NK)
}
```
COMMENTS:
```markdown
seek_negative_clamping
```
SIGNATURES:
Public key: eb9604b1e50d6df60ea71cded2d51b4031b14e9d8911866fcfff4afb00075e65
Foolish signature: 5mk8YqKpnneVKHoZZzUmHsARO9rFPOs36QzLcE6xHoKVqGHdtLsWqn3a/wOBN7UYcU1b+PIcfNWSnvZ4IxoaCg==
HFS signature: T4/6V03MX9lq+CF8vKM6J//tI2Mcn0wCM+/svnDNsGJYj1+RHu98b+EblMAg1k84wVNMJalssh/o1Nul+vOLDQ==
Comments signature: EfNZE35SnAWkPViZCaUMVFm/6BzxeM1q6ZmlpWQnPdIuOV6xS4X6epWawo/tWyITJw+zHNfX39qFV9jC9LpNDQ==
