---
source: foolish-ubca/src/ubca_snapshot_tester.rs
assertion_line: 34
---
INPUT:
```foolish
{
  !! Sequencer edge cases for FOOP-62 §9 rendering rules
  
  !! 1. Nested SFF — inner searches stay EMBRYONIC
  nested_sff = <<a + <<b>>>>;
  
  !! 2. SF wrapping SFF — should show SF wrapper
  sf_of_sff = <sff_val>;
  sff_val = <<a>>;
  
  !! 3. Search chain — nested searches
  chain = missing;
  missing = nowhere;
  
  !! 4. Operator with NK operand
  nk_op = 1 / 0 + 5;
  
  !! 5. Concatenation with NK
  nk_concat = {bad = 1 / 0} ⨃ {good = 42};
  
  !! 6. Forward reference chain
  fwd1 = fwd2;
  fwd2 = fwd3;
  fwd3 = 99;
  
  !! 7. Deeply nested SF
  deep_sf = <a>;
  
  !! 8. Mixed SF/SFF in same brane
  mixed_sf = <a>;
  mixed_sff = <<b>>;
}
```
[0] RESULT:
```hfssnap
{NK
  nestedˍsff=Op+(
      ?(pattern='^a$', UNANCHORED, ECONSTANIC),
      <<PREMBRIONIC
        ?(pattern='^b$', UNANCHORED, EMBRYONIC)
      >>,
      WOCONSTANIC
  );
  sfˍofˍsff=<ECONSTANIC
      ?(pattern='^sffˍval$', UNANCHORED, ECONSTANIC)
  >;
  sffˍval=?(pattern='^a$', UNANCHORED, EMBRYONIC);
  chain=?(pattern='^missing$', UNANCHORED, ECONSTANIC);
  missing=?(pattern='^nowhere$', UNANCHORED, ECONSTANIC);
  nkˍop=Op+(??? (division by zero), DIV-BY-ZERO: Division by zero produces NK, 5, NK);
  nkˍconcat={NK
      bad=??? (division by zero), DIV-BY-ZERO: Division by zero produces NK
  };
  {
    good=42
  };
  fwd1=?(pattern='^fwd2$', UNANCHORED, ECONSTANIC);
  fwd2=?(pattern='^fwd3$', UNANCHORED, ECONSTANIC);
  fwd3=99;
  deepˍsf=<ECONSTANIC
      ?(pattern='^a$', UNANCHORED, ECONSTANIC)
  >;
  mixedˍsf=<ECONSTANIC
      ?(pattern='^a$', UNANCHORED, ECONSTANIC)
  >;
  mixedˍsff=?(pattern='^b$', UNANCHORED, EMBRYONIC)
}
```
COMMENTS:
```markdown
sequencer_edge_cases
```
SIGNATURES:
Public key: dc5f586cda43023e707697692c78032300a24b1b813cbf1ccb770080d1a7b683
Foolish signature: 8rm890Co/ZvdGmUfx35WY//0EHdiqvoVZqH4Hm5snsiI1wiwG8HQpahpdX6jMZ8HgN2s1nzQyuX7OKu3SSYXDQ==
HFS signature: iKZHNVW4meKn84sPAvEj9iCS2KLeuqXp1EB/vzdv4XlvybAfz5Lpjj3QUBxBNrL24CeQoleWw6cU9ML94D5YCg==
Comments signature: hdaBKtSahI+Map+FB1DKo82kbYvLCNCUn7nEOP0QQa8FyrSjgV/f0LNopxl4KkicHnJCIcxrXfQiRb9eEpyiAA==
