---
source: foolish-ubca/src/ubca_snapshot_tester.rs
assertion_line: 34
---
INPUT:
```foolish
{
  !! Test the HFS NYES display rules from FOOP-62 §9
  
  !! 1. Constants — never show nyes
  a = 1;
  b = 2;
  
  !! 2. Operator with result (nnk_constanic) — no nyes
  sum = a + b;
  
  !! 3. NK — always show with reason
  bad = 1 / 0;
  
  !! 4. Search that finds a constant — no nyes (nnk_constanic + result)
  found = a;
  
  !! 5. Search that doesn't find anything — ECONSTANIC shown
  missing = nowhere;
  
  !! 6. SFF body — searches inside stay EMBRYONIC
  sff_val = <<a + b>>;
  
  !! 7. SF wrapping search — should show search wrapper
  sf_val = <a>;
  
  !! 8. Forward reference — WOCONSTANIC shown
  fwd = later;
  later = 99;
  
  !! 9. Brane with mixed children
  result = sum + found;
}
```
[0] RESULT:
```hfssnap
{NK
  a=1;
  b=2;
  sum=3;
  bad=??? (division by zero), DIV-BY-ZERO: Division by zero produces NK;
  found=1;
  missing=?(pattern='^nowhere$', UNANCHORED, ECONSTANIC);
  sffˍval=Op+(?(pattern='^a$', UNANCHORED, ECONSTANIC), ?(pattern='^b$', UNANCHORED, ECONSTANIC), WOCONSTANIC);
  sfˍval=?(result=1, pattern='^a$', UNANCHORED);
  fwd=?(pattern='^later$', UNANCHORED, ECONSTANIC);
  later=99;
  result=4
}
```
COMMENTS:
```markdown
sequencer_nyes_display
```
SIGNATURES:
Public key: dc5f586cda43023e707697692c78032300a24b1b813cbf1ccb770080d1a7b683
Foolish signature: tjO/kiVI+5R3uL0jqDptNAgE8e/We2uk/oWMdFxVUDCzbrAcqdTknak/s2hhiVWIc3fsrxaTM8pqqXZmDM5uAw==
HFS signature: Jwig+yTXYQDlWeS3vx9Qd5ASSuXwDvN5ihOafv5ODoZ9qyx6IpX+lcLpeso7Rv3dTtthUJ8wZHDUMcRenhVwAw==
Comments signature: Y8NEJInXTf2kf94XLMnTrFOprTLGuEWgnY8p6R4NezqiwR67wZ+c9qmlF2ZQ1y6RIzbjFkBeTeiLGedpZ6dGCw==
