---
source: foolish-ubca/src/ubca_snapshot_tester.rs
assertion_line: 34
---
INPUT:
```foolish
{a={x=1}; b=<a>; a=42; d=<a>;}
```
[0] RESULT:
```hfssnap
{
  a={
      x=1
  };
  b=?(
      result={
          x=1
      },
      pattern='^a$',
      UNANCHORED
  );
  a=42;
  d=?(result=42, pattern='^a$', UNANCHORED)
}
```
COMMENTS:
```markdown
sf_brane_blocking
```
SIGNATURES:
Public key: eb9604b1e50d6df60ea71cded2d51b4031b14e9d8911866fcfff4afb00075e65
Foolish signature: gU/+Du4pLllJxYtMwNDopbthSMkH/kOAhKrG9+8HAfVUch1jpke9BtRbiyNbZe0d+V56RAv4IwuioP6A8uX6DA==
HFS signature: O2ki868vtv9AEVOsDTMlerfCBdoXRRTGRMIs6mFr4F/pLNoGLMmlUaeOVQ4nRs/g4+xpFMytozZQHiHIhWiUCQ==
Comments signature: KSWBP8v6RSwxcvO3olSoyau2M/ppKL2grMAFm4eFE+Tb0MSWUO2i8fJHnl6w1fmefWc6Z/PLJd2t7wtEAkdCDA==
