---
source: foolish-ubca/src/ubca_snapshot_tester.rs
assertion_line: 34
---
INPUT:
```foolish
{x=42; b=<x>; b;}
```
[0] RESULT:
```hfssnap
{
  x=42;
  b=?(result=42, pattern='^x$', UNANCHORED);
  ?(result=42, pattern='^x$', UNANCHORED)
}
```
COMMENTS:
```markdown
sf_non_brane_resolves
```
SIGNATURES:
Public key: eb9604b1e50d6df60ea71cded2d51b4031b14e9d8911866fcfff4afb00075e65
Foolish signature: D4CM1JNtb8jFoo9IUEo2QisDtzqQ4XKo6YvCy/5tDAZJ52fmmC25+Sdvuv49pIAWs2U0c+INcYYvZB5Z1k94Ag==
HFS signature: eW4KLUgtXCd01612nDw6B1aWw/xWx7mz8qlDauqjygUZ1U0IkDS0gY9v5h+RwFLhmBfLgJKDAecRQBsAscdKAQ==
Comments signature: Na9CQZn2wgNpcZDgaEp7ccqQZZEFUwUuxTOn/PXzYMf7oghI1tOy2F79k7cxO7aZZq10Dq73IGwklyllX7IzBA==
