---
source: foolish-ubca/src/ubca_snapshot_tester.rs
---
INPUT:
```foolish
{
   x=1;
   y=2;
   sff = <<x+y>>;
   sf  = <x+y>;
   sfsff = <sff>;
   sffsf = <<sf>>;
   sfsf  = <sf>;
   sffsff = <<sff>>;

   x=-2;
   rsff   = sff;
   rsf    = sf;
   rsfsff = sfsff;
   rsffsf = sffsf;
   rsfsf  = sfsf;
   rsffsff= sffsff;
}
```
[0] RESULT:
```hfssnap
{WOCONSTANIC
  x=1;
  y=2;
  sff=Op+(?(pattern='^x$', UNANCHORED), ?(pattern='^y$', UNANCHORED), EMBRYONIC);
  sf=3;
  sfsff=<WOCONSTANIC
      ?(pattern='^sff$', UNANCHORED, ECONSTANIC)
  >;
  sffsf=?(pattern='^sf$', UNANCHORED, EMBRYONIC);
  sfsf=<WOCONSTANIC
      ?(pattern='^sf$', UNANCHORED, ECONSTANIC)
  >;
  sffsff=?(pattern='^sff$', UNANCHORED, EMBRYONIC);
  x=-2;
  rsff=3;
  rsf=3;
  rsfsff=?(result=?(pattern='^sff$', UNANCHORED, ECONSTANIC), pattern='^sfsff$', UNANCHORED, WOCONSTANIC);
  rsffsf=?(result=?(pattern='^sf$', UNANCHORED, ECONSTANIC), pattern='^sffsf$', UNANCHORED, WOCONSTANIC);
  rsfsf=?(result=?(pattern='^sf$', UNANCHORED, ECONSTANIC), pattern='^sfsf$', UNANCHORED, WOCONSTANIC);
  rsffsff=?(result=?(pattern='^sff$', UNANCHORED, ECONSTANIC), pattern='^sffsff$', UNANCHORED, WOCONSTANIC)
}
```
COMMENTS:
```markdown
sf_sff_nested_combined
```
SIGNATURES:
Public key: dc5f586cda43023e707697692c78032300a24b1b813cbf1ccb770080d1a7b683
Foolish signature: tT8UqgoaX2cQknxaTSOxGoatqdbkUElQJTZXD4wK3f2mTtwOZwiBraFW1mIiflGHyg6zn6JuaExvI+DIT6sOBg==
HFS signature: YFuq93OFtG5hmJy/muZW5Z8d6OJLI9Dvxk4VQnACc4Z7Xd4jxxdgTC514QCWd5pcsfbmHJU4ijKldB3gKaR0BA==
Comments signature: y2NlM25nc1XDqqoIOz2Nl6N6HKmnevtQHZGcP40bGHz1kd1TBw/2JTYOO+EeDFcvZpUMMlXNns985HkxqRnqBQ==
