---
source: foolish-ubca/src/ubca_snapshot_tester.rs
assertion_line: 34
---
INPUT:
```foolish
{
   x=1;
   y=2;
   sff = <<x+y>>;
   sf  = <x+y>;
   sfsff = <sff>;
   sffsf = <<sf>>;
   sfsf  = <sf>;
   sffsff = <<sff>>;

   x=-2;
   rsff   = sff;
   rsf    = sf;
   rsfsff = sfsff;
   rsffsf = sffsf;
   rsfsf  = sfsf;
   rsffsff= sffsff;
}
```
[0] RESULT:
```hfssnap
{WOCONSTANIC
  x=1;
  y=2;
  sff=<<WOCONSTANIC
      Op+(?(pattern='^x$', UNANCHORED, ECONSTANIC), ?(pattern='^y$', UNANCHORED, ECONSTANIC), WOCONSTANIC)
  >>;
  sf=3;
  sfsff=?(
      result=Op+(?(pattern='^x$', UNANCHORED, ECONSTANIC), ?(pattern='^y$', UNANCHORED, ECONSTANIC), WOCONSTANIC),
      pattern='^sff$',
      UNANCHORED,
      WOCONSTANIC
  );
  sffsf=<<WOCONSTANIC
      ?(pattern='^sf$', UNANCHORED)
  >>;
  sfsf=?(result=3, pattern='^sf$', UNANCHORED);
  sffsff=<<WOCONSTANIC
      ?(pattern='^sff$', UNANCHORED)
  >>;
  x=-2;
  rsff=0;
  rsf=3;
  rsfsff=0;
  rsffsf=?(result=3, pattern='^sf$', UNANCHORED);
  rsfsf=3;
  rsffsff=0
}
```
COMMENTS:
```markdown
sf_sff_nested_combined
generated: 2026-07-02T02:21:35.039764336Z
```
SIGNATURES:
Public key: eb9604b1e50d6df60ea71cded2d51b4031b14e9d8911866fcfff4afb00075e65
Foolish signature: Cf/wROXse3p6yZccaRSVAMaL/AOPXJUUdpLTyXzDMR8PK3OMg4+4m3lBPEmU8RPfqbsOmpU8fwGKxfm4k32LDA==
HFS signature: shrTWCNeXiWgNxsfwHK9FlGyxjNPZNPdKHB+6YgW8fIfztj9cjYX8YiJDaKL9ATIJKr+S1YlH9jPAjlJXQkGAw==
Comments signature: 14hoQoZp9awYjhgS+cxW9sg4gKvV+pIuq0MFHil/uG/BTHzBRb/b7aRbZEhSQwcvCcOuy/vT4ic7n66Zu7ryAw==
