---
source: foolish-ubca/src/ubca_snapshot_tester.rs
assertion_line: 34
---
INPUT:
```foolish
{a=<<3>>; a + 7;}
```
[0] RESULT:
```hfssnap
{
  a=3;
  10
}
```
COMMENTS:
```markdown
sff_in_binary_op
```
SIGNATURES:
Public key: eb9604b1e50d6df60ea71cded2d51b4031b14e9d8911866fcfff4afb00075e65
Foolish signature: Nfu1/rln2O4ghRd0UdaHnBmWAFcgQAXMLN3B+4QUXhI2yhW+MFBcFjfdENVUz6DaRgodADInLexo8abuMA8IAw==
HFS signature: RwuQMeRFqnj5XbEBlP2/IkoToqvBo4aDfAHQq9++v3Nh7YwOe5a+JIN0Ua/0W4Ly5lrK+fvRCJ0HTJ68PF6JCA==
Comments signature: hlyPyxYHJpUDEFOQ6bXs6pCoZ1OBHni89yRBKihL6mIdKIhCepFHNCffTOoxGIoGLJTfKfNI9gBCdAMcTvOpBg==
