---
source: foolish-ubca/src/ubca_snapshot_tester.rs
assertion_line: 34
---
INPUT:
```foolish
{a = 1; b = 2; c = <<a + b>>; a = 100; c;}
```
[0] RESULT:
```hfssnap
{WOCONSTANIC
  a=1;
  b=2;
  c=<<WOCONSTANIC
      Op+(?(pattern='^a$', UNANCHORED, ECONSTANIC), ?(pattern='^b$', UNANCHORED, ECONSTANIC), WOCONSTANIC)
  >>;
  a=100;
  102
}
```
COMMENTS:
```markdown
sff_in_assignment_chain
generated: 2026-07-02T02:21:35.240579529Z
```
SIGNATURES:
Public key: dc5f586cda43023e707697692c78032300a24b1b813cbf1ccb770080d1a7b683
Foolish signature: W39zs+UId/DzfxHfL4QgQfryXimg6He4zOPcvtPzRzzWL/XwvRD91ZNi0vO2yL2wEXrlywGGMoz/vf+tEpgQDQ==
HFS signature: C55yf8iMjVKh2fo9U0DVIIRaVa7VdFicH7V6SwsoldwnNpUs+sl8MUCxDrTu2aQ6QpuJkZh/qNiXmNG1L72ACg==
Comments signature: fCwBxaE+Jk4uMni05vDgH9PP2qxbBbbJuFKeX5ppWh3fiqWC2AfsCNw5cBYr5l8HbeYNkeTG2mXlphRxIz8UAQ==
