---
source: foolish-ubca/src/ubca_snapshot_tester.rs
assertion_line: 34
---
INPUT:
```foolish
{a=1,b=2; c=<<a+b>>; c; c;}
```
[0] RESULT:
```hfssnap
{
  a=1;
  b=2;
  c=Op+(?(pattern='^a$', UNANCHORED, ECONSTANIC), ?(pattern='^b$', UNANCHORED, ECONSTANIC), WOCONSTANIC);
  3;
  3
}
```
COMMENTS:
```markdown
sff_basic
```
SIGNATURES:
Public key: dc5f586cda43023e707697692c78032300a24b1b813cbf1ccb770080d1a7b683
Foolish signature: M+ozF2oYm4cROdzChLuxt5BpEqob22mvstBM9GOfw2F2UXnwZmokwfQrB8XQTBKx4VH4eIRMpmKFp8pMSK/mCg==
HFS signature: OlK9jvf3qn+pF5yqxJXYD/yvJ5NuvHHCTPqP8nAu0C0heVxO6q2F9W2r7/TkOeTp8osfHcsrngDPN6zjuNOzCQ==
Comments signature: wf/6g5YRCvWBRGFeF5jNMPJ2GwdYZLpfve2WqZLr8r/0aqpqBiuJ/ysCw+EPZVNLQMV1TleZ2C9ls1UmoB6YAA==
