---
source: foolish-ubca/src/ubca_snapshot_tester.rs
assertion_line: 34
---
INPUT:
```foolish
{a=1; b=2; s=<<a+b>>; a=10; s;}
```
[0] RESULT:
```hfssnap
{WOCONSTANIC
  a=1;
  b=2;
  s=<<WOCONSTANIC
      Op+(?(pattern='^a$', UNANCHORED, ECONSTANIC), ?(pattern='^b$', UNANCHORED, ECONSTANIC), WOCONSTANIC)
  >>;
  a=10;
  12
}
```
COMMENTS:
```markdown
sff_resolves_on_each_use
```
SIGNATURES:
Public key: eb9604b1e50d6df60ea71cded2d51b4031b14e9d8911866fcfff4afb00075e65
Foolish signature: 3EIGMgM4btww7UJrO95GiiO4u5gcIapCuxPBVHUbmkuFKQnhTS1Ycjq87cPMtCmfNgxR1fQ2NoEuphBVezOiBg==
HFS signature: Pgw98DI28gcoskgtkPDrto5JNr5k2AfP1YvQzaqEZVF7ISuAQ0CISPI9oP/s6/geO1pog0dxq48tf7SfTSdhCA==
Comments signature: 1o/GpkH+k3vAst409vwhwaGMCSFSzviyLKz8riueG8J7v6w8BECTwZo3H4XjLopigB7xdsTPxlk57lghhmXICw==
