---
source: foolish-ubca/src/ubca_snapshot_tester.rs
assertion_line: 34
---
INPUT:
```foolish
{a=1,b=2; c=<<a+<<b>>>>; c; c;}
```
[0] RESULT:
```hfssnap
{
  a=1;
  b=2;
  c=Op+(
      ?(pattern='^a$', UNANCHORED, ECONSTANIC),
      <<PREMBRIONIC
        ?(pattern='^b$', UNANCHORED)
      >>,
      WOCONSTANIC
  );
  3;
  3
}
```
COMMENTS:
```markdown
sff_nested
```
SIGNATURES:
Public key: eb9604b1e50d6df60ea71cded2d51b4031b14e9d8911866fcfff4afb00075e65
Foolish signature: Y6Z2MpkKisEYguRMh6Y5timXHntVEjCkP8iWkhfwYGLT//OoE2ir0rzZ1LL+AVro4xHZYaEwaute2NuWuWPxCw==
HFS signature: 6f/LDNCEjOHPnDEqBPw1tyGdgMJk3zrkCA1GckgSM1TUwrsHyilH0GVyQ+MBDRJ6ngU40+8f915snDMvtspNAg==
Comments signature: VRzHH0fNcNkbb4vwiCdjrAmlrv5vLLU4FcwbbQDv9/h2uZCZuQBSsPecyvKgZTFT/XZ0gCeKPJmj1sjIvCyuCg==
