---
source: foolish-ubca/src/ubca_snapshot_tester.rs
---
INPUT:
```foolish
{a = 1; b = 2; c = <<a + b>>; a = 100; c;}
```
[0] RESULT:
```hfssnap
{
  a=1;
  b=2;
  c=Op+(?(pattern='^a$', UNANCHORED), ?(pattern='^b$', UNANCHORED), EMBRYONIC);
  a=100;
  3
}
```
COMMENTS:
```markdown
sff_in_assignment_chain
```
SIGNATURES:
Public key: dc5f586cda43023e707697692c78032300a24b1b813cbf1ccb770080d1a7b683
Foolish signature: W39zs+UId/DzfxHfL4QgQfryXimg6He4zOPcvtPzRzzWL/XwvRD91ZNi0vO2yL2wEXrlywGGMoz/vf+tEpgQDQ==
HFS signature: Pdd/RVczxA68NzNVrmveFcVNH4kKp4AHHZEuM0ruPBUe0gRtpMld6G8qJ+TrtcSJFOYamIyWDCMqCHvT3IcHCg==
Comments signature: Asjef7JI0IGZcuzjuGjGbGpNr63KvGJpYITb8wcROIAAeGSfRO3Xp79hNQqw+HhTv3nXm2BuRSkfeevYM5nADg==
