---
source: foolish-ubca/src/ubca_snapshot_tester.rs
---
INPUT:
```foolish
{a=1,b=2; c=<<a+<<b>>>>; c; c;}
```
[0] RESULT:
```hfssnap
{WOCONSTANIC
  a=1;
  b=2;
  c=Op+(?(pattern='^a$', UNANCHORED), ?(pattern='^b$', UNANCHORED, EMBRYONIC), EMBRYONIC);
  ?(result=Op+(1, ?(pattern='^b$', UNANCHORED, EMBRYONIC), WOCONSTANIC), pattern='^c$', UNANCHORED, WOCONSTANIC);
  ?(result=Op+(1, ?(pattern='^b$', UNANCHORED, EMBRYONIC), WOCONSTANIC), pattern='^c$', UNANCHORED, WOCONSTANIC)
}
```
COMMENTS:
```markdown
sff_nested
```
SIGNATURES:
Public key: dc5f586cda43023e707697692c78032300a24b1b813cbf1ccb770080d1a7b683
Foolish signature: lhcizF48neDw/0Ot29cyjAKKVN2RJsqhMEqKOBwHi1AC7LmDHeXb9dBvby6kqQzBJhSJHHAXCtmjZ9gbF1ZHAw==
HFS signature: H84gNzdc8i6JhS37npNGEKF9S+oXy84XejuJaxN/F9QJrJXZYutT8Wrr7OGR+Hv7nFzwDSyN/vcTfZyBUpt+CA==
Comments signature: lr4SdnSi+1mE2iMFduCl+mzBNsGAgobOqtEKV2Y1+iddYMsvS7npWmZOcQp/oRndAQuiwY2MHvP/pRuqvJW2Dg==
