---
source: foolish-ubca/src/ubca_snapshot_tester.rs
assertion_line: 34
---
INPUT:
```foolish
{a=1,b=2; c=<<a+b>>; c; c;}
```
[0] RESULT:
```hfssnap
{WOCONSTANIC
  a=1;
  b=2;
  c=<<WOCONSTANIC
      Op+(?(pattern='^a$', UNANCHORED, ECONSTANIC), ?(pattern='^b$', UNANCHORED, ECONSTANIC), WOCONSTANIC)
  >>;
  3;
  3
}
```
COMMENTS:
```markdown
sff_basic
generated: 2026-07-02T02:21:35.140829019Z
```
SIGNATURES:
Public key: eb9604b1e50d6df60ea71cded2d51b4031b14e9d8911866fcfff4afb00075e65
Foolish signature: yNy82Cjn8Ti86roqbup9Whq3ggkI3rtgLXAeXU+2u+pkiyfRTuqCACSeBzDGATc99gmNsH6i+CsZ16bq9LzEDw==
HFS signature: diYyBPkM3fRA819OyjYE4z73gchmgsMtygqMHxrqGzLh/uEVxX/YP5vKzwjZKgWBj3KImqx/AKEVxHT4t0RNAA==
Comments signature: 8G/cAfRWlJuWntleM8F4Zk+mUKfQycHlApLO+cuWD2VbXVDx1rIuBCASNrvlhwUvidO5VpJik531hGdgy175AA==
