---
source: foolish-ubca/src/ubca_snapshot_tester.rs
assertion_line: 34
---
INPUT:
```foolish
{a=1; b=2; s=<<a+b>>; a=10; s;}
```
[0] RESULT:
```hfssnap
{
  a=1;
  b=2;
  s=Op+(?(pattern='^a$', UNANCHORED, ECONSTANIC), ?(pattern='^b$', UNANCHORED, ECONSTANIC), WOCONSTANIC);
  a=10;
  3
}
```
COMMENTS:
```markdown
sff_resolves_on_each_use
```
SIGNATURES:
Public key: dc5f586cda43023e707697692c78032300a24b1b813cbf1ccb770080d1a7b683
Foolish signature: dvgS2SgQxTH17MqJ0GvfsJzYlhZVovt+9HhyksPNiUsLfJeYshVu9Gse0wzatDFWaIIIRlYQ4UG+eFcEHxFuBw==
HFS signature: 50vzJjP1lSucCEr32N9S49TVjHcKj1kwa+NwkZyeL/1xuCasAL3phHa0ew1F1dQjah47C4eS6VU2HJFo7VIoCQ==
Comments signature: 3a3omgU8ibbcAwofX3ae15UjQ5SJLMAJ2IhuRX65iF3gkIMWJVC16z3q6RRTT2Jwm+d9OpfIrl9/KYRwZjkNBA==
