---
source: foolish-ubca/src/ubca_snapshot_tester.rs
assertion_line: 34
---
INPUT:
```foolish
{x = 42; x;}
```
[0] RESULT:
```hfssnap
{
  x=42;
  42
}
```
COMMENTS:
```markdown
simple_identifier
```
SIGNATURES:
Public key: eb9604b1e50d6df60ea71cded2d51b4031b14e9d8911866fcfff4afb00075e65
Foolish signature: ckrcPMbzXDHTy62AGd4kJcwB6yFOadXPyz7Oxo6dV+h2/4m2OHAADQp69f9BJ1qTbfYsdZQQfWlI6G6nkYh/Bg==
HFS signature: AsB8tJVWEUaoXAltf5ZG8Dfc1LoorknPGumb4PtvQ3OmlW+bDOJXjjmcy5CS/xMbQuZle7BehJGcocgLNJWCBw==
Comments signature: zvx8wfk7jweetSeL79IugK8txkuNgvKdx3sTf6k4QHtZ94hJ0ia/QrbWLYLT4c18XFzHDXKa5inGtvXjaIGCDg==
