---
source: foolish-ubca/src/ubca_snapshot_tester.rs
assertion_line: 34
---
INPUT:
```foolish
{6 * 7;}
```
[0] RESULT:
```hfssnap
{
  42
}
```
COMMENTS:
```markdown
simple_multiplication
generated: 2026-07-02T02:21:36.145454982Z
```
SIGNATURES:
Public key: dc5f586cda43023e707697692c78032300a24b1b813cbf1ccb770080d1a7b683
Foolish signature: 0eJHBdd6c9QI9it3UN7jD/wKKYD6m7an0sVGq7AUh5VyTXEIVa5h1bT5b7UWIP7F5YcDhA2XVj+wX+okK4mFBQ==
HFS signature: eenlWSSXAcMKjNal0l4iWIZSbI1pJ3So/2NiKmyZwukdZCkB063nN5d1Ew4Rv69LW+XqOOhrPH4mIResArNRDA==
Comments signature: USKrHxR1ktU2+MqGfytokLUyNRcWWS5yMcEXBLYiSLojOpnhI/7Fx+ZfZb1UTAvWB1pDrkyrNcCOfpt2R3+oCg==
