---
source: foolish-ubca/src/ubca_snapshot_tester.rs
assertion_line: 34
---
INPUT:
```foolish
{6 * 7;}
```
[0] RESULT:
```hfssnap
{
  42
}
```
COMMENTS:
```markdown
simple_multiplication
generated: 2026-07-02T02:21:36.145454982Z
```
SIGNATURES:
Public key: eb9604b1e50d6df60ea71cded2d51b4031b14e9d8911866fcfff4afb00075e65
Foolish signature: 7FMfXi+ybZ8c2q5H03LoOQoX1oY5VQ4ph7Mc6ozQqS/P0nrkGWE5r4VrvtaFJDhJax27p7C/3bWXLKtJOh+ACg==
HFS signature: TY26BCLZP1mUcvmyTTHAsS9PqB5mO/78ke3o1hExI+HeroUfyNgTHcX36y5higXlr+zC2Y/I61T515YPTE0hCg==
Comments signature: fIKc09AdyVzlKakeq5rfqKRp6isC5GoRZGMcdmO76kKJz/r41l7axX3mfYkgJe9B3j/NVgL0WrOejcZog0cYDQ==
