---
source: foolish-ubca/src/ubca_snapshot_tester.rs
assertion_line: 34
---
INPUT:
```foolish
{5;}
```
[0] RESULT:
```hfssnap
{
  5
}
```
COMMENTS:
```markdown
simple_integer
generated: 2026-07-02T02:21:36.045366224Z
```
SIGNATURES:
Public key: eb9604b1e50d6df60ea71cded2d51b4031b14e9d8911866fcfff4afb00075e65
Foolish signature: d4Mdyyc9UUvD930EBjF5ZcQDjJFIG8S9Mw8Wt3UrjXHzHaJmq7BzNR3HVsXjvs3yRDl+BI69HhyWHPlwqPxyCw==
HFS signature: UUGn0WjxUsJaVZREo9bcQaIMhUAmKYOnQ4asyYC6zNNy1UZqTeNSriBi/T3EVXtUPlWN4CAAT5u7em0yqdheDA==
Comments signature: bIMICG68VU/xExHpCJJLGuaTBUVMufXHmiZocYu5LbTt7wvUrooAmSr7DerB/ofXjMMUcDiVQ4VRxnua6ZOFCQ==
