---
source: foolish-ubca/src/ubca_snapshot_tester.rs
assertion_line: 34
---
INPUT:
```foolish
{((((5))));}
```
[0] RESULT:
```hfssnap
{
  5
}
```
COMMENTS:
```markdown
single_parenthesized_expression
```
SIGNATURES:
Public key: eb9604b1e50d6df60ea71cded2d51b4031b14e9d8911866fcfff4afb00075e65
Foolish signature: 63UJ/aBuNtqeBNJOnrYE10UOViKwZHxAfBWZFcUwSWhJ8oIly8dI4JQpFf1jgouZcZVIQ/bustCbMDoZG2WKDA==
HFS signature: Y6mbT/SOc7xJE+faehlW4yFzhv4Raai9u2fn90QF0SjSd55zHZmuA2LG/2Uwhc+9XjMydtTuQ2GDLkg6tHt8BA==
Comments signature: J+J9YyMJ/92glw9bqxEIhtcljuxxi1MwoqqW8EDzOJ5xOttw04wxjxDgujQ4zSnQV0GNG1FVCalXYak1HFwjAw==
