---
source: foolish-ubca/src/ubca_snapshot_tester.rs
assertion_line: 34
---
INPUT:
```foolish
{a = 1; b = 2; c = #-1 + #-2;}
```
[0] RESULT:
```hfssnap
{
  a=1;
  b=2;
  c=3
}
```
COMMENTS:
```markdown
unanchored_seek_basic
```
SIGNATURES:
Public key: eb9604b1e50d6df60ea71cded2d51b4031b14e9d8911866fcfff4afb00075e65
Foolish signature: kE7C2rUwQl1dsmeVF6tslQjE/cRnkVHoyYH6La8IDNnrkYMZKMfx2on0t2KOPCgL94QNmOXviYRaGe+W/vB0CA==
HFS signature: SU5Mq/5bkpodUyeEu0iIGO+K/YHcislN1eydCsVQnUyEYls/S4qoyJi5sl1B5UhcGci6OxkRjpsUtS8N/z39Bg==
Comments signature: kX46ggfUOVG4tfVGteIImBOAFo0MI1AXWVX6UzXpDyQ9dwZFkZEHdEGXCey3iEyRGqZj3M69VSeMIZNifn3tBw==
