---
source: foolish-ubca/src/ubca_snapshot_tester.rs
assertion_line: 34
---
INPUT:
```foolish
{a=1,b=2,c=#-1;}
```
[0] RESULT:
```hfssnap
{
  a=1;
  b=2;
  c=2
}
```
COMMENTS:
```markdown
unanchored_seek
generated: 2026-07-02T02:21:36.643893925Z
```
SIGNATURES:
Public key: eb9604b1e50d6df60ea71cded2d51b4031b14e9d8911866fcfff4afb00075e65
Foolish signature: zzA33EQsYVcewhA8NfpwTcBbkM6i4UeEPJ6sBJywxHvonGdZO2OlOC8VRaSVkn1cl+t1ekoBWNDFSRrPt5lbBg==
HFS signature: hV763OHZHmc9+p47MMew16dObCZUJzEhfn7RMcJ0VBXDVyEgk7PtvJF+Esyx3iazUONSCXYVtrxAc3rPriDEAA==
Comments signature: DvaMudjuX2bxiaNiI//hTQcUMJ8di5S7nBKcteR4s75Cg0c/e7wArmbBq4kALYPxSLSXlcu197F/JzPnfBAMDw==
