---
source: foolish-ubca/src/ubca_snapshot_tester.rs
assertion_line: 34
---
INPUT:
```foolish
{a=1; b=2; c=3; d=#-100;}
```
[0] RESULT:
```hfssnap
{NK
  a=1;
  b=2;
  c=3;
  d=#(offset=-100, UNANCHORED, NK)
}
```
COMMENTS:
```markdown
unanchored_seek_large_negative
generated: 2026-07-02T02:21:36.947810727Z
```
SIGNATURES:
Public key: eb9604b1e50d6df60ea71cded2d51b4031b14e9d8911866fcfff4afb00075e65
Foolish signature: HHZq1czfyLAP2EZQWurVk7EN3/YZL1BN1oMOeHuNfNZu4foTNJEQpNvHnFYD0b6U+eCsUpIqKsGfmYPBneLLDA==
HFS signature: FP2ZSu8mmrqVc95gmJA8a4NUZIsVNKhL3sFRQAv89Zrd1iCuw9xd+feIWraysylKxi4++rh6+lvj8+JhXkiQAQ==
Comments signature: FtU4wdvsFSfAV8bWcnc+8eP7jOXMrt/mzFZfFb8KVGlgzrWNNWr2OmqnC8xrDFaYgAyjYDUtd8K37QGvrFYPAQ==
