---
source: foolish-ubca/src/ubca_snapshot_tester.rs
assertion_line: 34
---
INPUT:
```foolish
{val1 = 3; val2 = 4; val3 = 5; sum = #-1 + #-2 + #-3;}
```
[0] RESULT:
```hfssnap
{
  val1=3;
  val2=4;
  val3=5;
  sum=12
}
```
COMMENTS:
```markdown
unanchored_seek_chain
```
SIGNATURES:
Public key: eb9604b1e50d6df60ea71cded2d51b4031b14e9d8911866fcfff4afb00075e65
Foolish signature: 34VFPcXwMToUpE/fqu0NSagSm4qmOBftYoFQtsMIF7I5TYTOTFjHbXF5nPdVoKqgWlL9aDQU4GfESbFJ4EvFBA==
HFS signature: SZAZoVDXbdlZKxxgJyfOwEl4Z4gT6Ru8bCPdjfSA0I8aBmAqmauQR7L1k7tOrGMB/GJL5u0zW/Eb6aYjwmDyDQ==
Comments signature: 58Qnlo0/0Ezgdwl5tg9wzBb+3a3ss33XbQEQBT7Rmju58XROxH76f9r7mtDbEwETX1ffTVVlseCh6XmxAjaUDw==
