---
source: foolish-ubca/src/ubca_snapshot_tester.rs
assertion_line: 34
---
INPUT:
```foolish
{x = non_existent;}
```
[0] RESULT:
```hfssnap
{WOCONSTANIC
  x=?(pattern='^nonˍexistent$', UNANCHORED, ECONSTANIC)
}
```
COMMENTS:
```markdown
undeclared_identifier
```
SIGNATURES:
Public key: eb9604b1e50d6df60ea71cded2d51b4031b14e9d8911866fcfff4afb00075e65
Foolish signature: K7ZYR77kU+vOBUqJLCGdEH0Jm1cy+KQbaFgd9FDvzZk/Y0EJHe2ULgFi+djr2fG1GiC+XMDEUuXd6v3YbwbSAQ==
HFS signature: 9JK07JHYR4a1AwUUnZN4JR7S2hDiTMs8SHJuswcPw75SHbS70+Lklqjoo7lgZ6RK+uLZfAy8t/BTrPSKYE6JDg==
Comments signature: +p/j9VVBeF1JfjAanX7OmPN07KisjHloPpGGT+CMAimMi1ZidRDNShf2RnPZGHVzNcihbH6b5r1I9wjBRup/Cg==
