---
source: foolish-ubca/src/ubca_snapshot_tester.rs
---
INPUT:
```foolish
{x = non_existent;}
```
[0] RESULT:
```hfssnap
{WOCONSTANIC
  x=?(pattern='^nonˍexistent$', UNANCHORED, ECONSTANIC)
}
```
COMMENTS:
```markdown
undeclared_identifier
```
SIGNATURES:
Public key: dc5f586cda43023e707697692c78032300a24b1b813cbf1ccb770080d1a7b683
Foolish signature: OUDClvBDQDI4jMLtSBkX4ByLqXugKbw59gsG9cg9ypiX3np+sdMdg4y0aiyNnJTQgpPswkylfDc5eQqlCU9dBg==
HFS signature: 3+pzzmDcbvgi3M/YAVMpzMP3zWBCeKqMTB7Vg5ZNg/GINYXm31biOVUO25+QYd/BqlUth7sXXAwz39YA3hubCw==
Comments signature: L45fVbzmg/jEDuYKC0oGlg3OV50Zpe0b63uEG48sqMw0Tw9dhTaf0RYS/4+YvfiBn0EqI6oy8mC1GC1tfHNsBQ==
