---
source: foolish-ubca/src/ubca_snapshot_tester.rs
assertion_line: 34
---
INPUT:
```foolish
{10 / 0;}
```
[0] RESULT:
```hfssnap
{NK
  ??? (division by zero), DIV-BY-ZERO: Division by zero produces NK
}
```
COMMENTS:
```markdown
zero_division
generated: 2026-07-02T02:21:37.420439394Z
```
SIGNATURES:
Public key: eb9604b1e50d6df60ea71cded2d51b4031b14e9d8911866fcfff4afb00075e65
Foolish signature: kWyXsl/ts807sbBqWn7P1Y7LXMZiMN3rXGB6R0ZvStoxwAoIGi25lhiXf10/FHRK2ezyAlvInXnAWMWOvRVECw==
HFS signature: V170u4qXx84hhCjiIjneFaQqTgdAFJj2DQVK/JvSF2lRebUX6fG6sLrDaxG982ecKssyngA6+SFNyNiBboEUCA==
Comments signature: 53Vx5QgacGFZ+yn903v1BaNXspWkKdllgrl8SWY77zlsq54iU2lEOq7qcCUQiSSNESLgYDpnlc6859woqtgeBw==
