---
source: foolish-core/src/lib.rs
expression: output
---
SIG: dc5f586cda43023e707697692c78032300a24b1b813cbf1ccb770080d1a7b683 rsIsDvX3UvsQzaPiaEPwDTR5nwFXGQdk4L5OColZQ6RdiOcBFFOi/zpAKGN08EA0LkYIRYh4OdVQntg16d6RBA==
INPUT: {a=1; c=#-99;}
[0] PARSED:
Brane [EMBRYONIC]
  a = 
  Int(1) [INDEPENDENT]
  c = 
  Index(offset=-99, FREE) [EMBRYONIC]
RESULT:
Brane [CONSTANT]
  a = 
  Int(1) [INDEPENDENT]
  c = 
  Int(1) [INDEPENDENT]
