---
source: foolish-core/src/lib.rs
expression: output
---
SIG: dc5f586cda43023e707697692c78032300a24b1b813cbf1ccb770080d1a7b683 LIgWkwCdOLq3MO89Oh8celaVKx/CFcAlQV9J83rDeLwnZdp/By5TJ3PuPCziEXs7i31peazcC0PKWx6Un6iRCg==
INPUT: {{{1;}; 2}; 3;}
[0] PARSED:
Brane [EMBRYONIC]
  Brane [EMBRYONIC]
    Brane [EMBRYONIC]
      Int(1) [INDEPENDENT]
    Int(2) [INDEPENDENT]
  Int(3) [INDEPENDENT]
RESULT:
Brane [CONSTANT]
  Brane [CONSTANT]
    Brane [CONSTANT]
      Int(1) [INDEPENDENT]
    Int(2) [INDEPENDENT]
  Int(3) [INDEPENDENT]
