---
source: foolish-core/src/lib.rs
expression: output
---
SIG: dc5f586cda43023e707697692c78032300a24b1b813cbf1ccb770080d1a7b683 bk32OiTRYC4oczu6LzWNnsT/Uy3pAP2OGQ162Y2EEkE7ZuEX0+a9FXfJsb5Rt7QYuY0XqoCdzrh//24k4jMcCA==
INPUT: {42; (3 + 4) * 2; -15; 100 / 5;}
[0] PARSED:
Brane [EMBRYONIC]
  Int(42) [INDEPENDENT]
  Operator(*) [EMBRYONIC]
    Operator(+) [EMBRYONIC]
      Int(3) [INDEPENDENT]
      Int(4) [INDEPENDENT]
    Int(2) [INDEPENDENT]
  Operator(-) [EMBRYONIC]
    Int(15) [INDEPENDENT]
  Operator(/) [EMBRYONIC]
    Int(100) [INDEPENDENT]
    Int(5) [INDEPENDENT]
RESULT:
Brane [CONSTANT]
  Int(42) [INDEPENDENT]
  Int(14) [CONSTANT]
  Int(-15) [CONSTANT]
  Int(20) [CONSTANT]
