---
source: foolish-core/src/lib.rs
expression: output
---
SIG: dc5f586cda43023e707697692c78032300a24b1b813cbf1ccb770080d1a7b683 uytTGAtrn1F4i0KUUFaMUSm50h6Fi99JEFVHj0iWWj3NUdvJk0jpaoDyluL6MzYNV6FKUIPTyFPdPRg7a/u5BA==
INPUT: {
[0] PARSED:
Brane [EMBRYONIC]
  x = 
  Int(100) [INDEPENDENT]
  outer'Brane [EMBRYONIC]
    Search(pattern='^x$', dir=BACKWARD, FREE) [EMBRYONIC]
RESULT:
Brane [CONSTANT]
  x = 
  Int(100) [INDEPENDENT]
  outer'Brane [CONSTANT]
    Int(100) [INDEPENDENT]
