---
source: foolish-core/src/lib.rs
expression: output
---
SIG: dc5f586cda43023e707697692c78032300a24b1b813cbf1ccb770080d1a7b683 +n0LVxf3hUx4PkaVGG/hzUwHzI0O2CnyCcuqGqsry5UyzLxeyy9duXIfh6JxKDr13+852kjKNkhlAPw3kz3pCQ==
INPUT: {x = ???; y = 42;}
[0] PARSED:
Brane [EMBRYONIC]
  x = 
  ??? (??? literal) [NK]
  y = 
  Int(42) [INDEPENDENT]
RESULT:
Brane [NK]
  x = 
  ??? (??? literal) [NK]
  y = 
  Int(42) [INDEPENDENT]
