---
source: foolish-core/src/lib.rs
expression: output
---
SIG: dc5f586cda43023e707697692c78032300a24b1b813cbf1ccb770080d1a7b683 ZTBuMPLCX07cbJN5uNFZ1t2IhI4qWoy8/35NZFrlaUZ+jQ/uoexB25twvRqAGhRNFBzgMuSJydjFSDwY+icfDg==
INPUT: {
[0] PARSED:
Brane [EMBRYONIC]
  brn = 
  Brane [EMBRYONIC]
    alice = 
    Int(2) [INDEPENDENT]
    bob = 
    Int(3) [INDEPENDENT]
    charlie = 
    Int(4) [INDEPENDENT]
  result = 
  Search(pattern='.*e$', dir=FORWARD, ANCHORED) [EMBRYONIC]
RESULT:
Brane [CONSTANT]
  brn = 
  Brane [CONSTANT]
    alice = 
    Int(2) [INDEPENDENT]
    bob = 
    Int(3) [INDEPENDENT]
    charlie = 
    Int(4) [INDEPENDENT]
  result = 
  Int(2) [INDEPENDENT]
