---
source: foolish-core/src/lib.rs
expression: output
---
SIG: dc5f586cda43023e707697692c78032300a24b1b813cbf1ccb770080d1a7b683 cJxqzfO/Ad5EcDJIB1dT0uqDdHSnIMi0myWSoTBt9Gwn4jZIJJIJYtoTpsg8MCG/Z9wnM+hhXWuszm1mH24NAw==
INPUT: {
[0] PARSED:
Brane [EMBRYONIC]
  x = 
  Int(42) [INDEPENDENT]
  y = 
  Search(pattern='^x$', dir=BACKWARD, FREE) [EMBRYONIC]
  nested = 
  Brane [EMBRYONIC]
    z = 
    Search(pattern='^x$', dir=BACKWARD, FREE) [EMBRYONIC]
  level1 = 
  Brane [EMBRYONIC]
    a = 
    Int(100) [INDEPENDENT]
    level2 = 
    Brane [EMBRYONIC]
      level3 = 
      Brane [EMBRYONIC]
        b = 
        Search(pattern='^a$', dir=BACKWARD, FREE) [EMBRYONIC]
RESULT:
Brane [CONSTANT]
  x = 
  Int(42) [INDEPENDENT]
  y = 
  Int(42) [INDEPENDENT]
  nested = 
  Brane [CONSTANT]
    z = 
    Int(42) [INDEPENDENT]
  level1 = 
  Brane [CONSTANT]
    a = 
    Int(100) [INDEPENDENT]
    level2 = 
    Brane [CONSTANT]
      level3 = 
      Brane [CONSTANT]
        b = 
        Int(100) [INDEPENDENT]
