---
source: foolish-core/src/lib.rs
expression: output
---
INPUT: {a={x=1}; b=<a>; a=42; d=<a>;}
[0] PARSED:
Brane [EMBRYONIC]
  a = 
  Brane [EMBRYONIC]
    x = 
    Int(1) [INDEPENDENT]
  b = 
  StayFoolish [EMBRYONIC]
    Search(pattern='^a$', dir=BACKWARD, FREE) [EMBRYONIC]
  a = 
  Int(42) [INDEPENDENT]
  d = 
  StayFoolish [EMBRYONIC]
    Search(pattern='^a$', dir=BACKWARD, FREE) [EMBRYONIC]
RESULT:
Brane [CONSTANT]
  a = 
  Brane [CONSTANT]
    x = 
    Int(1) [INDEPENDENT]
  b = 
  StayFoolish [CONSTANT]
    Search(pattern='^a$', dir=BACKWARD, FREE) [CONSTANT]
      Int(42) [INDEPENDENT]
  a = 
  Int(42) [INDEPENDENT]
  d = 
  StayFoolish [CONSTANT]
    Search(pattern='^a$', dir=BACKWARD, FREE) [CONSTANT]
      Int(42) [INDEPENDENT]
