---
source: foolish-core/src/lib.rs
expression: output
---
SIG: dc5f586cda43023e707697692c78032300a24b1b813cbf1ccb770080d1a7b683 muWVMhs2mNc7qOCplPs/rzVGKB7dDqCM1GTdzQ7Y4BJZlpkf7x9vmy4WCmfYMHh1CxPFI+ofx8fi7VE/oCLqAQ==
INPUT: {a = {x=1}; b = {y=2}; c = a b;}
[0] PARSED:
Brane [EMBRYONIC]
  a = 
  Brane [EMBRYONIC]
    x = 
    Int(1) [INDEPENDENT]
  b = 
  Brane [EMBRYONIC]
    y = 
    Int(2) [INDEPENDENT]
  c = 
  Concatenation(elements=2) [EMBRYONIC]
    Search(pattern='^a$', dir=BACKWARD, FREE) [EMBRYONIC]
    Search(pattern='^b$', dir=BACKWARD, FREE) [EMBRYONIC]
RESULT:
Brane [CONSTANT]
  a = 
  Brane [CONSTANT]
    x = 
    Int(1) [INDEPENDENT]
  b = 
  Brane [CONSTANT]
    y = 
    Int(2) [INDEPENDENT]
  c = 
  Brane [CONSTANT]
    x = 
    Int(1) [INDEPENDENT]
    y = 
    Int(2) [INDEPENDENT]
