---
source: foolish-core/src/lib.rs
expression: output
---
SIG: dc5f586cda43023e707697692c78032300a24b1b813cbf1ccb770080d1a7b683 CgbcGklvPXLapjUmXyoJHEhA6MD6sewLMUIBJ5c+cm63Dz3J8DcxHG23DXnBPfyJXwZoxbT5VcKvGVtCn+Y9Ag==
INPUT: {5;}
[0] PARSED:
Brane [EMBRYONIC]
  Int(5) [INDEPENDENT]
RESULT:
Brane [CONSTANT]
  Int(5) [INDEPENDENT]
