---
source: foolish-core/src/lib.rs
expression: output
---
SIG: dc5f586cda43023e707697692c78032300a24b1b813cbf1ccb770080d1a7b683 LFDtwfB6tOO4+nPzRN2oE4swuTkcAX5JYRTcZCchT/kDAZNJz5r+1XFVOIHMS2oR7GH4pqwemuo7sjz+aAVUDQ==
INPUT: {a={1,2,3}; a#1; a#-1;}
[0] PARSED:
Brane [EMBRYONIC]
  a = 
  Brane [EMBRYONIC]
    Int(1) [INDEPENDENT]
    Int(2) [INDEPENDENT]
    Int(3) [INDEPENDENT]
  Index(offset=1, ANCHORED) [EMBRYONIC]
  Index(offset=-1, ANCHORED) [EMBRYONIC]
RESULT:
Brane [CONSTANT]
  a = 
  Brane [CONSTANT]
    Int(1) [INDEPENDENT]
    Int(2) [INDEPENDENT]
    Int(3) [INDEPENDENT]
  Int(2) [INDEPENDENT]
  Int(3) [INDEPENDENT]
