---
source: foolish-core/src/lib.rs
expression: output
---
SIG: dc5f586cda43023e707697692c78032300a24b1b813cbf1ccb770080d1a7b683 iW8P78zS97MuaqL9zDOeKDUt2e1NOTCVfAnUj2oq5Z/yLqAojKex/HRd3L0+76Cy6XzBiYHosP4FJvF0sEiQBg==
INPUT: {
[0] PARSED:
Brane [EMBRYONIC]
  a = 
  Operator(-) [EMBRYONIC]
    Int(10) [INDEPENDENT]
  second'Brane [EMBRYONIC]
    b = 
    Int(20) [INDEPENDENT]
    third'Brane [EMBRYONIC]
      c = 
      Int(30) [INDEPENDENT]
      inner'Brane [EMBRYONIC]
        d = 
        Int(40) [INDEPENDENT]
RESULT:
Brane [CONSTANT]
  a = 
  Int(-10) [CONSTANT]
  second'Brane [CONSTANT]
    b = 
    Int(20) [INDEPENDENT]
    third'Brane [CONSTANT]
      c = 
      Int(30) [INDEPENDENT]
      inner'Brane [CONSTANT]
        d = 
        Int(40) [INDEPENDENT]
