---
source: foolish-core/src/lib.rs
expression: output
---
SIG: dc5f586cda43023e707697692c78032300a24b1b813cbf1ccb770080d1a7b683 BxWh89RJglt2J/OIP3FbpVF79OoVyUFc5NOIluNtiX3zOeNasoIEIgE9PmKYL0DwhzREPjXYtDm4MNgkPFa/Bw==
INPUT: {a = 1; b = {10; 20; 30}; c = #-1; d = #-1$;}
[0] PARSED:
Brane [EMBRYONIC]
  a = 
  Int(1) [INDEPENDENT]
  b = 
  Brane [EMBRYONIC]
    Int(10) [INDEPENDENT]
    Int(20) [INDEPENDENT]
    Int(30) [INDEPENDENT]
  c = 
  Index(offset=-1, FREE) [EMBRYONIC]
  d = 
  HeadTail(TAIL, ANCHORED) [EMBRYONIC]
RESULT:
Brane [NK]
  a = 
  Int(1) [INDEPENDENT]
  b = 
  Brane [CONSTANT]
    Int(10) [INDEPENDENT]
    Int(20) [INDEPENDENT]
    Int(30) [INDEPENDENT]
  c = 
  ??? (constanic_clone called on NYE FIR) [NK]
  d = 
  HeadTail(TAIL, ANCHORED) [NK]
