---
source: foolish-core/src/lib.rs
expression: output
---
SIG: dc5f586cda43023e707697692c78032300a24b1b813cbf1ccb770080d1a7b683 a6lUNx/iQnadlDygpqNZngm1thiZEHMMPxlMBubsWAl2rFAbPy5KliY0dcFmmTZE47kXsBQpAJ/eYo8DRgyTAA==
INPUT: {
[0] PARSED:
Brane [EMBRYONIC]
  badValue = 
  Search(pattern='^undeclaredIdentifier$', dir=BACKWARD, FREE) [EMBRYONIC]
  nested = 
  Brane [EMBRYONIC]
    x = 
    Search(pattern='^badValue$', dir=BACKWARD, FREE) [EMBRYONIC]
  y = 
  Search(pattern='^badValue$', dir=BACKWARD, FREE) [EMBRYONIC]
  z = 
  Search(pattern='^y$', dir=BACKWARD, FREE) [EMBRYONIC]
RESULT:
Brane [WOCONSTANIC]
  badValue = 
  Search(pattern='^undeclaredIdentifier$', dir=BACKWARD, FREE) [ECONSTANIC]
  nested = 
  Brane [WOCONSTANIC]
    x = 
    Search(pattern='^badValue$', dir=BACKWARD, FREE) [WOCONSTANIC]
      Search(pattern='^undeclaredIdentifier$', dir=BACKWARD, FREE) [ECONSTANIC]
  y = 
  Search(pattern='^badValue$', dir=BACKWARD, FREE) [WOCONSTANIC]
    Search(pattern='^undeclaredIdentifier$', dir=BACKWARD, FREE) [ECONSTANIC]
  z = 
  Search(pattern='^y$', dir=BACKWARD, FREE) [WOCONSTANIC]
    Search(pattern='^undeclaredIdentifier$', dir=BACKWARD, FREE) [ECONSTANIC]
