---
source: foolish-core/src/lib.rs
expression: output
---
INPUT: {x=10; y=<x>; z=y + 5;}
[0] PARSED:
Brane [EMBRYONIC]
  x = 
  Int(10) [INDEPENDENT]
  y = 
  StayFoolish [EMBRYONIC]
    Search(pattern='^x$', dir=BACKWARD, FREE) [EMBRYONIC]
  z = 
  Operator(+) [EMBRYONIC]
    Search(pattern='^y$', dir=BACKWARD, FREE) [EMBRYONIC]
    Int(5) [INDEPENDENT]
RESULT:
Brane [CONSTANT]
  x = 
  Int(10) [INDEPENDENT]
  y = 
  StayFoolish [CONSTANT]
    Search(pattern='^x$', dir=BACKWARD, FREE) [CONSTANT]
      Int(10) [INDEPENDENT]
  z = 
  Int(15) [CONSTANT]
