---
source: foolish-core/src/lib.rs
expression: output
---
SIG: dc5f586cda43023e707697692c78032300a24b1b813cbf1ccb770080d1a7b683 yWx0/dNk/tLKuJtcU4WYiNP/ARi/Xtok3hgLG63/RtSY94IqPGj/Hr0wugqHmrnvLCKlqOUXTvsLKoAGxg9sCg==
INPUT: {
[0] PARSED:
Brane [EMBRYONIC]
  Operator(+) [EMBRYONIC]
    Int(5) [INDEPENDENT]
    Int(3) [INDEPENDENT]
  Operator(-) [EMBRYONIC]
    Int(10) [INDEPENDENT]
    Int(4) [INDEPENDENT]
  Operator(*) [EMBRYONIC]
    Int(2) [INDEPENDENT]
    Int(6) [INDEPENDENT]
RESULT:
Brane [CONSTANT]
  Int(8) [CONSTANT]
  Int(6) [CONSTANT]
  Int(12) [CONSTANT]
