---
source: foolish-core/src/lib.rs
expression: output
---
SIG: dc5f586cda43023e707697692c78032300a24b1b813cbf1ccb770080d1a7b683 tHh1amF6LiT1QnRcBya23SGBp3olZVa0WOnySisp5XYvkdNhl7wiisEQHtbJ4Sk6xOYHi4Yxn/0pR8xPnXQVDA==
INPUT: {
[0] PARSED:
Brane [EMBRYONIC]
  a = 
  Operator(-) [EMBRYONIC]
    Int(5) [INDEPENDENT]
    Int(10) [INDEPENDENT]
  b = 
  Operator(*) [EMBRYONIC]
    Int(3) [INDEPENDENT]
    Int(2) [INDEPENDENT]
  c = 
  Operator(+) [EMBRYONIC]
    Int(15) [INDEPENDENT]
    Int(7) [INDEPENDENT]
RESULT:
Brane [CONSTANT]
  a = 
  Int(-5) [CONSTANT]
  b = 
  Int(6) [CONSTANT]
  c = 
  Int(22) [CONSTANT]
