---
source: foolish-core/src/lib.rs
expression: output
---
SIG: dc5f586cda43023e707697692c78032300a24b1b813cbf1ccb770080d1a7b683 uvF3dlda0wvItEC5gdABdBh67aVhK5T4WQFS1vQJbdwOsajmjMfqyhWfSt76NNt924zGjMSw7tNcwsOHBOUUDA==
INPUT: {data = {x=1, y=2, z=3}; copy = data {w=4}; last = copy#-1; first = copy#0;}
[0] PARSED:
Brane [EMBRYONIC]
  data = 
  Brane [EMBRYONIC]
    x = 
    Int(1) [INDEPENDENT]
    y = 
    Int(2) [INDEPENDENT]
    z = 
    Int(3) [INDEPENDENT]
  copy = 
  Concatenation(elements=2) [EMBRYONIC]
    Search(pattern='^data$', dir=BACKWARD, FREE) [EMBRYONIC]
    Brane [EMBRYONIC]
      w = 
      Int(4) [INDEPENDENT]
  last = 
  Index(offset=-1, ANCHORED) [EMBRYONIC]
  first = 
  Index(offset=0, ANCHORED) [EMBRYONIC]
RESULT:
Brane [CONSTANT]
  data = 
  Brane [CONSTANT]
    x = 
    Int(1) [INDEPENDENT]
    y = 
    Int(2) [INDEPENDENT]
    z = 
    Int(3) [INDEPENDENT]
  copy = 
  Brane [CONSTANT]
    x = 
    Int(1) [INDEPENDENT]
    y = 
    Int(2) [INDEPENDENT]
    z = 
    Int(3) [INDEPENDENT]
    w = 
    Int(4) [INDEPENDENT]
  last = 
  Int(4) [INDEPENDENT]
  first = 
  Int(1) [INDEPENDENT]
