---
source: foolish-core/src/lib.rs
expression: output
---
SIG: dc5f586cda43023e707697692c78032300a24b1b813cbf1ccb770080d1a7b683 FoqsTa1KI7sDMzQmhjSaizS+kegNnOVKrkiNAcQmSv7e9f0WJ8caz9k30G+sH3rj0UurpQW7ZaW36NmzLi6pAg==
INPUT: {
[0] PARSED:
Brane [EMBRYONIC]
  Int(5) [INDEPENDENT]
  Brane [EMBRYONIC]
    Int(10) [INDEPENDENT]
    Int(15) [INDEPENDENT]
  Int(20) [INDEPENDENT]
RESULT:
Brane [CONSTANT]
  Int(5) [INDEPENDENT]
  Brane [CONSTANT]
    Int(10) [INDEPENDENT]
    Int(15) [INDEPENDENT]
  Int(20) [INDEPENDENT]
