---
source: foolish-core/src/lib.rs
expression: output
---
SIG: dc5f586cda43023e707697692c78032300a24b1b813cbf1ccb770080d1a7b683 AyuT/z7xjzWND0u14m7P7+QQeyqKnN5ZVk5o/l5MnzhViVpxOfX/YP3+R0qtmtS90MDz7eAuVfdmCLrw2Lk9CA==
INPUT: {a = 10 / 2; b = 10 / 0; c = 20 / 4;}
[0] PARSED:
Brane [EMBRYONIC]
  a = 
  Operator(/) [EMBRYONIC]
    Int(10) [INDEPENDENT]
    Int(2) [INDEPENDENT]
  b = 
  Operator(/) [EMBRYONIC]
    Int(10) [INDEPENDENT]
    Int(0) [INDEPENDENT]
  c = 
  Operator(/) [EMBRYONIC]
    Int(20) [INDEPENDENT]
    Int(4) [INDEPENDENT]
RESULT:
Brane [NK]
  a = 
  Int(5) [CONSTANT]
  b = 
  ??? (division by zero) [NK]
  c = 
  Int(5) [CONSTANT]
