---
source: foolish-core/src/lib.rs
expression: output
---
SIG: dc5f586cda43023e707697692c78032300a24b1b813cbf1ccb770080d1a7b683 J9DKGnTSY0chKCs9lG2hrSbizOJ9BiIlxEvrm9JWHAK+nrWctS9iZWhCmy7UoziLHdmANChYDrQuz7+lrK9jBA==
INPUT: {3 + 4;}
[0] PARSED:
Brane [EMBRYONIC]
  Operator(+) [EMBRYONIC]
    Int(3) [INDEPENDENT]
    Int(4) [INDEPENDENT]
RESULT:
Brane [CONSTANT]
  Int(7) [CONSTANT]
