---
source: foolish-core/src/lib.rs
expression: output
---
INPUT: {a = 1000000; b = 999999; c = a - b;}
[0] PARSED:
Brane [EMBRYONIC]
  a = 
  Int(1000000) [INDEPENDENT]
  b = 
  Int(999999) [INDEPENDENT]
  c = 
  Operator(-) [EMBRYONIC]
    Search(pattern='^a$', dir=BACKWARD, FREE) [EMBRYONIC]
    Search(pattern='^b$', dir=BACKWARD, FREE) [EMBRYONIC]
RESULT:
Brane [CONSTANT]
  a = 
  Int(1000000) [INDEPENDENT]
  b = 
  Int(999999) [INDEPENDENT]
  c = 
  Int(1) [CONSTANT]
