---
source: foolish-core/src/lib.rs
expression: output
---
SIG: dc5f586cda43023e707697692c78032300a24b1b813cbf1ccb770080d1a7b683 TFrXgFzEnKIGVg+X8C1G2bpqzYb3jPSMMRivZAu9b1SiAp+V02rhOFe09Q2+3huNiKBgtUM48Bata7ybZSGyDg==
INPUT: {10 + 5 - 3 * 2;}
[0] PARSED:
Brane [EMBRYONIC]
  Operator(-) [EMBRYONIC]
    Operator(+) [EMBRYONIC]
      Int(10) [INDEPENDENT]
      Int(5) [INDEPENDENT]
    Operator(*) [EMBRYONIC]
      Int(3) [INDEPENDENT]
      Int(2) [INDEPENDENT]
RESULT:
Brane [CONSTANT]
  Int(9) [CONSTANT]
