---
source: foolish-core/src/lib.rs
expression: output
---
SIG: dc5f586cda43023e707697692c78032300a24b1b813cbf1ccb770080d1a7b683 GMAm3Iw2zxn0AtfV7vHqn5o0Lf0TLzDWv/azDE9TKMoXod5OWgzlrpu1/tRxkpViIcAdIJhc3Nwu+oc6kKD+BA==
INPUT: {x = 42; outer'{inner = {y = x}; val = inner.y};}
[0] PARSED:
Brane [EMBRYONIC]
  x = 
  Int(42) [INDEPENDENT]
  outer'Brane [EMBRYONIC]
    inner = 
    Brane [EMBRYONIC]
      y = 
      Search(pattern='^x$', dir=BACKWARD, FREE) [EMBRYONIC]
    val = 
    Search(pattern='^y$', dir=BACKWARD, ANCHORED) [EMBRYONIC]
RESULT:
Brane [CONSTANT]
  x = 
  Int(42) [INDEPENDENT]
  outer'Brane [CONSTANT]
    inner = 
    Brane [CONSTANT]
      y = 
      Int(42) [INDEPENDENT]
    val = 
    Int(42) [INDEPENDENT]
