---
source: foolish-core/src/lib.rs
expression: output
---
SIG: dc5f586cda43023e707697692c78032300a24b1b813cbf1ccb770080d1a7b683 YTrE0TvZdq4F5OmqXP6aa9mURZFf4hReMp0zsZoMY/cPEsieF7CuxZsB+/WZT/2ZjPO8eQHXC0FWuODlwuBfCQ==
INPUT: {
[0] PARSED:
Brane [EMBRYONIC]
  x = 
  Int(5) [INDEPENDENT]
  result = 
  Search(pattern='y', dir=BACKWARD, ANCHORED) [EMBRYONIC]
RESULT:
Brane [CONSTANT]
  x = 
  Int(5) [INDEPENDENT]
  result = 
  Int(1) [INDEPENDENT]
