---
source: foolish-core/src/lib.rs
expression: output
---
SIG: dc5f586cda43023e707697692c78032300a24b1b813cbf1ccb770080d1a7b683 zUUWIQMqNgapvYVKHuipjk6AkuISJbk9ivhKP/tZg42a4Fsij8jJOhEUNuUwOESpn4RU7SCJU40DkX+mMlbLBg==
INPUT: {a = 10 / 0 * 5;}
[0] PARSED:
Brane [EMBRYONIC]
  a = 
  Operator(*) [EMBRYONIC]
    Operator(/) [EMBRYONIC]
      Int(10) [INDEPENDENT]
      Int(0) [INDEPENDENT]
    Int(5) [INDEPENDENT]
RESULT:
Brane [NK]
  a = 
  Operator(*) [NK]
    ??? (division by zero) [NK]
    Int(5) [INDEPENDENT]
