---
source: foolish-core/src/lib.rs
expression: output
---
SIG: dc5f586cda43023e707697692c78032300a24b1b813cbf1ccb770080d1a7b683 VSuV3BW5zxd0e8PyD4KiN10gWFxSIwlnxdhaD6uv0+7hh5vSjeM7njTvyjA+RhfwFTlegSOGoZ4QSXRj3Q8qAQ==
INPUT: {
[0] PARSED:
Brane [EMBRYONIC]
  Int(1) [INDEPENDENT]
  Int(2) [INDEPENDENT]
  Int(3) [INDEPENDENT]
RESULT:
Brane [CONSTANT]
  Int(1) [INDEPENDENT]
  Int(2) [INDEPENDENT]
  Int(3) [INDEPENDENT]
