---
source: foolish-core/src/lib.rs
expression: output
---
INPUT: {a = {x=1+2}; b = {y=3*4}; c = a b;}
[0] PARSED:
Brane [EMBRYONIC]
  a = 
  Brane [EMBRYONIC]
    x = 
    Operator(+) [EMBRYONIC]
      Int(1) [INDEPENDENT]
      Int(2) [INDEPENDENT]
  b = 
  Brane [EMBRYONIC]
    y = 
    Operator(*) [EMBRYONIC]
      Int(3) [INDEPENDENT]
      Int(4) [INDEPENDENT]
  c = 
  Concatenation(elements=2) [EMBRYONIC]
    Search(pattern='^a$', dir=BACKWARD, FREE) [EMBRYONIC]
    Search(pattern='^b$', dir=BACKWARD, FREE) [EMBRYONIC]
RESULT:
Brane [CONSTANT]
  a = 
  Brane [CONSTANT]
    x = 
    Int(3) [CONSTANT]
  b = 
  Brane [CONSTANT]
    y = 
    Int(12) [CONSTANT]
  c = 
  Brane [CONSTANT]
    x = 
    Int(3) [CONSTANT]
    y = 
    Int(12) [CONSTANT]
