---
source: foolish-core/src/lib.rs
expression: output
---
SIG: dc5f586cda43023e707697692c78032300a24b1b813cbf1ccb770080d1a7b683 1mtkGDPNxn/fccfM5ujNiDCxo6MXk3WBLF/M21SzwErDkx2h1veJBCHxByHuyinQVLk6w7us442/U0wVU4T+Dw==
INPUT: {b = {10; 20; 30}; first = b#0;}
[0] PARSED:
Brane [EMBRYONIC]
  b = 
  Brane [EMBRYONIC]
    Int(10) [INDEPENDENT]
    Int(20) [INDEPENDENT]
    Int(30) [INDEPENDENT]
  first = 
  Index(offset=0, ANCHORED) [EMBRYONIC]
RESULT:
Brane [CONSTANT]
  b = 
  Brane [CONSTANT]
    Int(10) [INDEPENDENT]
    Int(20) [INDEPENDENT]
    Int(30) [INDEPENDENT]
  first = 
  Int(10) [INDEPENDENT]
