---
source: foolish-core/src/lib.rs
expression: output
---
SIG: dc5f586cda43023e707697692c78032300a24b1b813cbf1ccb770080d1a7b683 /s19IaP2AWi6iFWHEhq11EPydiUBfP6Zet69Z1jAwctWN94ofCO4bWkRrS8+qBwwaVFkVX8p+aOnulWpUUCXDg==
INPUT: {y = x; x = 42;}
[0] PARSED:
Brane [EMBRYONIC]
  y = 
  Search(pattern='^x$', dir=BACKWARD, FREE) [EMBRYONIC]
  x = 
  Int(42) [INDEPENDENT]
RESULT:
Brane [CONSTANT]
  y = 
  Int(42) [INDEPENDENT]
  x = 
  Int(42) [INDEPENDENT]
