---
source: foolish-core/src/lib.rs
expression: output
---
SIG: dc5f586cda43023e707697692c78032300a24b1b813cbf1ccb770080d1a7b683 Cr80zvjWkUrg7USMCGCyRmZvE194YSL1PyIotI7HFpcfnd3rX9POUKKLGoxvs9opGMvkvKqUPkp6A2BdJ5cjBQ==
INPUT: {b = {10; 20}; h = b^; t = b$;}
[0] PARSED:
Brane [EMBRYONIC]
  b = 
  Brane [EMBRYONIC]
    Int(10) [INDEPENDENT]
    Int(20) [INDEPENDENT]
  h = 
  HeadTail(HEAD, ANCHORED) [EMBRYONIC]
  t = 
  HeadTail(TAIL, ANCHORED) [EMBRYONIC]
RESULT:
Brane [CONSTANT]
  b = 
  Brane [CONSTANT]
    Int(10) [INDEPENDENT]
    Int(20) [INDEPENDENT]
  h = 
  Int(10) [INDEPENDENT]
  t = 
  Int(20) [INDEPENDENT]
