---
source: foolish-core/src/lib.rs
expression: output
---
SIG: dc5f586cda43023e707697692c78032300a24b1b813cbf1ccb770080d1a7b683 534upbBJbgMfUtdUA3VyWOODFW6xRiPYXfP8Z72qwkeX2ZjyACsSzYjEzLou2E2qVpxSeFQsxROykrCNrnEwCg==
INPUT: {
[0] PARSED:
Brane [EMBRYONIC]
  brn = 
  Brane [EMBRYONIC]
    alice = 
    Int(2) [INDEPENDENT]
    bob = 
    Int(3) [INDEPENDENT]
    charlie = 
    Int(4) [INDEPENDENT]
  result1 = 
  Search(pattern='a.*', dir=BACKWARD, ANCHORED) [EMBRYONIC]
  result2 = 
  Search(pattern='b.*', dir=BACKWARD, ANCHORED) [EMBRYONIC]
RESULT:
Brane [CONSTANT]
  brn = 
  Brane [CONSTANT]
    alice = 
    Int(2) [INDEPENDENT]
    bob = 
    Int(3) [INDEPENDENT]
    charlie = 
    Int(4) [INDEPENDENT]
  result1 = 
  Int(2) [INDEPENDENT]
  result2 = 
  Int(3) [INDEPENDENT]
