---
source: foolish-core/src/lib.rs
expression: output
---
SIG: dc5f586cda43023e707697692c78032300a24b1b813cbf1ccb770080d1a7b683 pSxMakK+j6DXRqKnzOUaNQmH3WsNJkdnlWnQtXa0sJy7+/MIB4Xv8/YTqXm1PIXoxz659nSiE4vElMkfzsBXCg==
INPUT: {
[0] PARSED:
Brane [EMBRYONIC]
  x = 
  Int(10) [INDEPENDENT]
  y = 
  Int(20) [INDEPENDENT]
  Operator(+) [EMBRYONIC]
    Search(pattern='^x$', dir=BACKWARD, FREE) [EMBRYONIC]
    Search(pattern='^y$', dir=BACKWARD, FREE) [EMBRYONIC]
RESULT:
Brane [CONSTANT]
  x = 
  Int(10) [INDEPENDENT]
  y = 
  Int(20) [INDEPENDENT]
  Int(30) [CONSTANT]
