---
source: foolish-core/src/lib.rs
expression: output
---
SIG: dc5f586cda43023e707697692c78032300a24b1b813cbf1ccb770080d1a7b683 8cSQIAZsMnjugZbeTyS6tY6rdh0vqfRhcPzDNkLqt15via/KzpAE8IwaCczfxQQIdLp5qkDf6kxxUgOSJLWbCg==
INPUT: {1 + 2 + 3 + 4;}
[0] PARSED:
Brane [EMBRYONIC]
  Operator(+) [EMBRYONIC]
    Operator(+) [EMBRYONIC]
      Operator(+) [EMBRYONIC]
        Int(1) [INDEPENDENT]
        Int(2) [INDEPENDENT]
      Int(3) [INDEPENDENT]
    Int(4) [INDEPENDENT]
RESULT:
Brane [CONSTANT]
  Int(10) [CONSTANT]
