---
source: foolish-core/src/lib.rs
expression: output
---
SIG: dc5f586cda43023e707697692c78032300a24b1b813cbf1ccb770080d1a7b683 FaAzFI9SrdTIMaEqEJI1MwLtk6Tc/fSkN5Mzl6DlmxtCP8l8bUamF8JrFHx+LqKdz8JXODwiK6GBX9/9p758Bg==
INPUT: {a = -3 * 4; b = -3 + 4;}
[0] PARSED:
Brane [EMBRYONIC]
  a = 
  Operator(*) [EMBRYONIC]
    Operator(-) [EMBRYONIC]
      Int(3) [INDEPENDENT]
    Int(4) [INDEPENDENT]
  b = 
  Operator(+) [EMBRYONIC]
    Operator(-) [EMBRYONIC]
      Int(3) [INDEPENDENT]
    Int(4) [INDEPENDENT]
RESULT:
Brane [CONSTANT]
  a = 
  Int(-12) [CONSTANT]
  b = 
  Int(1) [CONSTANT]
