---
source: foolish-core/src/lib.rs
expression: output
---
SIG: dc5f586cda43023e707697692c78032300a24b1b813cbf1ccb770080d1a7b683 jOkymZxdiOBzrsWXRWDNyPW2uPB3jeZ8SuZtSjs9ZgSRjk7aa3RYNX0u/UppSxQtvNZiSMp9E/hubnWPk4spCg==
INPUT: {b = {42}; h = b^; t = b$;}
[0] PARSED:
Brane [EMBRYONIC]
  b = 
  Brane [EMBRYONIC]
    Int(42) [INDEPENDENT]
  h = 
  HeadTail(HEAD, ANCHORED) [EMBRYONIC]
  t = 
  HeadTail(TAIL, ANCHORED) [EMBRYONIC]
RESULT:
Brane [CONSTANT]
  b = 
  Brane [CONSTANT]
    Int(42) [INDEPENDENT]
  h = 
  Int(42) [INDEPENDENT]
  t = 
  Int(42) [INDEPENDENT]
