---
source: foolish-core/src/lib.rs
expression: output
---
SIG: dc5f586cda43023e707697692c78032300a24b1b813cbf1ccb770080d1a7b683 bZeAFyks3TeyVAQ2IEXzV2hAZKNuR2Dd6T7C+foW0dOSgayUWZqNDEXEZJRPO8CVI7NnsVkyYxNzbAcPLKVIBA==
INPUT: {
[0] PARSED:
Brane [EMBRYONIC]
  a = 
  Int(1) [INDEPENDENT]
  b = 
  Brane [EMBRYONIC]
    Int(2) [INDEPENDENT]
    Int(3) [INDEPENDENT]
    Int(4) [INDEPENDENT]
  c = 
  Operator($) [EMBRYONIC]
    Index(offset=-1, FREE) [EMBRYONIC]
    Index(offset=-1, FREE) [EMBRYONIC]
RESULT:
Brane [NK]
  a = 
  Int(1) [INDEPENDENT]
  b = 
  Brane [CONSTANT]
    Int(2) [INDEPENDENT]
    Int(3) [INDEPENDENT]
    Int(4) [INDEPENDENT]
  c = 
  Operator($) [NK]
    ??? (constanic_clone called on NYE FIR) [NK]
    ??? (constanic_clone called on NYE FIR) [NK]
