---
source: foolish-core/src/lib.rs
expression: output
---
SIG: dc5f586cda43023e707697692c78032300a24b1b813cbf1ccb770080d1a7b683 J4kdk09vIu6FCwL1kdJpK6VD1nfN4m1IuRxy+yvCx2Rl3ViQXoWylKacDrBm2B7RLu13WOcWnhYnTpLSgu0YDg==
INPUT: {
[0] PARSED:
Brane [EMBRYONIC]
  b = 
  Brane [EMBRYONIC]
    α = 
    Int(100) [INDEPENDENT]
    β = 
    Int(200) [INDEPENDENT]
  head = 
  HeadTail(HEAD, ANCHORED) [EMBRYONIC]
  tail = 
  HeadTail(TAIL, ANCHORED) [EMBRYONIC]
  found = 
  Search(pattern='α', dir=BACKWARD, ANCHORED) [EMBRYONIC]
RESULT:
Brane [CONSTANT]
  b = 
  Brane [CONSTANT]
    α = 
    Int(100) [INDEPENDENT]
    β = 
    Int(200) [INDEPENDENT]
  head = 
  Int(100) [INDEPENDENT]
  tail = 
  Int(200) [INDEPENDENT]
  found = 
  Int(100) [INDEPENDENT]
