---
source: foolish-core/src/lib.rs
expression: output
---
SIG: dc5f586cda43023e707697692c78032300a24b1b813cbf1ccb770080d1a7b683 HO7qqfcDBD+Pr4STYbVt2l8klEqCxicU4QsZzru8TQhyccTpSTb79kGrGIn2UsDCjGY9ZZBubtTSeDs3Ekh0AA==
INPUT: {x=5, y=7, z=#-2 + #-1;}
[0] PARSED:
Brane [EMBRYONIC]
  x = 
  Int(5) [INDEPENDENT]
  y = 
  Int(7) [INDEPENDENT]
  z = 
  Operator(+) [EMBRYONIC]
    Index(offset=-2, FREE) [EMBRYONIC]
    Index(offset=-1, FREE) [EMBRYONIC]
RESULT:
Brane [CONSTANT]
  x = 
  Int(5) [INDEPENDENT]
  y = 
  Int(7) [INDEPENDENT]
  z = 
  Int(12) [CONSTANT]
