---
source: foolish-core/src/lib.rs
expression: output
---
SIG: dc5f586cda43023e707697692c78032300a24b1b813cbf1ccb770080d1a7b683 qZzFC7h7/F8j6ICoc/ZEu9yxFUSdKP/NbOeEyoX5b2PLAweHUYkn3ySrm8VviU2SKpqAN1O/te45NY+9+BljAw==
INPUT: {a = 1; b = 2; sff = <<a + b>>; sf = <sff>; a = 10; sf; sff;}
[0] PARSED:
Brane [EMBRYONIC]
  a = 
  Int(1) [INDEPENDENT]
  b = 
  Int(2) [INDEPENDENT]
  sff = 
  StayFullyFoolish [INDEPENDENT]
    Operator(+) [EMBRYONIC]
      Search(pattern='^a$', dir=BACKWARD, FREE) [EMBRYONIC]
      Search(pattern='^b$', dir=BACKWARD, FREE) [EMBRYONIC]
  sf = 
  StayFoolish [EMBRYONIC]
    Search(pattern='^sff$', dir=BACKWARD, FREE) [EMBRYONIC]
  a = 
  Int(10) [INDEPENDENT]
  Search(pattern='^sf$', dir=BACKWARD, FREE) [EMBRYONIC]
  Search(pattern='^sff$', dir=BACKWARD, FREE) [EMBRYONIC]
RESULT:
Brane [WOCONSTANIC]
  a = 
  Int(1) [INDEPENDENT]
  b = 
  Int(2) [INDEPENDENT]
  sff = 
  StayFullyFoolish [INDEPENDENT]
    Operator(+) [EMBRYONIC]
      Search(pattern='^a$', dir=BACKWARD, FREE) [CONSTANT]
      Search(pattern='^b$', dir=BACKWARD, FREE) [CONSTANT]
  sf = 
  StayFoolish [CONSTANT]
    Search(pattern='^sff$', dir=BACKWARD, FREE) [CONSTANT]
      Int(12) [CONSTANT]
  a = 
  Int(10) [INDEPENDENT]
  Search(pattern='^sf$', dir=BACKWARD, FREE) [WOCONSTANIC]
    Search(pattern='^sff$', dir=BACKWARD, FREE) [WOCONSTANIC]
      Operator(+) [WOCONSTANIC]
        Search(pattern='^a$', dir=BACKWARD, FREE) [CONSTANT]
        Search(pattern='^b$', dir=BACKWARD, FREE) [CONSTANT]
  Search(pattern='^sff$', dir=BACKWARD, FREE) [WOCONSTANIC]
    Operator(+) [WOCONSTANIC]
      Search(pattern='^a$', dir=BACKWARD, FREE) [CONSTANT]
      Search(pattern='^b$', dir=BACKWARD, FREE) [CONSTANT]
