---
source: foolish-core/src/lib.rs
expression: output
---
SIG: dc5f586cda43023e707697692c78032300a24b1b813cbf1ccb770080d1a7b683 8TBOAQSwpLhv0N9DXEBVHoIhxnGahEXIa8U859AH4jiNg/LRcw0zHgqCR+GNE68sFr5sqm82QJdjEVnovvaQDg==
INPUT: {a=1, b=2, c=3, d=4, e=5, f=6; expr = #-1 + #-2 + #-3 + #-4 + #-5 + #-6;}
[0] PARSED:
Brane [EMBRYONIC]
  a = 
  Int(1) [INDEPENDENT]
  b = 
  Int(2) [INDEPENDENT]
  c = 
  Int(3) [INDEPENDENT]
  d = 
  Int(4) [INDEPENDENT]
  e = 
  Int(5) [INDEPENDENT]
  f = 
  Int(6) [INDEPENDENT]
  expr = 
  Operator(+) [EMBRYONIC]
    Operator(+) [EMBRYONIC]
      Operator(+) [EMBRYONIC]
        Operator(+) [EMBRYONIC]
          Operator(+) [EMBRYONIC]
            Index(offset=-1, FREE) [EMBRYONIC]
            Index(offset=-2, FREE) [EMBRYONIC]
          Index(offset=-3, FREE) [EMBRYONIC]
        Index(offset=-4, FREE) [EMBRYONIC]
      Index(offset=-5, FREE) [EMBRYONIC]
    Index(offset=-6, FREE) [EMBRYONIC]
RESULT:
Brane [CONSTANT]
  a = 
  Int(1) [INDEPENDENT]
  b = 
  Int(2) [INDEPENDENT]
  c = 
  Int(3) [INDEPENDENT]
  d = 
  Int(4) [INDEPENDENT]
  e = 
  Int(5) [INDEPENDENT]
  f = 
  Int(6) [INDEPENDENT]
  expr = 
  Int(21) [CONSTANT]
