---
source: foolish-core/src/lib.rs
expression: output
---
SIG: dc5f586cda43023e707697692c78032300a24b1b813cbf1ccb770080d1a7b683 rATtAygaHNXmZisfb6R1gu2pp151uFg0DCaupYIS/GhYyv0AQEmES1CM3LOFOGQ+EQ28InMMR6iyYzlv1CkMCQ==
INPUT: {b = {a = {x = 1}; b = 2}; r = b?a;}
[0] PARSED:
Brane [EMBRYONIC]
  b = 
  Brane [EMBRYONIC]
    a = 
    Brane [EMBRYONIC]
      x = 
      Int(1) [INDEPENDENT]
    b = 
    Int(2) [INDEPENDENT]
  r = 
  Search(pattern='a', dir=BACKWARD, ANCHORED) [EMBRYONIC]
RESULT:
Brane [CONSTANT]
  b = 
  Brane [CONSTANT]
    a = 
    Brane [CONSTANT]
      x = 
      Int(1) [INDEPENDENT]
    b = 
    Int(2) [INDEPENDENT]
  r = 
  Brane [CONSTANT]
    x = 
    Int(1) [INDEPENDENT]
