---
source: foolish-core/src/lib.rs
expression: output
---
INPUT: {b = {{1; 2}; {3; 4}}$; c = b^; d = b$;}
[0] PARSED:
Brane [EMBRYONIC]
  b = 
  HeadTail(TAIL, ANCHORED) [EMBRYONIC]
  c = 
  HeadTail(HEAD, ANCHORED) [EMBRYONIC]
  d = 
  HeadTail(TAIL, ANCHORED) [EMBRYONIC]
RESULT:
Brane [CONSTANT]
  b = 
  Brane [CONSTANT]
    Int(3) [INDEPENDENT]
    Int(4) [INDEPENDENT]
  c = 
  Int(3) [INDEPENDENT]
  d = 
  Int(4) [INDEPENDENT]
