---
source: foolish-core/src/lib.rs
expression: output
---
SIG: dc5f586cda43023e707697692c78032300a24b1b813cbf1ccb770080d1a7b683 LvD++aRdWlfspLsgjZgJ0axULwyJ7YAs4V47cCdySA5HwLecOCs9ZE4B+fosybNOpTmDa3XsozZ+FfGg2ksMCA==
INPUT: {a=1, b=2, c=3; result = #-1 * #-2 + #-3;}
[0] PARSED:
Brane [EMBRYONIC]
  a = 
  Int(1) [INDEPENDENT]
  b = 
  Int(2) [INDEPENDENT]
  c = 
  Int(3) [INDEPENDENT]
  result = 
  Operator(+) [EMBRYONIC]
    Operator(*) [EMBRYONIC]
      Index(offset=-1, FREE) [EMBRYONIC]
      Index(offset=-2, FREE) [EMBRYONIC]
    Index(offset=-3, FREE) [EMBRYONIC]
RESULT:
Brane [CONSTANT]
  a = 
  Int(1) [INDEPENDENT]
  b = 
  Int(2) [INDEPENDENT]
  c = 
  Int(3) [INDEPENDENT]
  result = 
  Int(7) [CONSTANT]
