---
source: foolish-core/src/ubc_snapshot_tester.rs
assertion_line: 52
---
INPUT:
```foolish
{b = {10; 20; 30}; last = b#-1; second = b#1; first = b#-3; oob = b#-4;}
```
[0] RESULT:
```hfssnap
{NK
  b={
      10;
      20;
      30
  };
  last=30;
  second=20;
  first=10;
  oob=#(result=?(pattern='^b$', UNANCHORED), offset=-4, ANCHORED, NK)
}
```
COMMENTS:
```markdown
anchored_seek_negative_boundary
```
SIGNATURES:
Public key: dc5f586cda43023e707697692c78032300a24b1b813cbf1ccb770080d1a7b683
Foolish signature: Hz+E00U3C3CsBvmDBDvsvrUBkxqorumzrBINQuB6usuo3Tc+B3G3S66sRaCAd8nWs36mDjbYF6rjX7Ps0UoJBw==
HFS signature: bwfyi1JNHDIF+aA01i6mZkABdjwwNQkS/m2QktXozCEfLvMox1w0HOOOz0AryRd5RMsk6Xf0JNzx9ro/q7PVCg==
Comments signature: tXLnxbWejJHGshEKY/tK3avztg1uYttGsa28QSD1ayONkt4OSuX1yWQhO/rrcp5c+flLw+X2Yeog9P4R/S7mDw==
