---
source: foolish-core/src/ubc_snapshot_tester.rs
assertion_line: 52
---
INPUT:
```foolish
{a=1, b=2; inner = {c = <<a+b>>; c}; inner;}
```
[0] RESULT:
```hfssnap
{
  a=1;
  b=2;
  inner={
      c=Op+(?(pattern='^a$', UNANCHORED), ?(pattern='^b$', UNANCHORED), EMBRYONIC);
      3
  };
  {
    c=Op+(?(pattern='^a$', UNANCHORED), ?(pattern='^b$', UNANCHORED), EMBRYONIC);
    3
  }
}
```
COMMENTS:
```markdown
complex_sff_in_nested_brane
```
SIGNATURES:
Public key: dc5f586cda43023e707697692c78032300a24b1b813cbf1ccb770080d1a7b683
Foolish signature: ZIgjfGeL3aOiCFGthil+qpoFORBgbUiJ34yeWevLnvPP3orwUnFqJRnzpA9oKsQVY98pCPWMFeTGN4RdIqe4DA==
HFS signature: e6l94UoN7pcBNWzHd2/CoggE0hqWuCEga5hwXWgF3YivfjINMp9C80E9tW0A4VKNbIuuH6+QOvFCbeGEg8f0DQ==
Comments signature: I0miTANmTX9DxbQd2ztp9Ks6zyaJHiPX/HIcB+grON7sIfC+ieTImwdQ03TGcfPjATFdfioy72RAfiXdWqZOAQ==
