---
source: foolish-core/src/ubc_snapshot_tester.rs
assertion_line: 52
---
INPUT:
```foolish
{x = 10; y = 20; x + y;}
```
[0] RESULT:
```hfssnap
{
  x=10;
  y=20;
  30
}
```
COMMENTS:
```markdown
identifier_in_expression
```
SIGNATURES:
Public key: dc5f586cda43023e707697692c78032300a24b1b813cbf1ccb770080d1a7b683
Foolish signature: 7ozt9RCYuoElt8AT/8HwQXLNolGwQeGfGp6QXW2l4G9HiDSqgMoDrlfV0a8zVJmnIMocjtS988Zlpfk+glwEBQ==
HFS signature: KJAuGaAglM9UmoNXZ7wxuYAOR+h3W4LeZcoCD+MS+tdMeqL3VCN6+4Uu+Q3kj2MXjJVLEvzLESkjAzG3iZCjDg==
Comments signature: zICH15qoLJf0Yr/6uVziDl/8S+lisNuYVuFPTo+40s0/mJZpR0na1st6DThJuQcpJ1JKSo15rMr5edMq/Y8VAQ==
