---
source: foolish-core/src/ubc_snapshot_tester.rs
assertion_line: 50
---
INPUT:
```foolish
{((((5))));}
```
[0] RESULT:
```hfssnap
{
  5
}
```
COMMENTS:
```markdown
single_parenthesized_expression
```
SIGNATURES:
Public key: dc5f586cda43023e707697692c78032300a24b1b813cbf1ccb770080d1a7b683
Foolish signature: RayDE9YKR/NULiujaJ7xWVcpjeMiAe4vRtvSafinExRDYCQMBKreJpBAkTlU8EI4CdCzukhaE3B+ZoSvDUQNAg==
HFS signature: i4vOVJV4CVdZdVeyRVGIy2HYq3mySXFJXKDocMcfjLEgfmdUr1QMvV3I3gJ3YuD78fMApdNqlJinqbY5R7TgCA==
Comments signature: tR6eMmiXNRExT4rYidA7YFd60CfLoec13NPjulV3omZ/pFGy8WAWBOSwTqKs0E7Sk/4qrRihAFX7GY2EGOfbBg==
