---
source: foolish-core/src/ubc_snapshot_tester.rs
assertion_line: 50
---
INPUT:
```foolish
{a = 1; b = 2; c = #-1 + #-2;}
```
[0] RESULT:
```hfssnap
{
  a=1;
  b=2;
  c=3
}
```
COMMENTS:
```markdown
unanchored_seek_basic
```
SIGNATURES:
Public key: dc5f586cda43023e707697692c78032300a24b1b813cbf1ccb770080d1a7b683
Foolish signature: YPvvOm304mXIvmbyySykn8ggf4G+zPmBF73+vG6JCZ8IpevpJ8X6nK4z8zel+zYJZj6h6kEnGB1N9XEq/TcoAQ==
HFS signature: H+tpWAGpYXLK/eBxdwP7JD2UVe17jkN1jOhnHN1XjJU9vjj5XzGnZpxYKeockuqkCSo3Yy+x53x0rytDdGH7Ag==
Comments signature: hj2t5fLi1nY94TcpGKxHV5jGEfY5sQmRrXbQUSzcn58Eu0xbykl6OKNw/55babqOeFCuFGyLDyWFX5o2GF0jAA==
